WARNING: package sun.awt.X11 not in java.desktop
WARN StatusConsoleListener The use of package scanning to locate plugins is deprecated and will be removed in a future release
WARN StatusConsoleListener The use of package scanning to locate plugins is deprecated and will be removed in a future release
WARN StatusConsoleListener The use of package scanning to locate plugins is deprecated and will be removed in a future release
WARN StatusConsoleListener The use of package scanning to locate plugins is deprecated and will be removed in a future release
Creating summariser <summary>
Created the tree successfully using /Users/kunda/Documents/hw/hw05/test-plans/23127035_Spike_20260903.jmx
Starting standalone test @ 2026 Sep 3 17:54:38 ICT (1788432878701)
Waiting for possible Shutdown/StopTestNow/HeapDump/ThreadDump message on port 4445
summary +    163 in 00:00:21 =    7.7/s Avg:     3 Min:     1 Max:    21 Err:     0 (0.00%) Active: 3 Started: 3 Finished: 0
summary +    664 in 00:00:30 =   22.2/s Avg:     2 Min:     0 Max:     8 Err:     0 (0.00%) Active: 30 Started: 33 Finished: 3
summary =    827 in 00:00:51 =   16.2/s Avg:     3 Min:     0 Max:    21 Err:     0 (0.00%)
summary +   2045 in 00:00:30 =   68.0/s Avg:     2 Min:     0 Max:    11 Err:     0 (0.00%) Active: 3 Started: 36 Finished: 33
summary =   2872 in 00:01:21 =   35.3/s Avg:     2 Min:     0 Max:    21 Err:     0 (0.00%)
summary +    253 in 00:00:30 =    8.4/s Avg:     2 Min:     0 Max:     7 Err:     0 (0.00%) Active: 3 Started: 36 Finished: 33
summary =   3125 in 00:01:51 =   28.1/s Avg:     2 Min:     0 Max:    21 Err:     0 (0.00%)
summary +     72 in 00:00:09 =    8.4/s Avg:     2 Min:     1 Max:     7 Err:     0 (0.00%) Active: 0 Started: 36 Finished: 36
summary =   3197 in 00:02:00 =   26.7/s Avg:     2 Min:     0 Max:    21 Err:     0 (0.00%)
Tidying up ...    @ 2026 Sep 3 17:56:38 ICT (1788432998751)
... end of run
