2026-09-01 17:37:48,979 INFO o.a.j.u.JMeterUtils: Setting Locale to en_EN
2026-09-01 17:37:48,986 INFO o.a.j.JMeter: Loading user properties from: /opt/homebrew/Cellar/jmeter/5.6.3/libexec/bin/user.properties
2026-09-01 17:37:48,987 INFO o.a.j.JMeter: Loading system properties from: /opt/homebrew/Cellar/jmeter/5.6.3/libexec/bin/system.properties
2026-09-01 17:37:48,987 INFO o.a.j.JMeter: Setting JMeter property: jmeter.save.saveservice.output_format=csv
2026-09-01 17:37:48,987 INFO o.a.j.JMeter: Setting JMeter property: jmeter.save.saveservice.print_field_names=true
2026-09-01 17:37:48,987 INFO o.a.j.JMeter: Setting JMeter property: jmeter.save.saveservice.connect_time=true
2026-09-01 17:37:48,987 INFO o.a.j.JMeter: Setting JMeter property: jmeter.save.saveservice.latency=true
2026-09-01 17:37:48,987 INFO o.a.j.JMeter: Setting JMeter property: jmeter.save.saveservice.bytes=true
2026-09-01 17:37:48,987 INFO o.a.j.JMeter: Setting JMeter property: jmeter.save.saveservice.sent_bytes=true
2026-09-01 17:37:48,987 INFO o.a.j.JMeter: Setting JMeter property: jmeter.save.saveservice.thread_counts=true
2026-09-01 17:37:48,987 INFO o.a.j.JMeter: Setting JMeter property: jmeter.save.saveservice.assertion_results_failure_message=true
2026-09-01 17:37:48,987 INFO o.a.j.JMeter: Setting JMeter property: port=3001
2026-09-01 17:37:48,989 INFO o.a.j.JMeter: Copyright (c) 1998-2024 The Apache Software Foundation
2026-09-01 17:37:48,989 INFO o.a.j.JMeter: Version 5.6.3
2026-09-01 17:37:48,989 INFO o.a.j.JMeter: java.version=21.0.12.1
2026-09-01 17:37:48,989 INFO o.a.j.JMeter: java.vm.name=OpenJDK 64-Bit Server VM
2026-09-01 17:37:48,989 INFO o.a.j.JMeter: os.name=Mac OS X
2026-09-01 17:37:48,989 INFO o.a.j.JMeter: os.arch=aarch64
2026-09-01 17:37:48,989 INFO o.a.j.JMeter: os.version=26.5.1
2026-09-01 17:37:48,989 INFO o.a.j.JMeter: file.encoding=UTF-8
2026-09-01 17:37:48,989 INFO o.a.j.JMeter: java.awt.headless=true
2026-09-01 17:37:48,989 INFO o.a.j.JMeter: Max memory     =1073741824
2026-09-01 17:37:48,989 INFO o.a.j.JMeter: Available Processors =10
2026-09-01 17:37:48,992 INFO o.a.j.JMeter: Default Locale=English (EN)
2026-09-01 17:37:48,992 INFO o.a.j.JMeter: JMeter  Locale=English (EN)
2026-09-01 17:37:48,992 INFO o.a.j.JMeter: JMeterHome=/opt/homebrew/Cellar/jmeter/5.6.3/libexec
2026-09-01 17:37:48,992 INFO o.a.j.JMeter: user.dir  =/Users/kunda/Documents/hw/hw05
2026-09-01 17:37:48,992 INFO o.a.j.JMeter: PWD       =/Users/kunda/Documents/hw/hw05
2026-09-01 17:37:48,994 INFO o.a.j.JMeter: IP: 127.0.0.1 Name: MacBook-Air-cua-KunDa.local FullName: localhost
2026-09-01 17:37:49,000 INFO o.a.j.JMeter: Setting property 'jmeter.reportgenerator.outputdir' to:'/Users/kunda/Documents/hw/hw05/reports/23127035_Soak_20260831'
2026-09-01 17:37:49,001 INFO o.a.j.s.FileServer: Default base='/Users/kunda/Documents/hw/hw05'
2026-09-01 17:37:49,001 INFO o.a.j.s.FileServer: Set new base='/Users/kunda/Documents/hw/hw05/test-plans'
2026-09-01 17:37:49,060 INFO o.a.j.s.SaveService: Testplan (JMX) version: 2.2. Testlog (JTL) version: 2.2
2026-09-01 17:37:49,070 INFO o.a.j.s.SaveService: Using SaveService properties version 5.0
2026-09-01 17:37:49,071 INFO o.a.j.s.SaveService: Using SaveService properties file encoding UTF-8
2026-09-01 17:37:49,072 INFO o.a.j.s.SaveService: Loading file: /Users/kunda/Documents/hw/hw05/test-plans/23127035_Soak_20260831.jmx
2026-09-01 17:37:49,097 INFO o.a.j.p.h.s.HTTPSamplerBase: Parser for text/html is org.apache.jmeter.protocol.http.parser.LagartoBasedHtmlParser
2026-09-01 17:37:49,097 INFO o.a.j.p.h.s.HTTPSamplerBase: Parser for application/xhtml+xml is org.apache.jmeter.protocol.http.parser.LagartoBasedHtmlParser
2026-09-01 17:37:49,097 INFO o.a.j.p.h.s.HTTPSamplerBase: Parser for application/xml is org.apache.jmeter.protocol.http.parser.LagartoBasedHtmlParser
2026-09-01 17:37:49,097 INFO o.a.j.p.h.s.HTTPSamplerBase: Parser for text/xml is org.apache.jmeter.protocol.http.parser.LagartoBasedHtmlParser
2026-09-01 17:37:49,097 INFO o.a.j.p.h.s.HTTPSamplerBase: Parser for text/vnd.wap.wml is org.apache.jmeter.protocol.http.parser.RegexpHTMLParser
2026-09-01 17:37:49,097 INFO o.a.j.p.h.s.HTTPSamplerBase: Parser for text/css is org.apache.jmeter.protocol.http.parser.CssParser
2026-09-01 17:37:49,113 INFO o.a.j.JMeter: Creating summariser <summary>
2026-09-01 17:37:49,117 INFO o.a.j.r.d.ReportGenerator: ReportGenerator will use for Parsing the separator: ','
2026-09-01 17:37:49,117 INFO o.a.j.r.d.ReportGenerator: Will generate report at end of test from  results file: /Users/kunda/Documents/hw/hw05/results/23127035_Soak_20260831.jtl
2026-09-01 17:37:49,117 INFO o.a.j.r.d.ReportGenerator: Reading report generator properties from: /opt/homebrew/Cellar/jmeter/5.6.3/libexec/bin/reportgenerator.properties
2026-09-01 17:37:49,118 INFO o.a.j.r.d.ReportGenerator: Merging with JMeter properties
2026-09-01 17:37:49,119 INFO o.a.j.r.c.ReportGeneratorConfiguration: Property 'jmeter.reportgenerator.temp_dir' not found, using default value 'temp' instead.
2026-09-01 17:37:49,120 INFO o.a.j.r.c.ReportGeneratorConfiguration: Property 'jmeter.reportgenerator.apdex_per_transaction' not found, using default value 'null' instead.
2026-09-01 17:37:49,120 INFO o.a.j.r.c.ReportGeneratorConfiguration: apdex_per_transaction is empty, not APDEX per transaction customization
2026-09-01 17:37:49,120 INFO o.a.j.r.c.ReportGeneratorConfiguration: Property 'jmeter.reportgenerator.sample_filter' not found, using default value 'null' instead.
2026-09-01 17:37:49,120 INFO o.a.j.r.c.ReportGeneratorConfiguration: Property 'jmeter.reportgenerator.report_title' not found, using default value 'null' instead.
2026-09-01 17:37:49,120 INFO o.a.j.r.c.ReportGeneratorConfiguration: Property 'jmeter.reportgenerator.start_date' not found, using default value 'null' instead.
2026-09-01 17:37:49,120 INFO o.a.j.r.c.ReportGeneratorConfiguration: Property 'jmeter.reportgenerator.end_date' not found, using default value 'null' instead.
2026-09-01 17:37:49,120 INFO o.a.j.r.c.ReportGeneratorConfiguration: Property 'jmeter.reportgenerator.date_format' not found, using default value 'null' instead.
2026-09-01 17:37:49,120 INFO o.a.j.r.c.ReportGeneratorConfiguration: Will use date range start date: null, end date: null
2026-09-01 17:37:49,122 INFO o.a.j.r.c.ReportGeneratorConfiguration: Property 'jmeter.reportgenerator.graph.totalTPS.exclude_controllers' not found, using default value 'false' instead.
2026-09-01 17:37:49,122 INFO o.a.j.r.c.ReportGeneratorConfiguration: Property 'jmeter.reportgenerator.graph.activeThreadsOverTime.exclude_controllers' not found, using default value 'false' instead.
2026-09-01 17:37:49,122 INFO o.a.j.r.c.ReportGeneratorConfiguration: Property 'jmeter.reportgenerator.graph.timeVsThreads.exclude_controllers' not found, using default value 'false' instead.
2026-09-01 17:37:49,122 INFO o.a.j.r.c.ReportGeneratorConfiguration: Property 'jmeter.reportgenerator.graph.responseTimeDistribution.exclude_controllers' not found, using default value 'false' instead.
2026-09-01 17:37:49,122 INFO o.a.j.r.c.ReportGeneratorConfiguration: Property 'jmeter.reportgenerator.graph.transactionsPerSecond.exclude_controllers' not found, using default value 'false' instead.
2026-09-01 17:37:49,122 INFO o.a.j.r.c.ReportGeneratorConfiguration: Property 'jmeter.reportgenerator.graph.responseTimePercentiles.exclude_controllers' not found, using default value 'false' instead.
2026-09-01 17:37:49,122 INFO o.a.j.r.c.ReportGeneratorConfiguration: Property 'jmeter.reportgenerator.graph.responseTimePercentilesOverTime.exclude_controllers' not found, using default value 'false' instead.
2026-09-01 17:37:49,122 INFO o.a.j.r.c.ReportGeneratorConfiguration: Property 'jmeter.reportgenerator.graph.responseTimesOverTime.exclude_controllers' not found, using default value 'false' instead.
2026-09-01 17:37:49,122 INFO o.a.j.r.c.ReportGeneratorConfiguration: Property 'jmeter.reportgenerator.graph.connectTimeOverTime.exclude_controllers' not found, using default value 'false' instead.
2026-09-01 17:37:49,122 INFO o.a.j.r.c.ReportGeneratorConfiguration: Property 'jmeter.reportgenerator.graph.latenciesOverTime.exclude_controllers' not found, using default value 'false' instead.
2026-09-01 17:37:49,122 INFO o.a.j.r.c.ReportGeneratorConfiguration: Property 'jmeter.reportgenerator.exporter.json.filters_only_sample_series' not found, using default value 'true' instead.
2026-09-01 17:37:49,122 INFO o.a.j.r.c.ReportGeneratorConfiguration: Property 'jmeter.reportgenerator.exporter.json.series_filter' not found, using default value '' instead.
2026-09-01 17:37:49,122 INFO o.a.j.r.c.ReportGeneratorConfiguration: Property 'jmeter.reportgenerator.exporter.json.show_controllers_only' not found, using default value 'false' instead.
2026-09-01 17:37:49,122 INFO o.a.j.r.c.ReportGeneratorConfiguration: Property 'jmeter.reportgenerator.exporter.html.filters_only_sample_series' not found, using default value 'true' instead.
2026-09-01 17:37:49,122 INFO o.a.j.r.c.ReportGeneratorConfiguration: Property 'jmeter.reportgenerator.exporter.html.series_filter' not found, using default value '' instead.
2026-09-01 17:37:49,122 INFO o.a.j.r.c.ReportGeneratorConfiguration: Property 'jmeter.reportgenerator.exporter.html.show_controllers_only' not found, using default value 'false' instead.
2026-09-01 17:37:49,126 INFO o.a.j.e.StandardJMeterEngine: Running the test!
2026-09-01 17:37:49,126 INFO o.a.j.s.SampleEvent: List of sample_variables: []
2026-09-01 17:37:49,126 INFO o.a.j.s.SampleEvent: List of sample_variables: []
2026-09-01 17:37:49,127 INFO o.a.j.e.u.CompoundVariable: Note: Function class names must contain the string: '.functions.'
2026-09-01 17:37:49,128 INFO o.a.j.e.u.CompoundVariable: Note: Function class names must not contain the string: '.gui.'
2026-09-01 17:37:49,140 INFO o.a.j.r.ClassFinder: Will scan jar /opt/homebrew/Cellar/jmeter/5.6.3/libexec/lib/ext/jmeter-plugins-manager-1.9.jar with filter ExtendsClassFilter [parents=[interface org.apache.jmeter.functions.Function], inner=false, contains=null, notContains=null]. Consider exposing JMeter plugins via META-INF/services, and add JMeter-Skip-Class-Scanning=true manifest attribute so JMeter can skip classfile scanning
2026-09-01 17:37:49,240 INFO o.a.j.JMeter: Running test (1788259069240)
2026-09-01 17:37:49,248 INFO o.a.j.e.StandardJMeterEngine: Starting ThreadGroup: 1 : Soak - 30 VUs sustained
2026-09-01 17:37:49,248 INFO o.a.j.e.StandardJMeterEngine: Starting 30 threads for group Soak - 30 VUs sustained.
2026-09-01 17:37:49,248 INFO o.a.j.e.StandardJMeterEngine: Thread will continue on error
2026-09-01 17:37:49,248 INFO o.a.j.t.ThreadGroup: Starting thread group... number=1 threads=30 ramp-up=30 delayedStart=false
2026-09-01 17:37:49,255 INFO o.a.j.t.JMeterThread: Thread started: Soak - 30 VUs sustained 1-1
2026-09-01 17:37:49,255 INFO o.a.j.s.FileServer: Stored: ../data/performance_users.csv
2026-09-01 17:37:49,259 INFO o.a.j.t.ThreadGroup: Started thread group number 1
2026-09-01 17:37:49,259 INFO o.a.j.e.StandardJMeterEngine: All thread groups have been started
2026-09-01 17:37:49,770 INFO o.a.j.p.h.s.HTTPHCAbstractImpl: Local host = MacBook-Air-cua-KunDa.local
2026-09-01 17:37:49,775 INFO o.a.j.p.h.s.HTTPHC4Impl: HTTP request retry count = 0
2026-09-01 17:37:49,775 INFO o.a.j.s.SampleResult: Note: Sample TimeStamps are START times
2026-09-01 17:37:49,776 INFO o.a.j.s.SampleResult: sampleresult.default.encoding is set to UTF-8
2026-09-01 17:37:49,776 INFO o.a.j.s.SampleResult: sampleresult.useNanoTime=true
2026-09-01 17:37:49,776 INFO o.a.j.s.SampleResult: sampleresult.nanoThreadSleep=5000
2026-09-01 17:37:50,258 INFO o.a.j.t.JMeterThread: Thread started: Soak - 30 VUs sustained 1-2
2026-09-01 17:37:51,255 INFO o.a.j.t.JMeterThread: Thread started: Soak - 30 VUs sustained 1-3
2026-09-01 17:37:52,258 INFO o.a.j.t.JMeterThread: Thread started: Soak - 30 VUs sustained 1-4
2026-09-01 17:37:53,257 INFO o.a.j.t.JMeterThread: Thread started: Soak - 30 VUs sustained 1-5
2026-09-01 17:37:54,257 INFO o.a.j.t.JMeterThread: Thread started: Soak - 30 VUs sustained 1-6
2026-09-01 17:37:55,256 INFO o.a.j.t.JMeterThread: Thread started: Soak - 30 VUs sustained 1-7
2026-09-01 17:37:56,256 INFO o.a.j.t.JMeterThread: Thread started: Soak - 30 VUs sustained 1-8
2026-09-01 17:37:57,255 INFO o.a.j.t.JMeterThread: Thread started: Soak - 30 VUs sustained 1-9
2026-09-01 17:37:58,255 INFO o.a.j.t.JMeterThread: Thread started: Soak - 30 VUs sustained 1-10
2026-09-01 17:37:59,254 INFO o.a.j.t.JMeterThread: Thread started: Soak - 30 VUs sustained 1-11
2026-09-01 17:38:00,117 INFO o.a.j.r.Summariser: summary +    173 in 00:00:11 =   15.9/s Avg:     2 Min:     0 Max:    18 Err:     0 (0.00%) Active: 11 Started: 11 Finished: 0
2026-09-01 17:38:00,253 INFO o.a.j.t.JMeterThread: Thread started: Soak - 30 VUs sustained 1-12
2026-09-01 17:38:01,252 INFO o.a.j.t.JMeterThread: Thread started: Soak - 30 VUs sustained 1-13
2026-09-01 17:38:02,253 INFO o.a.j.t.JMeterThread: Thread started: Soak - 30 VUs sustained 1-14
2026-09-01 17:38:03,254 INFO o.a.j.t.JMeterThread: Thread started: Soak - 30 VUs sustained 1-15
2026-09-01 17:38:04,248 INFO o.a.j.t.JMeterThread: Thread started: Soak - 30 VUs sustained 1-16
2026-09-01 17:38:05,251 INFO o.a.j.t.JMeterThread: Thread started: Soak - 30 VUs sustained 1-17
2026-09-01 17:38:06,254 INFO o.a.j.t.JMeterThread: Thread started: Soak - 30 VUs sustained 1-18
2026-09-01 17:38:07,252 INFO o.a.j.t.JMeterThread: Thread started: Soak - 30 VUs sustained 1-19
2026-09-01 17:38:08,253 INFO o.a.j.t.JMeterThread: Thread started: Soak - 30 VUs sustained 1-20
2026-09-01 17:38:09,253 INFO o.a.j.t.JMeterThread: Thread started: Soak - 30 VUs sustained 1-21
2026-09-01 17:38:10,254 INFO o.a.j.t.JMeterThread: Thread started: Soak - 30 VUs sustained 1-22
2026-09-01 17:38:11,254 INFO o.a.j.t.JMeterThread: Thread started: Soak - 30 VUs sustained 1-23
2026-09-01 17:38:12,253 INFO o.a.j.t.JMeterThread: Thread started: Soak - 30 VUs sustained 1-24
2026-09-01 17:38:13,252 INFO o.a.j.t.JMeterThread: Thread started: Soak - 30 VUs sustained 1-25
2026-09-01 17:38:14,254 INFO o.a.j.t.JMeterThread: Thread started: Soak - 30 VUs sustained 1-26
2026-09-01 17:38:15,253 INFO o.a.j.t.JMeterThread: Thread started: Soak - 30 VUs sustained 1-27
2026-09-01 17:38:16,249 INFO o.a.j.t.JMeterThread: Thread started: Soak - 30 VUs sustained 1-28
2026-09-01 17:38:17,252 INFO o.a.j.t.JMeterThread: Thread started: Soak - 30 VUs sustained 1-29
2026-09-01 17:38:18,253 INFO o.a.j.t.JMeterThread: Thread started: Soak - 30 VUs sustained 1-30
2026-09-01 17:38:30,062 INFO o.a.j.r.Summariser: summary +   2026 in 00:00:30 =   67.7/s Avg:     1 Min:     0 Max:     8 Err:     0 (0.00%) Active: 30 Started: 30 Finished: 0
2026-09-01 17:38:30,063 INFO o.a.j.r.Summariser: summary =   2199 in 00:00:41 =   53.9/s Avg:     1 Min:     0 Max:    18 Err:     0 (0.00%)
2026-09-01 17:39:00,008 INFO o.a.j.r.Summariser: summary +   2521 in 00:00:30 =   84.2/s Avg:     1 Min:     0 Max:    13 Err:     0 (0.00%) Active: 30 Started: 30 Finished: 0
2026-09-01 17:39:00,010 INFO o.a.j.r.Summariser: summary =   4720 in 00:01:11 =   66.7/s Avg:     1 Min:     0 Max:    18 Err:     0 (0.00%)
2026-09-01 17:39:30,001 INFO o.a.j.r.Summariser: summary +   2544 in 00:00:30 =   84.8/s Avg:     1 Min:     0 Max:    46 Err:     0 (0.00%) Active: 30 Started: 30 Finished: 0
2026-09-01 17:39:30,003 INFO o.a.j.r.Summariser: summary =   7264 in 00:01:41 =   72.1/s Avg:     1 Min:     0 Max:    46 Err:     0 (0.00%)
2026-09-01 17:40:00,009 INFO o.a.j.r.Summariser: summary +   2543 in 00:00:30 =   84.7/s Avg:     1 Min:     0 Max:     9 Err:     0 (0.00%) Active: 30 Started: 30 Finished: 0
2026-09-01 17:40:00,011 INFO o.a.j.r.Summariser: summary =   9807 in 00:02:11 =   75.0/s Avg:     1 Min:     0 Max:    46 Err:     0 (0.00%)
2026-09-01 17:40:30,007 INFO o.a.j.r.Summariser: summary +   2535 in 00:00:30 =   84.5/s Avg:     1 Min:     0 Max:    14 Err:     0 (0.00%) Active: 30 Started: 30 Finished: 0
2026-09-01 17:40:30,009 INFO o.a.j.r.Summariser: summary =  12342 in 00:02:41 =   76.8/s Avg:     1 Min:     0 Max:    46 Err:     0 (0.00%)
2026-09-01 17:41:00,004 INFO o.a.j.r.Summariser: summary +   2516 in 00:00:30 =   83.9/s Avg:     1 Min:     0 Max:    16 Err:     0 (0.00%) Active: 30 Started: 30 Finished: 0
2026-09-01 17:41:00,005 INFO o.a.j.r.Summariser: summary =  14858 in 00:03:11 =   77.9/s Avg:     1 Min:     0 Max:    46 Err:     0 (0.00%)
2026-09-01 17:41:30,007 INFO o.a.j.r.Summariser: summary +   2529 in 00:00:30 =   84.3/s Avg:     1 Min:     0 Max:    19 Err:     0 (0.00%) Active: 30 Started: 30 Finished: 0
2026-09-01 17:41:30,009 INFO o.a.j.r.Summariser: summary =  17387 in 00:03:41 =   78.8/s Avg:     1 Min:     0 Max:    46 Err:     0 (0.00%)
2026-09-01 17:42:00,004 INFO o.a.j.r.Summariser: summary +   2523 in 00:00:30 =   84.1/s Avg:     1 Min:     0 Max:     7 Err:     0 (0.00%) Active: 30 Started: 30 Finished: 0
2026-09-01 17:42:00,004 INFO o.a.j.r.Summariser: summary =  19910 in 00:04:11 =   79.4/s Avg:     1 Min:     0 Max:    46 Err:     0 (0.00%)
2026-09-01 17:42:30,005 INFO o.a.j.r.Summariser: summary +   2536 in 00:00:30 =   84.5/s Avg:     1 Min:     0 Max:     9 Err:     0 (0.00%) Active: 30 Started: 30 Finished: 0
2026-09-01 17:42:30,006 INFO o.a.j.r.Summariser: summary =  22446 in 00:04:41 =   79.9/s Avg:     1 Min:     0 Max:    46 Err:     0 (0.00%)
2026-09-01 17:49:01,864 INFO o.a.j.r.Summariser: summary +   2053 in 00:06:32 =    5.2/s Avg:     1 Min:     0 Max:    66 Err:     0 (0.00%) Active: 30 Started: 30 Finished: 0
2026-09-01 17:49:01,866 INFO o.a.j.t.JMeterThread: Stopping because end time detected by thread: Soak - 30 VUs sustained 1-12
2026-09-01 17:49:01,865 INFO o.a.j.t.JMeterThread: Stopping because end time detected by thread: Soak - 30 VUs sustained 1-25
2026-09-01 17:49:01,907 INFO o.a.j.r.Summariser: summary =  24499 in 00:11:13 =   36.4/s Avg:     1 Min:     0 Max:    66 Err:     0 (0.00%)
2026-09-01 17:49:01,907 INFO o.a.j.t.JMeterThread: Thread finished: Soak - 30 VUs sustained 1-25
2026-09-01 17:49:01,907 INFO o.a.j.t.JMeterThread: Stopping because end time detected by thread: Soak - 30 VUs sustained 1-15
2026-09-01 17:49:01,907 INFO o.a.j.t.JMeterThread: Thread finished: Soak - 30 VUs sustained 1-15
2026-09-01 17:49:01,906 INFO o.a.j.t.JMeterThread: Thread finished: Soak - 30 VUs sustained 1-12
2026-09-01 17:49:01,918 INFO o.a.j.t.JMeterThread: Stopping because end time detected by thread: Soak - 30 VUs sustained 1-23
2026-09-01 17:49:01,918 INFO o.a.j.t.JMeterThread: Thread finished: Soak - 30 VUs sustained 1-23
2026-09-01 17:49:01,918 INFO o.a.j.t.JMeterThread: Stopping because end time detected by thread: Soak - 30 VUs sustained 1-24
2026-09-01 17:49:01,919 INFO o.a.j.t.JMeterThread: Thread finished: Soak - 30 VUs sustained 1-24
2026-09-01 17:49:01,919 INFO o.a.j.t.JMeterThread: Stopping because end time detected by thread: Soak - 30 VUs sustained 1-27
2026-09-01 17:49:01,919 INFO o.a.j.t.JMeterThread: Thread finished: Soak - 30 VUs sustained 1-27
2026-09-01 17:49:01,920 INFO o.a.j.t.JMeterThread: Stopping because end time detected by thread: Soak - 30 VUs sustained 1-4
2026-09-01 17:49:01,920 INFO o.a.j.t.JMeterThread: Thread finished: Soak - 30 VUs sustained 1-4
2026-09-01 17:49:01,920 INFO o.a.j.t.JMeterThread: Stopping because end time detected by thread: Soak - 30 VUs sustained 1-11
2026-09-01 17:49:01,920 INFO o.a.j.t.JMeterThread: Thread finished: Soak - 30 VUs sustained 1-11
2026-09-01 17:49:01,920 INFO o.a.j.t.JMeterThread: Stopping because end time detected by thread: Soak - 30 VUs sustained 1-28
2026-09-01 17:49:01,920 INFO o.a.j.t.JMeterThread: Thread finished: Soak - 30 VUs sustained 1-28
2026-09-01 17:49:01,921 INFO o.a.j.t.JMeterThread: Stopping because end time detected by thread: Soak - 30 VUs sustained 1-13
2026-09-01 17:49:01,921 INFO o.a.j.t.JMeterThread: Thread finished: Soak - 30 VUs sustained 1-13
2026-09-01 17:49:01,923 INFO o.a.j.t.JMeterThread: Stopping because end time detected by thread: Soak - 30 VUs sustained 1-6
2026-09-01 17:49:01,923 INFO o.a.j.t.JMeterThread: Stopping because end time detected by thread: Soak - 30 VUs sustained 1-21
2026-09-01 17:49:01,923 INFO o.a.j.t.JMeterThread: Thread finished: Soak - 30 VUs sustained 1-6
2026-09-01 17:49:01,923 INFO o.a.j.t.JMeterThread: Thread finished: Soak - 30 VUs sustained 1-21
2026-09-01 17:49:01,923 INFO o.a.j.t.JMeterThread: Stopping because end time detected by thread: Soak - 30 VUs sustained 1-16
2026-09-01 17:49:01,923 INFO o.a.j.t.JMeterThread: Thread finished: Soak - 30 VUs sustained 1-16
2026-09-01 17:49:01,955 INFO o.a.j.t.JMeterThread: Stopping because end time detected by thread: Soak - 30 VUs sustained 1-29
2026-09-01 17:49:01,956 INFO o.a.j.t.JMeterThread: Thread finished: Soak - 30 VUs sustained 1-29
2026-09-01 17:49:01,958 INFO o.a.j.t.JMeterThread: Stopping because end time detected by thread: Soak - 30 VUs sustained 1-10
2026-09-01 17:49:01,958 INFO o.a.j.t.JMeterThread: Thread finished: Soak - 30 VUs sustained 1-10
2026-09-01 17:49:01,965 INFO o.a.j.t.JMeterThread: Stopping because end time detected by thread: Soak - 30 VUs sustained 1-8
2026-09-01 17:49:01,965 INFO o.a.j.t.JMeterThread: Thread finished: Soak - 30 VUs sustained 1-8
2026-09-01 17:49:01,970 INFO o.a.j.t.JMeterThread: Stopping because end time detected by thread: Soak - 30 VUs sustained 1-7
2026-09-01 17:49:01,970 INFO o.a.j.t.JMeterThread: Thread finished: Soak - 30 VUs sustained 1-7
2026-09-01 17:49:01,973 INFO o.a.j.t.JMeterThread: Stopping because end time detected by thread: Soak - 30 VUs sustained 1-5
2026-09-01 17:49:01,973 INFO o.a.j.t.JMeterThread: Stopping because end time detected by thread: Soak - 30 VUs sustained 1-9
2026-09-01 17:49:01,973 INFO o.a.j.t.JMeterThread: Thread finished: Soak - 30 VUs sustained 1-9
2026-09-01 17:49:01,973 INFO o.a.j.t.JMeterThread: Thread finished: Soak - 30 VUs sustained 1-5
2026-09-01 17:49:01,992 INFO o.a.j.t.JMeterThread: Stopping because end time detected by thread: Soak - 30 VUs sustained 1-30
2026-09-01 17:49:01,992 INFO o.a.j.t.JMeterThread: Thread finished: Soak - 30 VUs sustained 1-30
2026-09-01 17:49:02,023 INFO o.a.j.t.JMeterThread: Stopping because end time detected by thread: Soak - 30 VUs sustained 1-1
2026-09-01 17:49:02,023 INFO o.a.j.t.JMeterThread: Thread finished: Soak - 30 VUs sustained 1-1
2026-09-01 17:49:02,040 INFO o.a.j.t.JMeterThread: Stopping because end time detected by thread: Soak - 30 VUs sustained 1-2
2026-09-01 17:49:02,041 INFO o.a.j.t.JMeterThread: Thread finished: Soak - 30 VUs sustained 1-2
2026-09-01 17:49:02,044 INFO o.a.j.t.JMeterThread: Stopping because end time detected by thread: Soak - 30 VUs sustained 1-18
2026-09-01 17:49:02,045 INFO o.a.j.t.JMeterThread: Thread finished: Soak - 30 VUs sustained 1-18
2026-09-01 17:49:02,045 INFO o.a.j.t.JMeterThread: Stopping because end time detected by thread: Soak - 30 VUs sustained 1-26
2026-09-01 17:49:02,045 INFO o.a.j.t.JMeterThread: Thread finished: Soak - 30 VUs sustained 1-26
2026-09-01 17:49:02,051 INFO o.a.j.t.JMeterThread: Stopping because end time detected by thread: Soak - 30 VUs sustained 1-19
2026-09-01 17:49:02,051 INFO o.a.j.t.JMeterThread: Thread finished: Soak - 30 VUs sustained 1-19
2026-09-01 17:49:02,089 INFO o.a.j.t.JMeterThread: Stopping because end time detected by thread: Soak - 30 VUs sustained 1-3
2026-09-01 17:49:02,089 INFO o.a.j.t.JMeterThread: Thread finished: Soak - 30 VUs sustained 1-3
2026-09-01 17:49:02,131 INFO o.a.j.t.JMeterThread: Stopping because end time detected by thread: Soak - 30 VUs sustained 1-22
2026-09-01 17:49:02,131 INFO o.a.j.t.JMeterThread: Thread finished: Soak - 30 VUs sustained 1-22
2026-09-01 17:49:02,138 INFO o.a.j.t.JMeterThread: Stopping because end time detected by thread: Soak - 30 VUs sustained 1-20
2026-09-01 17:49:02,138 INFO o.a.j.t.JMeterThread: Thread finished: Soak - 30 VUs sustained 1-20
2026-09-01 17:49:02,138 INFO o.a.j.t.JMeterThread: Stopping because end time detected by thread: Soak - 30 VUs sustained 1-17
2026-09-01 17:49:02,139 INFO o.a.j.t.JMeterThread: Thread finished: Soak - 30 VUs sustained 1-17
2026-09-01 17:49:02,230 INFO o.a.j.t.JMeterThread: Stopping because end time detected by thread: Soak - 30 VUs sustained 1-14
2026-09-01 17:49:02,230 INFO o.a.j.t.JMeterThread: Thread finished: Soak - 30 VUs sustained 1-14
2026-09-01 17:49:02,231 INFO o.a.j.e.StandardJMeterEngine: Notifying test listeners of end of test
2026-09-01 17:49:02,231 INFO o.a.j.s.FileServer: Close: ../data/performance_users.csv
2026-09-01 17:49:02,237 INFO o.a.j.r.Summariser: summary +     29 in 00:00:00 =   77.5/s Avg:    23 Min:     1 Max:    65 Err:     0 (0.00%) Active: 0 Started: 30 Finished: 30
2026-09-01 17:49:02,237 INFO o.a.j.r.Summariser: summary =  24528 in 00:11:13 =   36.4/s Avg:     1 Min:     0 Max:    66 Err:     0 (0.00%)
2026-09-01 17:49:02,238 INFO o.a.j.JMeter: Generating Dashboard
2026-09-01 17:49:02,238 INFO o.a.j.r.d.ReportGenerator: Flushing result collector before report Generation
2026-09-01 17:49:02,268 INFO o.a.j.r.p.NormalizerSampleConsumer: Using format, 'ms', to parse timeStamp field
2026-09-01 17:49:02,564 INFO o.a.j.r.p.AbstractSampleConsumer: class org.apache.jmeter.report.processor.AggregateConsumer#stopProducing(): beginDate produced 0 samples
2026-09-01 17:49:02,564 INFO o.a.j.r.p.AbstractSampleConsumer: class org.apache.jmeter.report.processor.AggregateConsumer#stopProducing(): endDate produced 0 samples
2026-09-01 17:49:02,565 INFO o.a.j.r.p.AbstractSampleConsumer: class org.apache.jmeter.report.processor.ApdexSummaryConsumer#stopProducing(): apdexSummary produced 0 samples
2026-09-01 17:49:02,565 INFO o.a.j.r.p.AbstractSampleConsumer: class org.apache.jmeter.report.processor.RequestsSummaryConsumer#stopProducing(): requestsSummary produced 0 samples
2026-09-01 17:49:02,571 INFO o.a.j.r.p.AbstractSampleConsumer: class org.apache.jmeter.report.processor.StatisticsSummaryConsumer#stopProducing(): statisticsSummary produced 0 samples
2026-09-01 17:49:02,573 INFO o.a.j.r.p.AbstractSampleConsumer: class org.apache.jmeter.report.processor.Top5ErrorsBySamplerConsumer#stopProducing(): top5ErrorsBySampler produced 0 samples
2026-09-01 17:49:02,573 INFO o.a.j.r.p.AbstractSampleConsumer: class org.apache.jmeter.report.processor.ErrorsSummaryConsumer#stopProducing(): errorsSummary produced 0 samples
2026-09-01 17:49:02,573 INFO o.a.j.r.p.AbstractSampleConsumer: class org.apache.jmeter.report.processor.graph.impl.HitsPerSecondGraphConsumer#stopProducing(): hitsPerSecond produced 0 samples
2026-09-01 17:49:02,648 INFO o.a.j.r.p.AbstractSampleConsumer: class org.apache.jmeter.report.processor.graph.impl.LatencyVSRequestGraphConsumer#stopProducing(): latencyVsRequest produced 0 samples
2026-09-01 17:49:02,649 INFO o.a.j.r.p.AbstractSampleConsumer: class org.apache.jmeter.report.processor.graph.impl.SyntheticResponseTimeDistributionGraphConsumer#stopProducing(): syntheticResponseTimeDistribution produced 0 samples
2026-09-01 17:49:02,649 INFO o.a.j.r.p.AbstractSampleConsumer: class org.apache.jmeter.report.processor.graph.impl.BytesThroughputGraphConsumer#stopProducing(): bytesThroughputOverTime produced 0 samples
2026-09-01 17:49:02,649 INFO o.a.j.r.p.AbstractSampleConsumer: class org.apache.jmeter.report.processor.graph.impl.CodesPerSecondGraphConsumer#stopProducing(): codesPerSecond produced 0 samples
2026-09-01 17:49:02,702 INFO o.a.j.r.p.AbstractSampleConsumer: class org.apache.jmeter.report.processor.graph.impl.ResponseTimeVSRequestGraphConsumer#stopProducing(): responseTimeVsRequest produced 0 samples
2026-09-01 17:49:02,702 INFO o.a.j.r.p.AbstractSampleConsumer: class org.apache.jmeter.report.processor.FilterConsumer#stopProducing(): startIntervalControlerFilter produced 171696 samples
2026-09-01 17:49:02,702 INFO o.a.j.r.p.AbstractSampleConsumer: class org.apache.jmeter.report.processor.graph.impl.TotalTPSGraphConsumer#stopProducing(): totalTPS produced 0 samples
2026-09-01 17:49:02,702 INFO o.a.j.r.p.AbstractSampleConsumer: class org.apache.jmeter.report.processor.graph.impl.ActiveThreadsGraphConsumer#stopProducing(): activeThreadsOverTime produced 0 samples
2026-09-01 17:49:02,702 INFO o.a.j.r.p.AbstractSampleConsumer: class org.apache.jmeter.report.processor.graph.impl.TimeVSThreadGraphConsumer#stopProducing(): timeVsThreads produced 0 samples
2026-09-01 17:49:02,703 INFO o.a.j.r.p.AbstractSampleConsumer: class org.apache.jmeter.report.processor.graph.impl.ResponseTimeDistributionGraphConsumer#stopProducing(): responseTimeDistribution produced 0 samples
2026-09-01 17:49:02,703 INFO o.a.j.r.p.AbstractSampleConsumer: class org.apache.jmeter.report.processor.graph.impl.TransactionsPerSecondGraphConsumer#stopProducing(): transactionsPerSecond produced 0 samples
2026-09-01 17:49:02,703 INFO o.a.j.r.p.AbstractSampleConsumer: class org.apache.jmeter.report.processor.graph.impl.ResponseTimePercentilesGraphConsumer#stopProducing(): responseTimePercentiles produced 0 samples
2026-09-01 17:49:02,704 INFO o.a.j.r.p.AbstractSampleConsumer: class org.apache.jmeter.report.processor.graph.impl.ResponseTimePercentilesOverTimeGraphConsumer#stopProducing(): responseTimePercentilesOverTime produced 0 samples
2026-09-01 17:49:02,704 INFO o.a.j.r.p.AbstractSampleConsumer: class org.apache.jmeter.report.processor.graph.impl.ResponseTimeOverTimeGraphConsumer#stopProducing(): responseTimesOverTime produced 0 samples
2026-09-01 17:49:02,705 INFO o.a.j.r.p.AbstractSampleConsumer: class org.apache.jmeter.report.processor.graph.impl.ConnectTimeOverTimeGraphConsumer#stopProducing(): connectTimeOverTime produced 0 samples
2026-09-01 17:49:02,705 INFO o.a.j.r.p.AbstractSampleConsumer: class org.apache.jmeter.report.processor.graph.impl.LatencyOverTimeGraphConsumer#stopProducing(): latenciesOverTime produced 0 samples
2026-09-01 17:49:02,705 INFO o.a.j.r.p.AbstractSampleConsumer: class org.apache.jmeter.report.processor.FilterConsumer#stopProducing(): nameFilter produced 367920 samples
2026-09-01 17:49:02,705 INFO o.a.j.r.p.AbstractSampleConsumer: class org.apache.jmeter.report.processor.FilterConsumer#stopProducing(): dateRangeFilter produced 73584 samples
2026-09-01 17:49:02,705 INFO o.a.j.r.p.AbstractSampleConsumer: class org.apache.jmeter.report.processor.NormalizerSampleConsumer#stopProducing(): normalizer produced 24528 samples
2026-09-01 17:49:02,705 INFO o.a.j.r.p.CsvFileSampleSource: produce(): 24528 samples produced in 426ms on channel 0
2026-09-01 17:49:02,705 INFO o.a.j.r.d.ReportGenerator: Exporting data using exporter:'json' of className:'org.apache.jmeter.report.dashboard.JsonExporter'
2026-09-01 17:49:02,740 INFO o.a.j.r.d.JsonExporter: Found data for consumer statisticsSummary in context
2026-09-01 17:49:02,740 INFO o.a.j.r.d.JsonExporter: Creating statistics for overall
2026-09-01 17:49:02,741 INFO o.a.j.r.d.JsonExporter: Creating statistics for other transactions
2026-09-01 17:49:02,741 INFO o.a.j.r.d.JsonExporter: Checking output folder
2026-09-01 17:49:02,741 INFO o.a.j.r.d.JsonExporter: Writing statistics JSON to /Users/kunda/Documents/hw/hw05/reports/23127035_Soak_20260831/statistics.json
2026-09-01 17:49:02,774 INFO o.a.j.r.d.ReportGenerator: Exporting data using exporter:'html' of className:'org.apache.jmeter.report.dashboard.HtmlTemplateExporter'
2026-09-01 17:49:02,775 INFO o.a.j.r.d.HtmlTemplateExporter: Will generate dashboard in folder: /Users/kunda/Documents/hw/hw05/reports/23127035_Soak_20260831
2026-09-01 17:49:02,827 INFO o.a.j.r.d.HtmlTemplateExporter: Report will be generated in: /Users/kunda/Documents/hw/hw05/reports/23127035_Soak_20260831, creating folder structure
2026-09-01 17:49:02,828 INFO o.a.j.r.d.TemplateVisitor: Copying folder from '/opt/homebrew/Cellar/jmeter/5.6.3/libexec/bin/report-template' to '/Users/kunda/Documents/hw/hw05/reports/23127035_Soak_20260831', got message: /Users/kunda/Documents/hw/hw05/reports/23127035_Soak_20260831, found non empty folder with following content [/Users/kunda/Documents/hw/hw05/reports/23127035_Soak_20260831/statistics.json], will be ignored
2026-09-01 17:49:02,947 INFO o.a.j.JMeter: Dashboard generated
