2026-09-03 17:38:41,425 INFO o.a.j.u.JMeterUtils: Setting Locale to en_EN
2026-09-03 17:38:41,442 INFO o.a.j.JMeter: Loading user properties from: /opt/homebrew/Cellar/jmeter/5.6.3/libexec/bin/user.properties
2026-09-03 17:38:41,442 INFO o.a.j.JMeter: Loading system properties from: /opt/homebrew/Cellar/jmeter/5.6.3/libexec/bin/system.properties
2026-09-03 17:38:41,442 INFO o.a.j.JMeter: Setting JMeter property: jmeter.save.saveservice.output_format=csv
2026-09-03 17:38:41,442 INFO o.a.j.JMeter: Setting JMeter property: jmeter.save.saveservice.print_field_names=true
2026-09-03 17:38:41,442 INFO o.a.j.JMeter: Setting JMeter property: jmeter.save.saveservice.connect_time=true
2026-09-03 17:38:41,442 INFO o.a.j.JMeter: Setting JMeter property: jmeter.save.saveservice.latency=true
2026-09-03 17:38:41,443 INFO o.a.j.JMeter: Setting JMeter property: jmeter.save.saveservice.bytes=true
2026-09-03 17:38:41,443 INFO o.a.j.JMeter: Setting JMeter property: jmeter.save.saveservice.sent_bytes=true
2026-09-03 17:38:41,443 INFO o.a.j.JMeter: Setting JMeter property: jmeter.save.saveservice.thread_counts=true
2026-09-03 17:38:41,443 INFO o.a.j.JMeter: Setting JMeter property: jmeter.save.saveservice.assertion_results_failure_message=true
2026-09-03 17:38:41,443 INFO o.a.j.JMeter: Setting JMeter property: port=3001
2026-09-03 17:38:41,445 INFO o.a.j.JMeter: Copyright (c) 1998-2024 The Apache Software Foundation
2026-09-03 17:38:41,445 INFO o.a.j.JMeter: Version 5.6.3
2026-09-03 17:38:41,445 INFO o.a.j.JMeter: java.version=21.0.12.1
2026-09-03 17:38:41,445 INFO o.a.j.JMeter: java.vm.name=OpenJDK 64-Bit Server VM
2026-09-03 17:38:41,445 INFO o.a.j.JMeter: os.name=Mac OS X
2026-09-03 17:38:41,445 INFO o.a.j.JMeter: os.arch=aarch64
2026-09-03 17:38:41,445 INFO o.a.j.JMeter: os.version=26.5.1
2026-09-03 17:38:41,445 INFO o.a.j.JMeter: file.encoding=UTF-8
2026-09-03 17:38:41,445 INFO o.a.j.JMeter: java.awt.headless=true
2026-09-03 17:38:41,445 INFO o.a.j.JMeter: Max memory     =1073741824
2026-09-03 17:38:41,445 INFO o.a.j.JMeter: Available Processors =10
2026-09-03 17:38:41,450 INFO o.a.j.JMeter: Default Locale=English (EN)
2026-09-03 17:38:41,450 INFO o.a.j.JMeter: JMeter  Locale=English (EN)
2026-09-03 17:38:41,450 INFO o.a.j.JMeter: JMeterHome=/opt/homebrew/Cellar/jmeter/5.6.3/libexec
2026-09-03 17:38:41,450 INFO o.a.j.JMeter: user.dir  =/Users/kunda/Documents/hw/hw05
2026-09-03 17:38:41,450 INFO o.a.j.JMeter: PWD       =/Users/kunda/Documents/hw/hw05
2026-09-03 17:38:41,452 INFO o.a.j.JMeter: IP: 127.0.0.1 Name: MacBook-Air-cua-KunDa.local FullName: localhost
2026-09-03 17:38:41,458 INFO o.a.j.JMeter: Setting property 'jmeter.reportgenerator.outputdir' to:'/Users/kunda/Documents/hw/hw05/reports/23127035_Load_20260903'
2026-09-03 17:38:41,460 INFO o.a.j.s.FileServer: Default base='/Users/kunda/Documents/hw/hw05'
2026-09-03 17:38:41,460 INFO o.a.j.s.FileServer: Set new base='/Users/kunda/Documents/hw/hw05/test-plans'
2026-09-03 17:38:41,534 INFO o.a.j.s.SaveService: Testplan (JMX) version: 2.2. Testlog (JTL) version: 2.2
2026-09-03 17:38:41,550 INFO o.a.j.s.SaveService: Using SaveService properties version 5.0
2026-09-03 17:38:41,551 INFO o.a.j.s.SaveService: Using SaveService properties file encoding UTF-8
2026-09-03 17:38:41,552 INFO o.a.j.s.SaveService: Loading file: /Users/kunda/Documents/hw/hw05/test-plans/23127035_Load_20260903.jmx
2026-09-03 17:38:41,584 INFO o.a.j.p.h.s.HTTPSamplerBase: Parser for text/html is org.apache.jmeter.protocol.http.parser.LagartoBasedHtmlParser
2026-09-03 17:38:41,584 INFO o.a.j.p.h.s.HTTPSamplerBase: Parser for application/xhtml+xml is org.apache.jmeter.protocol.http.parser.LagartoBasedHtmlParser
2026-09-03 17:38:41,584 INFO o.a.j.p.h.s.HTTPSamplerBase: Parser for application/xml is org.apache.jmeter.protocol.http.parser.LagartoBasedHtmlParser
2026-09-03 17:38:41,584 INFO o.a.j.p.h.s.HTTPSamplerBase: Parser for text/xml is org.apache.jmeter.protocol.http.parser.LagartoBasedHtmlParser
2026-09-03 17:38:41,584 INFO o.a.j.p.h.s.HTTPSamplerBase: Parser for text/vnd.wap.wml is org.apache.jmeter.protocol.http.parser.RegexpHTMLParser
2026-09-03 17:38:41,585 INFO o.a.j.p.h.s.HTTPSamplerBase: Parser for text/css is org.apache.jmeter.protocol.http.parser.CssParser
2026-09-03 17:38:41,608 INFO o.a.j.JMeter: Creating summariser <summary>
2026-09-03 17:38:41,610 INFO o.a.j.r.d.ReportGenerator: ReportGenerator will use for Parsing the separator: ','
2026-09-03 17:38:41,610 INFO o.a.j.r.d.ReportGenerator: Will generate report at end of test from  results file: /Users/kunda/Documents/hw/hw05/results/23127035_Load_20260903.jtl
2026-09-03 17:38:41,610 INFO o.a.j.r.d.ReportGenerator: Reading report generator properties from: /opt/homebrew/Cellar/jmeter/5.6.3/libexec/bin/reportgenerator.properties
2026-09-03 17:38:41,611 INFO o.a.j.r.d.ReportGenerator: Merging with JMeter properties
2026-09-03 17:38:41,612 INFO o.a.j.r.c.ReportGeneratorConfiguration: Property 'jmeter.reportgenerator.temp_dir' not found, using default value 'temp' instead.
2026-09-03 17:38:41,613 INFO o.a.j.r.c.ReportGeneratorConfiguration: Property 'jmeter.reportgenerator.apdex_per_transaction' not found, using default value 'null' instead.
2026-09-03 17:38:41,613 INFO o.a.j.r.c.ReportGeneratorConfiguration: apdex_per_transaction is empty, not APDEX per transaction customization
2026-09-03 17:38:41,613 INFO o.a.j.r.c.ReportGeneratorConfiguration: Property 'jmeter.reportgenerator.sample_filter' not found, using default value 'null' instead.
2026-09-03 17:38:41,613 INFO o.a.j.r.c.ReportGeneratorConfiguration: Property 'jmeter.reportgenerator.report_title' not found, using default value 'null' instead.
2026-09-03 17:38:41,613 INFO o.a.j.r.c.ReportGeneratorConfiguration: Property 'jmeter.reportgenerator.start_date' not found, using default value 'null' instead.
2026-09-03 17:38:41,613 INFO o.a.j.r.c.ReportGeneratorConfiguration: Property 'jmeter.reportgenerator.end_date' not found, using default value 'null' instead.
2026-09-03 17:38:41,613 INFO o.a.j.r.c.ReportGeneratorConfiguration: Property 'jmeter.reportgenerator.date_format' not found, using default value 'null' instead.
2026-09-03 17:38:41,613 INFO o.a.j.r.c.ReportGeneratorConfiguration: Will use date range start date: null, end date: null
2026-09-03 17:38:41,614 INFO o.a.j.r.c.ReportGeneratorConfiguration: Property 'jmeter.reportgenerator.graph.totalTPS.exclude_controllers' not found, using default value 'false' instead.
2026-09-03 17:38:41,614 INFO o.a.j.r.c.ReportGeneratorConfiguration: Property 'jmeter.reportgenerator.graph.activeThreadsOverTime.exclude_controllers' not found, using default value 'false' instead.
2026-09-03 17:38:41,614 INFO o.a.j.r.c.ReportGeneratorConfiguration: Property 'jmeter.reportgenerator.graph.timeVsThreads.exclude_controllers' not found, using default value 'false' instead.
2026-09-03 17:38:41,614 INFO o.a.j.r.c.ReportGeneratorConfiguration: Property 'jmeter.reportgenerator.graph.responseTimeDistribution.exclude_controllers' not found, using default value 'false' instead.
2026-09-03 17:38:41,615 INFO o.a.j.r.c.ReportGeneratorConfiguration: Property 'jmeter.reportgenerator.graph.transactionsPerSecond.exclude_controllers' not found, using default value 'false' instead.
2026-09-03 17:38:41,615 INFO o.a.j.r.c.ReportGeneratorConfiguration: Property 'jmeter.reportgenerator.graph.responseTimePercentiles.exclude_controllers' not found, using default value 'false' instead.
2026-09-03 17:38:41,615 INFO o.a.j.r.c.ReportGeneratorConfiguration: Property 'jmeter.reportgenerator.graph.responseTimePercentilesOverTime.exclude_controllers' not found, using default value 'false' instead.
2026-09-03 17:38:41,615 INFO o.a.j.r.c.ReportGeneratorConfiguration: Property 'jmeter.reportgenerator.graph.responseTimesOverTime.exclude_controllers' not found, using default value 'false' instead.
2026-09-03 17:38:41,615 INFO o.a.j.r.c.ReportGeneratorConfiguration: Property 'jmeter.reportgenerator.graph.connectTimeOverTime.exclude_controllers' not found, using default value 'false' instead.
2026-09-03 17:38:41,615 INFO o.a.j.r.c.ReportGeneratorConfiguration: Property 'jmeter.reportgenerator.graph.latenciesOverTime.exclude_controllers' not found, using default value 'false' instead.
2026-09-03 17:38:41,615 INFO o.a.j.r.c.ReportGeneratorConfiguration: Property 'jmeter.reportgenerator.exporter.json.filters_only_sample_series' not found, using default value 'true' instead.
2026-09-03 17:38:41,615 INFO o.a.j.r.c.ReportGeneratorConfiguration: Property 'jmeter.reportgenerator.exporter.json.series_filter' not found, using default value '' instead.
2026-09-03 17:38:41,615 INFO o.a.j.r.c.ReportGeneratorConfiguration: Property 'jmeter.reportgenerator.exporter.json.show_controllers_only' not found, using default value 'false' instead.
2026-09-03 17:38:41,615 INFO o.a.j.r.c.ReportGeneratorConfiguration: Property 'jmeter.reportgenerator.exporter.html.filters_only_sample_series' not found, using default value 'true' instead.
2026-09-03 17:38:41,615 INFO o.a.j.r.c.ReportGeneratorConfiguration: Property 'jmeter.reportgenerator.exporter.html.series_filter' not found, using default value '' instead.
2026-09-03 17:38:41,615 INFO o.a.j.r.c.ReportGeneratorConfiguration: Property 'jmeter.reportgenerator.exporter.html.show_controllers_only' not found, using default value 'false' instead.
2026-09-03 17:38:41,620 INFO o.a.j.e.StandardJMeterEngine: Running the test!
2026-09-03 17:38:41,620 INFO o.a.j.s.SampleEvent: List of sample_variables: []
2026-09-03 17:38:41,621 INFO o.a.j.s.SampleEvent: List of sample_variables: []
2026-09-03 17:38:41,622 INFO o.a.j.e.u.CompoundVariable: Note: Function class names must contain the string: '.functions.'
2026-09-03 17:38:41,622 INFO o.a.j.e.u.CompoundVariable: Note: Function class names must not contain the string: '.gui.'
2026-09-03 17:38:41,636 INFO o.a.j.r.ClassFinder: Will scan jar /opt/homebrew/Cellar/jmeter/5.6.3/libexec/lib/ext/jmeter-plugins-manager-1.9.jar with filter ExtendsClassFilter [parents=[interface org.apache.jmeter.functions.Function], inner=false, contains=null, notContains=null]. Consider exposing JMeter plugins via META-INF/services, and add JMeter-Skip-Class-Scanning=true manifest attribute so JMeter can skip classfile scanning
2026-09-03 17:38:41,807 INFO o.a.j.JMeter: Running test (1788431921807)
2026-09-03 17:38:41,816 INFO o.a.j.e.StandardJMeterEngine: Starting ThreadGroup: 1 : Load - 6 VUs steady
2026-09-03 17:38:41,816 INFO o.a.j.e.StandardJMeterEngine: Starting 6 threads for group Load - 6 VUs steady.
2026-09-03 17:38:41,816 INFO o.a.j.e.StandardJMeterEngine: Thread will continue on error
2026-09-03 17:38:41,816 INFO o.a.j.t.ThreadGroup: Starting thread group... number=1 threads=6 ramp-up=15 delayedStart=false
2026-09-03 17:38:41,820 INFO o.a.j.t.ThreadGroup: Started thread group number 1
2026-09-03 17:38:41,820 INFO o.a.j.e.StandardJMeterEngine: All thread groups have been started
2026-09-03 17:38:41,823 INFO o.a.j.t.JMeterThread: Thread started: Load - 6 VUs steady 1-1
2026-09-03 17:38:41,824 INFO o.a.j.s.FileServer: Stored: ../data/performance_users.csv
2026-09-03 17:38:42,583 INFO o.a.j.p.h.s.HTTPHCAbstractImpl: Local host = MacBook-Air-cua-KunDa.local
2026-09-03 17:38:42,591 INFO o.a.j.p.h.s.HTTPHC4Impl: HTTP request retry count = 0
2026-09-03 17:38:42,592 INFO o.a.j.s.SampleResult: Note: Sample TimeStamps are START times
2026-09-03 17:38:42,592 INFO o.a.j.s.SampleResult: sampleresult.default.encoding is set to UTF-8
2026-09-03 17:38:42,592 INFO o.a.j.s.SampleResult: sampleresult.useNanoTime=true
2026-09-03 17:38:42,592 INFO o.a.j.s.SampleResult: sampleresult.nanoThreadSleep=5000
2026-09-03 17:38:44,326 INFO o.a.j.t.JMeterThread: Thread started: Load - 6 VUs steady 1-2
2026-09-03 17:38:46,826 INFO o.a.j.t.JMeterThread: Thread started: Load - 6 VUs steady 1-3
2026-09-03 17:38:49,323 INFO o.a.j.t.JMeterThread: Thread started: Load - 6 VUs steady 1-4
2026-09-03 17:38:51,825 INFO o.a.j.t.JMeterThread: Thread started: Load - 6 VUs steady 1-5
2026-09-03 17:38:51,988 INFO o.a.j.r.ResultCollector: Shutdown hook started
2026-09-03 17:38:51,989 INFO o.a.j.r.ResultCollector: Shutdown hook ended
