2026-09-03 10:54:12,177 INFO o.a.j.u.JMeterUtils: Setting Locale to en_EN
2026-09-03 10:54:12,186 INFO o.a.j.JMeter: Loading user properties from: /opt/homebrew/Cellar/jmeter/5.6.3/libexec/bin/user.properties
2026-09-03 10:54:12,187 INFO o.a.j.JMeter: Loading system properties from: /opt/homebrew/Cellar/jmeter/5.6.3/libexec/bin/system.properties
2026-09-03 10:54:12,187 INFO o.a.j.JMeter: Setting JMeter property: jmeter.save.saveservice.output_format=csv
2026-09-03 10:54:12,187 INFO o.a.j.JMeter: Setting JMeter property: jmeter.save.saveservice.print_field_names=true
2026-09-03 10:54:12,187 INFO o.a.j.JMeter: Setting JMeter property: jmeter.save.saveservice.connect_time=true
2026-09-03 10:54:12,187 INFO o.a.j.JMeter: Setting JMeter property: jmeter.save.saveservice.latency=true
2026-09-03 10:54:12,187 INFO o.a.j.JMeter: Setting JMeter property: jmeter.save.saveservice.bytes=true
2026-09-03 10:54:12,187 INFO o.a.j.JMeter: Setting JMeter property: jmeter.save.saveservice.sent_bytes=true
2026-09-03 10:54:12,187 INFO o.a.j.JMeter: Setting JMeter property: jmeter.save.saveservice.thread_counts=true
2026-09-03 10:54:12,187 INFO o.a.j.JMeter: Setting JMeter property: jmeter.save.saveservice.assertion_results_failure_message=true
2026-09-03 10:54:12,187 INFO o.a.j.JMeter: Setting JMeter property: port=3001
2026-09-03 10:54:12,189 INFO o.a.j.JMeter: Copyright (c) 1998-2024 The Apache Software Foundation
2026-09-03 10:54:12,189 INFO o.a.j.JMeter: Version 5.6.3
2026-09-03 10:54:12,189 INFO o.a.j.JMeter: java.version=21.0.12.1
2026-09-03 10:54:12,189 INFO o.a.j.JMeter: java.vm.name=OpenJDK 64-Bit Server VM
2026-09-03 10:54:12,189 INFO o.a.j.JMeter: os.name=Mac OS X
2026-09-03 10:54:12,189 INFO o.a.j.JMeter: os.arch=aarch64
2026-09-03 10:54:12,189 INFO o.a.j.JMeter: os.version=26.5.1
2026-09-03 10:54:12,189 INFO o.a.j.JMeter: file.encoding=UTF-8
2026-09-03 10:54:12,190 INFO o.a.j.JMeter: java.awt.headless=true
2026-09-03 10:54:12,190 INFO o.a.j.JMeter: Max memory     =1073741824
2026-09-03 10:54:12,190 INFO o.a.j.JMeter: Available Processors =10
2026-09-03 10:54:12,193 INFO o.a.j.JMeter: Default Locale=English (EN)
2026-09-03 10:54:12,193 INFO o.a.j.JMeter: JMeter  Locale=English (EN)
2026-09-03 10:54:12,193 INFO o.a.j.JMeter: JMeterHome=/opt/homebrew/Cellar/jmeter/5.6.3/libexec
2026-09-03 10:54:12,193 INFO o.a.j.JMeter: user.dir  =/Users/kunda/Documents/hw/hw05
2026-09-03 10:54:12,193 INFO o.a.j.JMeter: PWD       =/Users/kunda/Documents/hw/hw05
2026-09-03 10:54:12,195 INFO o.a.j.JMeter: IP: 127.0.0.1 Name: MacBook-Air-cua-KunDa.local FullName: localhost
2026-09-03 10:54:12,201 INFO o.a.j.JMeter: Setting property 'jmeter.reportgenerator.outputdir' to:'/Users/kunda/Documents/hw/hw05/reports/23127035_Load_20260903'
2026-09-03 10:54:12,203 INFO o.a.j.s.FileServer: Default base='/Users/kunda/Documents/hw/hw05'
2026-09-03 10:54:12,203 INFO o.a.j.s.FileServer: Set new base='/Users/kunda/Documents/hw/hw05/test-plans'
2026-09-03 10:54:12,268 INFO o.a.j.s.SaveService: Testplan (JMX) version: 2.2. Testlog (JTL) version: 2.2
2026-09-03 10:54:12,279 INFO o.a.j.s.SaveService: Using SaveService properties version 5.0
2026-09-03 10:54:12,280 INFO o.a.j.s.SaveService: Using SaveService properties file encoding UTF-8
2026-09-03 10:54:12,281 INFO o.a.j.s.SaveService: Loading file: /Users/kunda/Documents/hw/hw05/test-plans/23127035_Load_20260903.jmx
2026-09-03 10:54:12,307 INFO o.a.j.p.h.s.HTTPSamplerBase: Parser for text/html is org.apache.jmeter.protocol.http.parser.LagartoBasedHtmlParser
2026-09-03 10:54:12,307 INFO o.a.j.p.h.s.HTTPSamplerBase: Parser for application/xhtml+xml is org.apache.jmeter.protocol.http.parser.LagartoBasedHtmlParser
2026-09-03 10:54:12,307 INFO o.a.j.p.h.s.HTTPSamplerBase: Parser for application/xml is org.apache.jmeter.protocol.http.parser.LagartoBasedHtmlParser
2026-09-03 10:54:12,307 INFO o.a.j.p.h.s.HTTPSamplerBase: Parser for text/xml is org.apache.jmeter.protocol.http.parser.LagartoBasedHtmlParser
2026-09-03 10:54:12,307 INFO o.a.j.p.h.s.HTTPSamplerBase: Parser for text/vnd.wap.wml is org.apache.jmeter.protocol.http.parser.RegexpHTMLParser
2026-09-03 10:54:12,307 INFO o.a.j.p.h.s.HTTPSamplerBase: Parser for text/css is org.apache.jmeter.protocol.http.parser.CssParser
2026-09-03 10:54:12,330 INFO o.a.j.JMeter: Creating summariser <summary>
2026-09-03 10:54:12,332 INFO o.a.j.r.d.ReportGenerator: ReportGenerator will use for Parsing the separator: ','
2026-09-03 10:54:12,332 INFO o.a.j.r.d.ReportGenerator: Will generate report at end of test from  results file: /Users/kunda/Documents/hw/hw05/results/23127035_Load_20260903.jtl
2026-09-03 10:54:12,332 INFO o.a.j.r.d.ReportGenerator: Reading report generator properties from: /opt/homebrew/Cellar/jmeter/5.6.3/libexec/bin/reportgenerator.properties
2026-09-03 10:54:12,332 INFO o.a.j.r.d.ReportGenerator: Merging with JMeter properties
2026-09-03 10:54:12,334 INFO o.a.j.r.c.ReportGeneratorConfiguration: Property 'jmeter.reportgenerator.temp_dir' not found, using default value 'temp' instead.
2026-09-03 10:54:12,334 INFO o.a.j.r.c.ReportGeneratorConfiguration: Property 'jmeter.reportgenerator.apdex_per_transaction' not found, using default value 'null' instead.
2026-09-03 10:54:12,334 INFO o.a.j.r.c.ReportGeneratorConfiguration: apdex_per_transaction is empty, not APDEX per transaction customization
2026-09-03 10:54:12,334 INFO o.a.j.r.c.ReportGeneratorConfiguration: Property 'jmeter.reportgenerator.sample_filter' not found, using default value 'null' instead.
2026-09-03 10:54:12,334 INFO o.a.j.r.c.ReportGeneratorConfiguration: Property 'jmeter.reportgenerator.report_title' not found, using default value 'null' instead.
2026-09-03 10:54:12,334 INFO o.a.j.r.c.ReportGeneratorConfiguration: Property 'jmeter.reportgenerator.start_date' not found, using default value 'null' instead.
2026-09-03 10:54:12,334 INFO o.a.j.r.c.ReportGeneratorConfiguration: Property 'jmeter.reportgenerator.end_date' not found, using default value 'null' instead.
2026-09-03 10:54:12,334 INFO o.a.j.r.c.ReportGeneratorConfiguration: Property 'jmeter.reportgenerator.date_format' not found, using default value 'null' instead.
2026-09-03 10:54:12,335 INFO o.a.j.r.c.ReportGeneratorConfiguration: Will use date range start date: null, end date: null
2026-09-03 10:54:12,336 INFO o.a.j.r.c.ReportGeneratorConfiguration: Property 'jmeter.reportgenerator.graph.totalTPS.exclude_controllers' not found, using default value 'false' instead.
2026-09-03 10:54:12,336 INFO o.a.j.r.c.ReportGeneratorConfiguration: Property 'jmeter.reportgenerator.graph.activeThreadsOverTime.exclude_controllers' not found, using default value 'false' instead.
2026-09-03 10:54:12,336 INFO o.a.j.r.c.ReportGeneratorConfiguration: Property 'jmeter.reportgenerator.graph.timeVsThreads.exclude_controllers' not found, using default value 'false' instead.
2026-09-03 10:54:12,336 INFO o.a.j.r.c.ReportGeneratorConfiguration: Property 'jmeter.reportgenerator.graph.responseTimeDistribution.exclude_controllers' not found, using default value 'false' instead.
2026-09-03 10:54:12,336 INFO o.a.j.r.c.ReportGeneratorConfiguration: Property 'jmeter.reportgenerator.graph.transactionsPerSecond.exclude_controllers' not found, using default value 'false' instead.
2026-09-03 10:54:12,336 INFO o.a.j.r.c.ReportGeneratorConfiguration: Property 'jmeter.reportgenerator.graph.responseTimePercentiles.exclude_controllers' not found, using default value 'false' instead.
2026-09-03 10:54:12,336 INFO o.a.j.r.c.ReportGeneratorConfiguration: Property 'jmeter.reportgenerator.graph.responseTimePercentilesOverTime.exclude_controllers' not found, using default value 'false' instead.
2026-09-03 10:54:12,337 INFO o.a.j.r.c.ReportGeneratorConfiguration: Property 'jmeter.reportgenerator.graph.responseTimesOverTime.exclude_controllers' not found, using default value 'false' instead.
2026-09-03 10:54:12,337 INFO o.a.j.r.c.ReportGeneratorConfiguration: Property 'jmeter.reportgenerator.graph.connectTimeOverTime.exclude_controllers' not found, using default value 'false' instead.
2026-09-03 10:54:12,337 INFO o.a.j.r.c.ReportGeneratorConfiguration: Property 'jmeter.reportgenerator.graph.latenciesOverTime.exclude_controllers' not found, using default value 'false' instead.
2026-09-03 10:54:12,337 INFO o.a.j.r.c.ReportGeneratorConfiguration: Property 'jmeter.reportgenerator.exporter.json.filters_only_sample_series' not found, using default value 'true' instead.
2026-09-03 10:54:12,337 INFO o.a.j.r.c.ReportGeneratorConfiguration: Property 'jmeter.reportgenerator.exporter.json.series_filter' not found, using default value '' instead.
2026-09-03 10:54:12,337 INFO o.a.j.r.c.ReportGeneratorConfiguration: Property 'jmeter.reportgenerator.exporter.json.show_controllers_only' not found, using default value 'false' instead.
2026-09-03 10:54:12,337 INFO o.a.j.r.c.ReportGeneratorConfiguration: Property 'jmeter.reportgenerator.exporter.html.filters_only_sample_series' not found, using default value 'true' instead.
2026-09-03 10:54:12,337 INFO o.a.j.r.c.ReportGeneratorConfiguration: Property 'jmeter.reportgenerator.exporter.html.series_filter' not found, using default value '' instead.
2026-09-03 10:54:12,337 INFO o.a.j.r.c.ReportGeneratorConfiguration: Property 'jmeter.reportgenerator.exporter.html.show_controllers_only' not found, using default value 'false' instead.
2026-09-03 10:54:12,341 INFO o.a.j.e.StandardJMeterEngine: Running the test!
2026-09-03 10:54:12,341 INFO o.a.j.s.SampleEvent: List of sample_variables: []
2026-09-03 10:54:12,341 INFO o.a.j.s.SampleEvent: List of sample_variables: []
2026-09-03 10:54:12,343 INFO o.a.j.e.u.CompoundVariable: Note: Function class names must contain the string: '.functions.'
2026-09-03 10:54:12,343 INFO o.a.j.e.u.CompoundVariable: Note: Function class names must not contain the string: '.gui.'
2026-09-03 10:54:12,356 INFO o.a.j.r.ClassFinder: Will scan jar /opt/homebrew/Cellar/jmeter/5.6.3/libexec/lib/ext/jmeter-plugins-manager-1.9.jar with filter ExtendsClassFilter [parents=[interface org.apache.jmeter.functions.Function], inner=false, contains=null, notContains=null]. Consider exposing JMeter plugins via META-INF/services, and add JMeter-Skip-Class-Scanning=true manifest attribute so JMeter can skip classfile scanning
2026-09-03 10:54:12,468 INFO o.a.j.JMeter: Running test (1788407652468)
2026-09-03 10:54:12,476 INFO o.a.j.e.StandardJMeterEngine: Starting ThreadGroup: 1 : Load - 6 VUs steady
2026-09-03 10:54:12,476 INFO o.a.j.e.StandardJMeterEngine: Starting 6 threads for group Load - 6 VUs steady.
2026-09-03 10:54:12,476 INFO o.a.j.e.StandardJMeterEngine: Thread will continue on error
2026-09-03 10:54:12,476 INFO o.a.j.t.ThreadGroup: Starting thread group... number=1 threads=6 ramp-up=15 delayedStart=false
2026-09-03 10:54:12,480 INFO o.a.j.t.ThreadGroup: Started thread group number 1
2026-09-03 10:54:12,480 INFO o.a.j.e.StandardJMeterEngine: All thread groups have been started
2026-09-03 10:54:12,482 INFO o.a.j.t.JMeterThread: Thread started: Load - 6 VUs steady 1-1
2026-09-03 10:54:12,483 INFO o.a.j.s.FileServer: Stored: ../data/performance_users.csv
2026-09-03 10:54:12,977 INFO o.a.j.p.h.s.HTTPHCAbstractImpl: Local host = MacBook-Air-cua-KunDa.local
2026-09-03 10:54:12,981 INFO o.a.j.p.h.s.HTTPHC4Impl: HTTP request retry count = 0
2026-09-03 10:54:12,982 INFO o.a.j.s.SampleResult: Note: Sample TimeStamps are START times
2026-09-03 10:54:12,982 INFO o.a.j.s.SampleResult: sampleresult.default.encoding is set to UTF-8
2026-09-03 10:54:12,982 INFO o.a.j.s.SampleResult: sampleresult.useNanoTime=true
2026-09-03 10:54:12,982 INFO o.a.j.s.SampleResult: sampleresult.nanoThreadSleep=5000
2026-09-03 10:54:14,980 INFO o.a.j.t.JMeterThread: Thread started: Load - 6 VUs steady 1-2
2026-09-03 10:54:17,485 INFO o.a.j.t.JMeterThread: Thread started: Load - 6 VUs steady 1-3
2026-09-03 10:54:19,982 INFO o.a.j.t.JMeterThread: Thread started: Load - 6 VUs steady 1-4
2026-09-03 10:54:22,484 INFO o.a.j.t.JMeterThread: Thread started: Load - 6 VUs steady 1-5
2026-09-03 10:54:24,980 INFO o.a.j.t.JMeterThread: Thread started: Load - 6 VUs steady 1-6
2026-09-03 10:54:30,101 INFO o.a.j.r.Summariser: summary +    188 in 00:00:18 =   10.7/s Avg:     3 Min:     0 Max:    19 Err:     0 (0.00%) Active: 6 Started: 6 Finished: 0
2026-09-03 10:55:00,008 INFO o.a.j.r.Summariser: summary +    504 in 00:00:30 =   16.9/s Avg:     3 Min:     0 Max:     8 Err:     0 (0.00%) Active: 6 Started: 6 Finished: 0
2026-09-03 10:55:00,010 INFO o.a.j.r.Summariser: summary =    692 in 00:00:48 =   14.6/s Avg:     3 Min:     0 Max:    19 Err:     0 (0.00%)
2026-09-03 10:55:30,025 INFO o.a.j.r.Summariser: summary +    501 in 00:00:30 =   16.7/s Avg:     2 Min:     0 Max:     9 Err:     0 (0.00%) Active: 6 Started: 6 Finished: 0
2026-09-03 10:55:30,027 INFO o.a.j.r.Summariser: summary =   1193 in 00:01:18 =   15.4/s Avg:     3 Min:     0 Max:    19 Err:     0 (0.00%)
2026-09-03 10:56:00,044 INFO o.a.j.r.Summariser: summary +    498 in 00:00:30 =   16.6/s Avg:     2 Min:     0 Max:     7 Err:     0 (0.00%) Active: 6 Started: 6 Finished: 0
2026-09-03 10:56:00,045 INFO o.a.j.r.Summariser: summary =   1691 in 00:01:48 =   15.7/s Avg:     2 Min:     0 Max:    19 Err:     0 (0.00%)
2026-09-03 10:56:12,231 INFO o.a.j.t.JMeterThread: Thread finished: Load - 6 VUs steady 1-5
2026-09-03 10:56:12,244 INFO o.a.j.t.JMeterThread: Thread finished: Load - 6 VUs steady 1-2
2026-09-03 10:56:12,329 INFO o.a.j.t.JMeterThread: Thread finished: Load - 6 VUs steady 1-3
2026-09-03 10:56:12,367 INFO o.a.j.t.JMeterThread: Thread finished: Load - 6 VUs steady 1-1
2026-09-03 10:56:12,455 INFO o.a.j.t.JMeterThread: Thread finished: Load - 6 VUs steady 1-4
2026-09-03 10:56:12,458 INFO o.a.j.t.JMeterThread: Thread finished: Load - 6 VUs steady 1-6
2026-09-03 10:56:12,458 INFO o.a.j.e.StandardJMeterEngine: Notifying test listeners of end of test
2026-09-03 10:56:12,459 INFO o.a.j.s.FileServer: Close: ../data/performance_users.csv
2026-09-03 10:56:12,466 INFO o.a.j.r.Summariser: summary +    211 in 00:00:12 =   17.0/s Avg:     2 Min:     1 Max:     6 Err:     0 (0.00%) Active: 0 Started: 6 Finished: 6
2026-09-03 10:56:12,467 INFO o.a.j.r.Summariser: summary =   1902 in 00:02:00 =   15.9/s Avg:     2 Min:     0 Max:    19 Err:     0 (0.00%)
2026-09-03 10:56:12,467 INFO o.a.j.JMeter: Generating Dashboard
2026-09-03 10:56:12,467 INFO o.a.j.r.d.ReportGenerator: Flushing result collector before report Generation
2026-09-03 10:56:12,477 INFO o.a.j.r.p.NormalizerSampleConsumer: Using format, 'ms', to parse timeStamp field
2026-09-03 10:56:12,548 INFO o.a.j.r.p.AbstractSampleConsumer: class org.apache.jmeter.report.processor.AggregateConsumer#stopProducing(): beginDate produced 0 samples
2026-09-03 10:56:12,548 INFO o.a.j.r.p.AbstractSampleConsumer: class org.apache.jmeter.report.processor.AggregateConsumer#stopProducing(): endDate produced 0 samples
2026-09-03 10:56:12,549 INFO o.a.j.r.p.AbstractSampleConsumer: class org.apache.jmeter.report.processor.ApdexSummaryConsumer#stopProducing(): apdexSummary produced 0 samples
2026-09-03 10:56:12,549 INFO o.a.j.r.p.AbstractSampleConsumer: class org.apache.jmeter.report.processor.RequestsSummaryConsumer#stopProducing(): requestsSummary produced 0 samples
2026-09-03 10:56:12,551 INFO o.a.j.r.p.AbstractSampleConsumer: class org.apache.jmeter.report.processor.StatisticsSummaryConsumer#stopProducing(): statisticsSummary produced 0 samples
2026-09-03 10:56:12,553 INFO o.a.j.r.p.AbstractSampleConsumer: class org.apache.jmeter.report.processor.Top5ErrorsBySamplerConsumer#stopProducing(): top5ErrorsBySampler produced 0 samples
2026-09-03 10:56:12,553 INFO o.a.j.r.p.AbstractSampleConsumer: class org.apache.jmeter.report.processor.ErrorsSummaryConsumer#stopProducing(): errorsSummary produced 0 samples
2026-09-03 10:56:12,553 INFO o.a.j.r.p.AbstractSampleConsumer: class org.apache.jmeter.report.processor.graph.impl.HitsPerSecondGraphConsumer#stopProducing(): hitsPerSecond produced 0 samples
2026-09-03 10:56:12,565 INFO o.a.j.r.p.AbstractSampleConsumer: class org.apache.jmeter.report.processor.graph.impl.LatencyVSRequestGraphConsumer#stopProducing(): latencyVsRequest produced 0 samples
2026-09-03 10:56:12,565 INFO o.a.j.r.p.AbstractSampleConsumer: class org.apache.jmeter.report.processor.graph.impl.SyntheticResponseTimeDistributionGraphConsumer#stopProducing(): syntheticResponseTimeDistribution produced 0 samples
2026-09-03 10:56:12,565 INFO o.a.j.r.p.AbstractSampleConsumer: class org.apache.jmeter.report.processor.graph.impl.BytesThroughputGraphConsumer#stopProducing(): bytesThroughputOverTime produced 0 samples
2026-09-03 10:56:12,565 INFO o.a.j.r.p.AbstractSampleConsumer: class org.apache.jmeter.report.processor.graph.impl.CodesPerSecondGraphConsumer#stopProducing(): codesPerSecond produced 0 samples
2026-09-03 10:56:12,573 INFO o.a.j.r.p.AbstractSampleConsumer: class org.apache.jmeter.report.processor.graph.impl.ResponseTimeVSRequestGraphConsumer#stopProducing(): responseTimeVsRequest produced 0 samples
2026-09-03 10:56:12,573 INFO o.a.j.r.p.AbstractSampleConsumer: class org.apache.jmeter.report.processor.FilterConsumer#stopProducing(): startIntervalControlerFilter produced 13314 samples
2026-09-03 10:56:12,573 INFO o.a.j.r.p.AbstractSampleConsumer: class org.apache.jmeter.report.processor.graph.impl.TotalTPSGraphConsumer#stopProducing(): totalTPS produced 0 samples
2026-09-03 10:56:12,573 INFO o.a.j.r.p.AbstractSampleConsumer: class org.apache.jmeter.report.processor.graph.impl.ActiveThreadsGraphConsumer#stopProducing(): activeThreadsOverTime produced 0 samples
2026-09-03 10:56:12,573 INFO o.a.j.r.p.AbstractSampleConsumer: class org.apache.jmeter.report.processor.graph.impl.TimeVSThreadGraphConsumer#stopProducing(): timeVsThreads produced 0 samples
2026-09-03 10:56:12,573 INFO o.a.j.r.p.AbstractSampleConsumer: class org.apache.jmeter.report.processor.graph.impl.ResponseTimeDistributionGraphConsumer#stopProducing(): responseTimeDistribution produced 0 samples
2026-09-03 10:56:12,573 INFO o.a.j.r.p.AbstractSampleConsumer: class org.apache.jmeter.report.processor.graph.impl.TransactionsPerSecondGraphConsumer#stopProducing(): transactionsPerSecond produced 0 samples
2026-09-03 10:56:12,573 INFO o.a.j.r.p.AbstractSampleConsumer: class org.apache.jmeter.report.processor.graph.impl.ResponseTimePercentilesGraphConsumer#stopProducing(): responseTimePercentiles produced 0 samples
2026-09-03 10:56:12,574 INFO o.a.j.r.p.AbstractSampleConsumer: class org.apache.jmeter.report.processor.graph.impl.ResponseTimePercentilesOverTimeGraphConsumer#stopProducing(): responseTimePercentilesOverTime produced 0 samples
2026-09-03 10:56:12,574 INFO o.a.j.r.p.AbstractSampleConsumer: class org.apache.jmeter.report.processor.graph.impl.ResponseTimeOverTimeGraphConsumer#stopProducing(): responseTimesOverTime produced 0 samples
2026-09-03 10:56:12,574 INFO o.a.j.r.p.AbstractSampleConsumer: class org.apache.jmeter.report.processor.graph.impl.ConnectTimeOverTimeGraphConsumer#stopProducing(): connectTimeOverTime produced 0 samples
2026-09-03 10:56:12,574 INFO o.a.j.r.p.AbstractSampleConsumer: class org.apache.jmeter.report.processor.graph.impl.LatencyOverTimeGraphConsumer#stopProducing(): latenciesOverTime produced 0 samples
2026-09-03 10:56:12,574 INFO o.a.j.r.p.AbstractSampleConsumer: class org.apache.jmeter.report.processor.FilterConsumer#stopProducing(): nameFilter produced 28530 samples
2026-09-03 10:56:12,574 INFO o.a.j.r.p.AbstractSampleConsumer: class org.apache.jmeter.report.processor.FilterConsumer#stopProducing(): dateRangeFilter produced 5706 samples
2026-09-03 10:56:12,574 INFO o.a.j.r.p.AbstractSampleConsumer: class org.apache.jmeter.report.processor.NormalizerSampleConsumer#stopProducing(): normalizer produced 1902 samples
2026-09-03 10:56:12,574 INFO o.a.j.r.p.CsvFileSampleSource: produce(): 1902 samples produced in 84ms on channel 0
2026-09-03 10:56:12,574 INFO o.a.j.r.d.ReportGenerator: Exporting data using exporter:'json' of className:'org.apache.jmeter.report.dashboard.JsonExporter'
2026-09-03 10:56:12,614 INFO o.a.j.r.d.JsonExporter: Found data for consumer statisticsSummary in context
2026-09-03 10:56:12,614 INFO o.a.j.r.d.JsonExporter: Creating statistics for overall
2026-09-03 10:56:12,614 INFO o.a.j.r.d.JsonExporter: Creating statistics for other transactions
2026-09-03 10:56:12,614 INFO o.a.j.r.d.JsonExporter: Checking output folder
2026-09-03 10:56:12,614 INFO o.a.j.r.d.JsonExporter: Writing statistics JSON to /Users/kunda/Documents/hw/hw05/reports/23127035_Load_20260903/statistics.json
2026-09-03 10:56:12,633 INFO o.a.j.r.d.ReportGenerator: Exporting data using exporter:'html' of className:'org.apache.jmeter.report.dashboard.HtmlTemplateExporter'
2026-09-03 10:56:12,634 INFO o.a.j.r.d.HtmlTemplateExporter: Will generate dashboard in folder: /Users/kunda/Documents/hw/hw05/reports/23127035_Load_20260903
2026-09-03 10:56:12,678 INFO o.a.j.r.d.HtmlTemplateExporter: Report will be generated in: /Users/kunda/Documents/hw/hw05/reports/23127035_Load_20260903, creating folder structure
2026-09-03 10:56:12,678 INFO o.a.j.r.d.TemplateVisitor: Copying folder from '/opt/homebrew/Cellar/jmeter/5.6.3/libexec/bin/report-template' to '/Users/kunda/Documents/hw/hw05/reports/23127035_Load_20260903', got message: /Users/kunda/Documents/hw/hw05/reports/23127035_Load_20260903, found non empty folder with following content [/Users/kunda/Documents/hw/hw05/reports/23127035_Load_20260903/statistics.json], will be ignored
2026-09-03 10:56:12,813 INFO o.a.j.JMeter: Dashboard generated
