WARNING: package sun.awt.X11 not in java.desktop
WARN StatusConsoleListener The use of package scanning to locate plugins is deprecated and will be removed in a future release
WARN StatusConsoleListener The use of package scanning to locate plugins is deprecated and will be removed in a future release
WARN StatusConsoleListener The use of package scanning to locate plugins is deprecated and will be removed in a future release
WARN StatusConsoleListener The use of package scanning to locate plugins is deprecated and will be removed in a future release
Creating summariser <summary>
Created the tree successfully using /Users/kunda/Documents/hw/hw05/test-plans/23127035_Load_20260903.jmx
Starting standalone test @ 2026 Sep 3 10:54:12 ICT (1788407652338)
Waiting for possible Shutdown/StopTestNow/HeapDump/ThreadDump message on port 4445
summary +    188 in 00:00:18 =   10.7/s Avg:     3 Min:     0 Max:    19 Err:     0 (0.00%) Active: 6 Started: 6 Finished: 0
summary +    504 in 00:00:30 =   16.9/s Avg:     3 Min:     0 Max:     8 Err:     0 (0.00%) Active: 6 Started: 6 Finished: 0
summary =    692 in 00:00:48 =   14.6/s Avg:     3 Min:     0 Max:    19 Err:     0 (0.00%)
summary +    501 in 00:00:30 =   16.7/s Avg:     2 Min:     0 Max:     9 Err:     0 (0.00%) Active: 6 Started: 6 Finished: 0
summary =   1193 in 00:01:18 =   15.4/s Avg:     3 Min:     0 Max:    19 Err:     0 (0.00%)
summary +    498 in 00:00:30 =   16.6/s Avg:     2 Min:     0 Max:     7 Err:     0 (0.00%) Active: 6 Started: 6 Finished: 0
summary =   1691 in 00:01:48 =   15.7/s Avg:     2 Min:     0 Max:    19 Err:     0 (0.00%)
summary +    211 in 00:00:12 =   17.0/s Avg:     2 Min:     1 Max:     6 Err:     0 (0.00%) Active: 0 Started: 6 Finished: 6
summary =   1902 in 00:02:00 =   15.9/s Avg:     2 Min:     0 Max:    19 Err:     0 (0.00%)
Tidying up ...    @ 2026 Sep 3 10:56:12 ICT (1788407772467)
... end of run
