WARNING: package sun.awt.X11 not in java.desktop
WARN StatusConsoleListener The use of package scanning to locate plugins is deprecated and will be removed in a future release
WARN StatusConsoleListener The use of package scanning to locate plugins is deprecated and will be removed in a future release
WARN StatusConsoleListener The use of package scanning to locate plugins is deprecated and will be removed in a future release
WARN StatusConsoleListener The use of package scanning to locate plugins is deprecated and will be removed in a future release
Creating summariser <summary>
Created the tree successfully using /Users/kunda/Documents/hw/hw05/test-plans/23127035_Spike_20260831.jmx
Starting standalone test @ 2026 Sep 1 17:35:09 ICT (1788258909796)
Waiting for possible Shutdown/StopTestNow/HeapDump/ThreadDump message on port 4445
summary +    149 in 00:00:20 =    7.4/s Avg:     3 Min:     1 Max:    50 Err:     0 (0.00%) Active: 3 Started: 3 Finished: 0
summary +    587 in 00:00:30 =   19.6/s Avg:     1 Min:     0 Max:    13 Err:     0 (0.00%) Active: 30 Started: 33 Finished: 3
summary =    736 in 00:00:50 =   14.7/s Avg:     2 Min:     0 Max:    50 Err:     0 (0.00%)
summary +   2144 in 00:00:30 =   71.3/s Avg:     1 Min:     0 Max:    10 Err:     0 (0.00%) Active: 3 Started: 36 Finished: 33
summary =   2880 in 00:01:20 =   35.9/s Avg:     1 Min:     0 Max:    50 Err:     0 (0.00%)
summary +    255 in 00:00:30 =    8.5/s Avg:     2 Min:     0 Max:     5 Err:     0 (0.00%) Active: 3 Started: 36 Finished: 33
summary =   3135 in 00:01:50 =   28.4/s Avg:     1 Min:     0 Max:    50 Err:     0 (0.00%)
summary +     81 in 00:00:10 =    8.4/s Avg:     2 Min:     0 Max:     5 Err:     0 (0.00%) Active: 0 Started: 36 Finished: 36
summary =   3216 in 00:02:00 =   26.8/s Avg:     1 Min:     0 Max:    50 Err:     0 (0.00%)
Tidying up ...    @ 2026 Sep 1 17:37:09 ICT (1788259029818)
... end of run
