2026-08-31 17:57:46,342 INFO o.a.j.u.JMeterUtils: Setting Locale to en_EN
2026-08-31 17:57:46,352 INFO o.a.j.JMeter: Loading user properties from: /opt/homebrew/Cellar/jmeter/5.6.3/libexec/bin/user.properties
2026-08-31 17:57:46,352 INFO o.a.j.JMeter: Loading system properties from: /opt/homebrew/Cellar/jmeter/5.6.3/libexec/bin/system.properties
2026-08-31 17:57:46,352 INFO o.a.j.JMeter: Setting JMeter property: jmeter.save.saveservice.output_format=csv
2026-08-31 17:57:46,352 INFO o.a.j.JMeter: Setting JMeter property: jmeter.save.saveservice.print_field_names=true
2026-08-31 17:57:46,352 INFO o.a.j.JMeter: Setting JMeter property: jmeter.save.saveservice.connect_time=true
2026-08-31 17:57:46,352 INFO o.a.j.JMeter: Setting JMeter property: jmeter.save.saveservice.latency=true
2026-08-31 17:57:46,352 INFO o.a.j.JMeter: Setting JMeter property: jmeter.save.saveservice.bytes=true
2026-08-31 17:57:46,352 INFO o.a.j.JMeter: Setting JMeter property: jmeter.save.saveservice.sent_bytes=true
2026-08-31 17:57:46,352 INFO o.a.j.JMeter: Setting JMeter property: jmeter.save.saveservice.thread_counts=true
2026-08-31 17:57:46,352 INFO o.a.j.JMeter: Setting JMeter property: jmeter.save.saveservice.assertion_results_failure_message=true
2026-08-31 17:57:46,352 INFO o.a.j.JMeter: Setting JMeter property: port=3001
2026-08-31 17:57:46,355 INFO o.a.j.JMeter: Copyright (c) 1998-2024 The Apache Software Foundation
2026-08-31 17:57:46,355 INFO o.a.j.JMeter: Version 5.6.3
2026-08-31 17:57:46,355 INFO o.a.j.JMeter: java.version=21.0.12.1
2026-08-31 17:57:46,355 INFO o.a.j.JMeter: java.vm.name=OpenJDK 64-Bit Server VM
2026-08-31 17:57:46,355 INFO o.a.j.JMeter: os.name=Mac OS X
2026-08-31 17:57:46,355 INFO o.a.j.JMeter: os.arch=aarch64
2026-08-31 17:57:46,355 INFO o.a.j.JMeter: os.version=26.5.1
2026-08-31 17:57:46,355 INFO o.a.j.JMeter: file.encoding=UTF-8
2026-08-31 17:57:46,355 INFO o.a.j.JMeter: java.awt.headless=true
2026-08-31 17:57:46,355 INFO o.a.j.JMeter: Max memory     =1073741824
2026-08-31 17:57:46,355 INFO o.a.j.JMeter: Available Processors =10
2026-08-31 17:57:46,359 INFO o.a.j.JMeter: Default Locale=English (EN)
2026-08-31 17:57:46,359 INFO o.a.j.JMeter: JMeter  Locale=English (EN)
2026-08-31 17:57:46,359 INFO o.a.j.JMeter: JMeterHome=/opt/homebrew/Cellar/jmeter/5.6.3/libexec
2026-08-31 17:57:46,360 INFO o.a.j.JMeter: user.dir  =/Users/kunda/Documents/hw/hw05
2026-08-31 17:57:46,360 INFO o.a.j.JMeter: PWD       =/Users/kunda/Documents/hw/hw05
2026-08-31 17:57:46,361 INFO o.a.j.JMeter: IP: 127.0.0.1 Name: MacBook-Air-cua-KunDa.local FullName: localhost
2026-08-31 17:57:46,367 INFO o.a.j.JMeter: Setting property 'jmeter.reportgenerator.outputdir' to:'/Users/kunda/Documents/hw/hw05/reports/23127035_Soak_20260831'
2026-08-31 17:57:46,369 INFO o.a.j.s.FileServer: Default base='/Users/kunda/Documents/hw/hw05'
2026-08-31 17:57:46,369 INFO o.a.j.s.FileServer: Set new base='/Users/kunda/Documents/hw/hw05/test-plans'
2026-08-31 17:57:46,442 INFO o.a.j.s.SaveService: Testplan (JMX) version: 2.2. Testlog (JTL) version: 2.2
2026-08-31 17:57:46,457 INFO o.a.j.s.SaveService: Using SaveService properties version 5.0
2026-08-31 17:57:46,458 INFO o.a.j.s.SaveService: Using SaveService properties file encoding UTF-8
2026-08-31 17:57:46,459 INFO o.a.j.s.SaveService: Loading file: /Users/kunda/Documents/hw/hw05/test-plans/23127035_Soak_20260831.jmx
2026-08-31 17:57:46,483 INFO o.a.j.p.h.s.HTTPSamplerBase: Parser for text/html is org.apache.jmeter.protocol.http.parser.LagartoBasedHtmlParser
2026-08-31 17:57:46,483 INFO o.a.j.p.h.s.HTTPSamplerBase: Parser for application/xhtml+xml is org.apache.jmeter.protocol.http.parser.LagartoBasedHtmlParser
2026-08-31 17:57:46,483 INFO o.a.j.p.h.s.HTTPSamplerBase: Parser for application/xml is org.apache.jmeter.protocol.http.parser.LagartoBasedHtmlParser
2026-08-31 17:57:46,483 INFO o.a.j.p.h.s.HTTPSamplerBase: Parser for text/xml is org.apache.jmeter.protocol.http.parser.LagartoBasedHtmlParser
2026-08-31 17:57:46,484 INFO o.a.j.p.h.s.HTTPSamplerBase: Parser for text/vnd.wap.wml is org.apache.jmeter.protocol.http.parser.RegexpHTMLParser
2026-08-31 17:57:46,484 INFO o.a.j.p.h.s.HTTPSamplerBase: Parser for text/css is org.apache.jmeter.protocol.http.parser.CssParser
2026-08-31 17:57:46,504 INFO o.a.j.JMeter: Creating summariser <summary>
2026-08-31 17:57:46,509 INFO o.a.j.r.d.ReportGenerator: ReportGenerator will use for Parsing the separator: ','
2026-08-31 17:57:46,509 INFO o.a.j.r.d.ReportGenerator: Will generate report at end of test from  results file: /Users/kunda/Documents/hw/hw05/results/23127035_Soak_20260831.jtl
2026-08-31 17:57:46,509 INFO o.a.j.r.d.ReportGenerator: Reading report generator properties from: /opt/homebrew/Cellar/jmeter/5.6.3/libexec/bin/reportgenerator.properties
2026-08-31 17:57:46,510 INFO o.a.j.r.d.ReportGenerator: Merging with JMeter properties
2026-08-31 17:57:46,511 INFO o.a.j.r.c.ReportGeneratorConfiguration: Property 'jmeter.reportgenerator.temp_dir' not found, using default value 'temp' instead.
2026-08-31 17:57:46,512 INFO o.a.j.r.c.ReportGeneratorConfiguration: Property 'jmeter.reportgenerator.apdex_per_transaction' not found, using default value 'null' instead.
2026-08-31 17:57:46,512 INFO o.a.j.r.c.ReportGeneratorConfiguration: apdex_per_transaction is empty, not APDEX per transaction customization
2026-08-31 17:57:46,512 INFO o.a.j.r.c.ReportGeneratorConfiguration: Property 'jmeter.reportgenerator.sample_filter' not found, using default value 'null' instead.
2026-08-31 17:57:46,512 INFO o.a.j.r.c.ReportGeneratorConfiguration: Property 'jmeter.reportgenerator.report_title' not found, using default value 'null' instead.
2026-08-31 17:57:46,512 INFO o.a.j.r.c.ReportGeneratorConfiguration: Property 'jmeter.reportgenerator.start_date' not found, using default value 'null' instead.
2026-08-31 17:57:46,512 INFO o.a.j.r.c.ReportGeneratorConfiguration: Property 'jmeter.reportgenerator.end_date' not found, using default value 'null' instead.
2026-08-31 17:57:46,512 INFO o.a.j.r.c.ReportGeneratorConfiguration: Property 'jmeter.reportgenerator.date_format' not found, using default value 'null' instead.
2026-08-31 17:57:46,512 INFO o.a.j.r.c.ReportGeneratorConfiguration: Will use date range start date: null, end date: null
2026-08-31 17:57:46,513 INFO o.a.j.r.c.ReportGeneratorConfiguration: Property 'jmeter.reportgenerator.graph.totalTPS.exclude_controllers' not found, using default value 'false' instead.
2026-08-31 17:57:46,513 INFO o.a.j.r.c.ReportGeneratorConfiguration: Property 'jmeter.reportgenerator.graph.activeThreadsOverTime.exclude_controllers' not found, using default value 'false' instead.
2026-08-31 17:57:46,513 INFO o.a.j.r.c.ReportGeneratorConfiguration: Property 'jmeter.reportgenerator.graph.timeVsThreads.exclude_controllers' not found, using default value 'false' instead.
2026-08-31 17:57:46,513 INFO o.a.j.r.c.ReportGeneratorConfiguration: Property 'jmeter.reportgenerator.graph.responseTimeDistribution.exclude_controllers' not found, using default value 'false' instead.
2026-08-31 17:57:46,514 INFO o.a.j.r.c.ReportGeneratorConfiguration: Property 'jmeter.reportgenerator.graph.transactionsPerSecond.exclude_controllers' not found, using default value 'false' instead.
2026-08-31 17:57:46,514 INFO o.a.j.r.c.ReportGeneratorConfiguration: Property 'jmeter.reportgenerator.graph.responseTimePercentiles.exclude_controllers' not found, using default value 'false' instead.
2026-08-31 17:57:46,514 INFO o.a.j.r.c.ReportGeneratorConfiguration: Property 'jmeter.reportgenerator.graph.responseTimePercentilesOverTime.exclude_controllers' not found, using default value 'false' instead.
2026-08-31 17:57:46,514 INFO o.a.j.r.c.ReportGeneratorConfiguration: Property 'jmeter.reportgenerator.graph.responseTimesOverTime.exclude_controllers' not found, using default value 'false' instead.
2026-08-31 17:57:46,514 INFO o.a.j.r.c.ReportGeneratorConfiguration: Property 'jmeter.reportgenerator.graph.connectTimeOverTime.exclude_controllers' not found, using default value 'false' instead.
2026-08-31 17:57:46,514 INFO o.a.j.r.c.ReportGeneratorConfiguration: Property 'jmeter.reportgenerator.graph.latenciesOverTime.exclude_controllers' not found, using default value 'false' instead.
2026-08-31 17:57:46,514 INFO o.a.j.r.c.ReportGeneratorConfiguration: Property 'jmeter.reportgenerator.exporter.json.filters_only_sample_series' not found, using default value 'true' instead.
2026-08-31 17:57:46,514 INFO o.a.j.r.c.ReportGeneratorConfiguration: Property 'jmeter.reportgenerator.exporter.json.series_filter' not found, using default value '' instead.
2026-08-31 17:57:46,514 INFO o.a.j.r.c.ReportGeneratorConfiguration: Property 'jmeter.reportgenerator.exporter.json.show_controllers_only' not found, using default value 'false' instead.
2026-08-31 17:57:46,514 INFO o.a.j.r.c.ReportGeneratorConfiguration: Property 'jmeter.reportgenerator.exporter.html.filters_only_sample_series' not found, using default value 'true' instead.
2026-08-31 17:57:46,514 INFO o.a.j.r.c.ReportGeneratorConfiguration: Property 'jmeter.reportgenerator.exporter.html.series_filter' not found, using default value '' instead.
2026-08-31 17:57:46,514 INFO o.a.j.r.c.ReportGeneratorConfiguration: Property 'jmeter.reportgenerator.exporter.html.show_controllers_only' not found, using default value 'false' instead.
2026-08-31 17:57:46,520 INFO o.a.j.e.StandardJMeterEngine: Running the test!
2026-08-31 17:57:46,520 INFO o.a.j.s.SampleEvent: List of sample_variables: []
2026-08-31 17:57:46,520 INFO o.a.j.s.SampleEvent: List of sample_variables: []
2026-08-31 17:57:46,521 INFO o.a.j.e.u.CompoundVariable: Note: Function class names must contain the string: '.functions.'
2026-08-31 17:57:46,521 INFO o.a.j.e.u.CompoundVariable: Note: Function class names must not contain the string: '.gui.'
2026-08-31 17:57:46,535 INFO o.a.j.r.ClassFinder: Will scan jar /opt/homebrew/Cellar/jmeter/5.6.3/libexec/lib/ext/jmeter-plugins-manager-1.9.jar with filter ExtendsClassFilter [parents=[interface org.apache.jmeter.functions.Function], inner=false, contains=null, notContains=null]. Consider exposing JMeter plugins via META-INF/services, and add JMeter-Skip-Class-Scanning=true manifest attribute so JMeter can skip classfile scanning
2026-08-31 17:57:46,651 INFO o.a.j.JMeter: Running test (1788173866651)
2026-08-31 17:57:46,659 INFO o.a.j.e.StandardJMeterEngine: Starting ThreadGroup: 1 : Soak - 30 VUs sustained
2026-08-31 17:57:46,659 INFO o.a.j.e.StandardJMeterEngine: Starting 30 threads for group Soak - 30 VUs sustained.
2026-08-31 17:57:46,659 INFO o.a.j.e.StandardJMeterEngine: Thread will continue on error
2026-08-31 17:57:46,660 INFO o.a.j.t.ThreadGroup: Starting thread group... number=1 threads=30 ramp-up=30 delayedStart=false
2026-08-31 17:57:46,665 INFO o.a.j.t.JMeterThread: Thread started: Soak - 30 VUs sustained 1-1
2026-08-31 17:57:46,666 INFO o.a.j.s.FileServer: Stored: ../data/performance_users.csv
2026-08-31 17:57:46,672 INFO o.a.j.t.ThreadGroup: Started thread group number 1
2026-08-31 17:57:46,672 INFO o.a.j.e.StandardJMeterEngine: All thread groups have been started
2026-08-31 17:57:47,223 INFO o.a.j.p.h.s.HTTPHCAbstractImpl: Local host = MacBook-Air-cua-KunDa.local
2026-08-31 17:57:47,229 INFO o.a.j.p.h.s.HTTPHC4Impl: HTTP request retry count = 0
2026-08-31 17:57:47,229 INFO o.a.j.s.SampleResult: Note: Sample TimeStamps are START times
2026-08-31 17:57:47,229 INFO o.a.j.s.SampleResult: sampleresult.default.encoding is set to UTF-8
2026-08-31 17:57:47,229 INFO o.a.j.s.SampleResult: sampleresult.useNanoTime=true
2026-08-31 17:57:47,230 INFO o.a.j.s.SampleResult: sampleresult.nanoThreadSleep=5000
2026-08-31 17:57:47,670 INFO o.a.j.t.JMeterThread: Thread started: Soak - 30 VUs sustained 1-2
2026-08-31 17:57:48,668 INFO o.a.j.t.JMeterThread: Thread started: Soak - 30 VUs sustained 1-3
2026-08-31 17:57:49,667 INFO o.a.j.t.JMeterThread: Thread started: Soak - 30 VUs sustained 1-4
2026-08-31 17:57:50,667 INFO o.a.j.t.JMeterThread: Thread started: Soak - 30 VUs sustained 1-5
2026-08-31 17:57:51,668 INFO o.a.j.t.JMeterThread: Thread started: Soak - 30 VUs sustained 1-6
2026-08-31 17:57:52,666 INFO o.a.j.t.JMeterThread: Thread started: Soak - 30 VUs sustained 1-7
2026-08-31 17:57:53,666 INFO o.a.j.t.JMeterThread: Thread started: Soak - 30 VUs sustained 1-8
2026-08-31 17:57:54,666 INFO o.a.j.t.JMeterThread: Thread started: Soak - 30 VUs sustained 1-9
2026-08-31 17:57:55,667 INFO o.a.j.t.JMeterThread: Thread started: Soak - 30 VUs sustained 1-10
2026-08-31 17:57:56,666 INFO o.a.j.t.JMeterThread: Thread started: Soak - 30 VUs sustained 1-11
2026-08-31 17:57:57,667 INFO o.a.j.t.JMeterThread: Thread started: Soak - 30 VUs sustained 1-12
2026-08-31 17:57:58,665 INFO o.a.j.t.JMeterThread: Thread started: Soak - 30 VUs sustained 1-13
2026-08-31 17:57:59,665 INFO o.a.j.t.JMeterThread: Thread started: Soak - 30 VUs sustained 1-14
2026-08-31 17:58:00,037 INFO o.a.j.r.Summariser: summary +    266 in 00:00:13 =   19.9/s Avg:     3 Min:     0 Max:    28 Err:     0 (0.00%) Active: 14 Started: 14 Finished: 0
2026-08-31 17:58:00,665 INFO o.a.j.t.JMeterThread: Thread started: Soak - 30 VUs sustained 1-15
2026-08-31 17:58:01,666 INFO o.a.j.t.JMeterThread: Thread started: Soak - 30 VUs sustained 1-16
2026-08-31 17:58:02,665 INFO o.a.j.t.JMeterThread: Thread started: Soak - 30 VUs sustained 1-17
2026-08-31 17:58:03,665 INFO o.a.j.t.JMeterThread: Thread started: Soak - 30 VUs sustained 1-18
2026-08-31 17:58:04,661 INFO o.a.j.t.JMeterThread: Thread started: Soak - 30 VUs sustained 1-19
2026-08-31 17:58:05,665 INFO o.a.j.t.JMeterThread: Thread started: Soak - 30 VUs sustained 1-20
2026-08-31 17:58:06,665 INFO o.a.j.t.JMeterThread: Thread started: Soak - 30 VUs sustained 1-21
2026-08-31 17:58:07,666 INFO o.a.j.t.JMeterThread: Thread started: Soak - 30 VUs sustained 1-22
2026-08-31 17:58:08,666 INFO o.a.j.t.JMeterThread: Thread started: Soak - 30 VUs sustained 1-23
2026-08-31 17:58:09,663 INFO o.a.j.t.JMeterThread: Thread started: Soak - 30 VUs sustained 1-24
2026-08-31 17:58:10,666 INFO o.a.j.t.JMeterThread: Thread started: Soak - 30 VUs sustained 1-25
2026-08-31 17:58:11,666 INFO o.a.j.t.JMeterThread: Thread started: Soak - 30 VUs sustained 1-26
2026-08-31 17:58:12,666 INFO o.a.j.t.JMeterThread: Thread started: Soak - 30 VUs sustained 1-27
2026-08-31 17:58:13,664 INFO o.a.j.t.JMeterThread: Thread started: Soak - 30 VUs sustained 1-28
2026-08-31 17:58:14,662 INFO o.a.j.t.JMeterThread: Thread started: Soak - 30 VUs sustained 1-29
2026-08-31 17:58:15,665 INFO o.a.j.t.JMeterThread: Thread started: Soak - 30 VUs sustained 1-30
2026-08-31 17:58:30,012 INFO o.a.j.r.Summariser: summary +   2149 in 00:00:30 =   71.7/s Avg:     2 Min:     0 Max:     7 Err:     0 (0.00%) Active: 30 Started: 30 Finished: 0
2026-08-31 17:58:30,013 INFO o.a.j.r.Summariser: summary =   2415 in 00:00:43 =   55.7/s Avg:     2 Min:     0 Max:    28 Err:     0 (0.00%)
2026-08-31 17:59:00,014 INFO o.a.j.r.Summariser: summary +   2496 in 00:00:30 =   83.2/s Avg:     2 Min:     0 Max:    51 Err:     0 (0.00%) Active: 30 Started: 30 Finished: 0
2026-08-31 17:59:00,015 INFO o.a.j.r.Summariser: summary =   4911 in 00:01:13 =   66.9/s Avg:     2 Min:     0 Max:    51 Err:     0 (0.00%)
2026-08-31 17:59:30,001 INFO o.a.j.r.Summariser: summary +   2541 in 00:00:30 =   84.7/s Avg:     2 Min:     0 Max:    47 Err:     0 (0.00%) Active: 30 Started: 30 Finished: 0
2026-08-31 17:59:30,002 INFO o.a.j.r.Summariser: summary =   7452 in 00:01:43 =   72.1/s Avg:     2 Min:     0 Max:    51 Err:     0 (0.00%)
2026-08-31 18:00:00,006 INFO o.a.j.r.Summariser: summary +   2535 in 00:00:30 =   84.5/s Avg:     2 Min:     0 Max:    16 Err:     0 (0.00%) Active: 30 Started: 30 Finished: 0
2026-08-31 18:00:00,007 INFO o.a.j.r.Summariser: summary =   9987 in 00:02:13 =   74.9/s Avg:     2 Min:     0 Max:    51 Err:     0 (0.00%)
2026-08-31 18:00:30,001 INFO o.a.j.r.Summariser: summary +   2525 in 00:00:30 =   84.2/s Avg:     2 Min:     0 Max:    26 Err:     0 (0.00%) Active: 30 Started: 30 Finished: 0
2026-08-31 18:00:30,003 INFO o.a.j.r.Summariser: summary =  12512 in 00:02:43 =   76.6/s Avg:     2 Min:     0 Max:    51 Err:     0 (0.00%)
2026-08-31 18:01:00,006 INFO o.a.j.r.Summariser: summary +   2514 in 00:00:30 =   83.8/s Avg:     2 Min:     0 Max:    45 Err:     0 (0.00%) Active: 30 Started: 30 Finished: 0
2026-08-31 18:01:00,007 INFO o.a.j.r.Summariser: summary =  15026 in 00:03:13 =   77.7/s Avg:     2 Min:     0 Max:    51 Err:     0 (0.00%)
2026-08-31 18:01:30,006 INFO o.a.j.r.Summariser: summary +   2542 in 00:00:30 =   84.7/s Avg:     2 Min:     0 Max:    60 Err:     0 (0.00%) Active: 30 Started: 30 Finished: 0
2026-08-31 18:01:30,007 INFO o.a.j.r.Summariser: summary =  17568 in 00:03:43 =   78.7/s Avg:     2 Min:     0 Max:    60 Err:     0 (0.00%)
2026-08-31 18:02:00,015 INFO o.a.j.r.Summariser: summary +   2552 in 00:00:30 =   85.0/s Avg:     2 Min:     0 Max:    48 Err:     0 (0.00%) Active: 30 Started: 30 Finished: 0
2026-08-31 18:02:00,016 INFO o.a.j.r.Summariser: summary =  20120 in 00:04:13 =   79.4/s Avg:     2 Min:     0 Max:    60 Err:     0 (0.00%)
2026-08-31 18:02:30,025 INFO o.a.j.r.Summariser: summary +   2538 in 00:00:30 =   84.6/s Avg:     2 Min:     0 Max:    31 Err:     0 (0.00%) Active: 30 Started: 30 Finished: 0
2026-08-31 18:02:30,026 INFO o.a.j.r.Summariser: summary =  22658 in 00:04:43 =   80.0/s Avg:     2 Min:     0 Max:    60 Err:     0 (0.00%)
2026-08-31 18:03:00,001 INFO o.a.j.r.Summariser: summary +   2530 in 00:00:30 =   84.4/s Avg:     2 Min:     0 Max:    51 Err:     0 (0.00%) Active: 30 Started: 30 Finished: 0
2026-08-31 18:03:00,003 INFO o.a.j.r.Summariser: summary =  25188 in 00:05:13 =   80.4/s Avg:     2 Min:     0 Max:    60 Err:     0 (0.00%)
2026-08-31 18:03:30,014 INFO o.a.j.r.Summariser: summary +   2521 in 00:00:30 =   84.0/s Avg:     2 Min:     0 Max:    45 Err:     0 (0.00%) Active: 30 Started: 30 Finished: 0
2026-08-31 18:03:30,014 INFO o.a.j.r.Summariser: summary =  27709 in 00:05:43 =   80.7/s Avg:     2 Min:     0 Max:    60 Err:     0 (0.00%)
2026-08-31 18:04:00,014 INFO o.a.j.r.Summariser: summary +   2522 in 00:00:30 =   84.1/s Avg:     2 Min:     0 Max:    11 Err:     0 (0.00%) Active: 30 Started: 30 Finished: 0
2026-08-31 18:04:00,015 INFO o.a.j.r.Summariser: summary =  30231 in 00:06:13 =   81.0/s Avg:     2 Min:     0 Max:    60 Err:     0 (0.00%)
2026-08-31 18:04:30,003 INFO o.a.j.r.Summariser: summary +   2524 in 00:00:30 =   84.2/s Avg:     2 Min:     0 Max:    12 Err:     0 (0.00%) Active: 30 Started: 30 Finished: 0
2026-08-31 18:04:30,004 INFO o.a.j.r.Summariser: summary =  32755 in 00:06:43 =   81.2/s Avg:     2 Min:     0 Max:    60 Err:     0 (0.00%)
2026-08-31 18:05:00,012 INFO o.a.j.r.Summariser: summary +   2542 in 00:00:30 =   84.7/s Avg:     2 Min:     0 Max:    51 Err:     0 (0.00%) Active: 30 Started: 30 Finished: 0
2026-08-31 18:05:00,013 INFO o.a.j.r.Summariser: summary =  35297 in 00:07:13 =   81.4/s Avg:     2 Min:     0 Max:    60 Err:     0 (0.00%)
2026-08-31 18:05:30,011 INFO o.a.j.r.Summariser: summary +   2538 in 00:00:30 =   84.6/s Avg:     2 Min:     0 Max:    26 Err:     0 (0.00%) Active: 30 Started: 30 Finished: 0
2026-08-31 18:05:30,012 INFO o.a.j.r.Summariser: summary =  37835 in 00:07:43 =   81.7/s Avg:     2 Min:     0 Max:    60 Err:     0 (0.00%)
2026-08-31 18:06:00,022 INFO o.a.j.r.Summariser: summary +   2515 in 00:00:30 =   83.8/s Avg:     3 Min:     0 Max:   222 Err:     0 (0.00%) Active: 30 Started: 30 Finished: 0
2026-08-31 18:06:00,023 INFO o.a.j.r.Summariser: summary =  40350 in 00:08:13 =   81.8/s Avg:     2 Min:     0 Max:   222 Err:     0 (0.00%)
2026-08-31 18:06:30,008 INFO o.a.j.r.Summariser: summary +   2508 in 00:00:30 =   83.6/s Avg:     2 Min:     0 Max:    18 Err:     0 (0.00%) Active: 30 Started: 30 Finished: 0
2026-08-31 18:06:30,008 INFO o.a.j.r.Summariser: summary =  42858 in 00:08:43 =   81.9/s Avg:     2 Min:     0 Max:   222 Err:     0 (0.00%)
2026-08-31 18:07:00,057 INFO o.a.j.r.Summariser: summary +   2529 in 00:00:30 =   84.2/s Avg:     2 Min:     0 Max:    11 Err:     0 (0.00%) Active: 30 Started: 30 Finished: 0
2026-08-31 18:07:00,058 INFO o.a.j.r.Summariser: summary =  45387 in 00:09:13 =   82.0/s Avg:     2 Min:     0 Max:   222 Err:     0 (0.00%)
2026-08-31 18:07:30,006 INFO o.a.j.r.Summariser: summary +   2532 in 00:00:30 =   84.5/s Avg:     2 Min:     0 Max:    32 Err:     0 (0.00%) Active: 30 Started: 30 Finished: 0
2026-08-31 18:07:30,008 INFO o.a.j.r.Summariser: summary =  47919 in 00:09:43 =   82.1/s Avg:     2 Min:     0 Max:   222 Err:     0 (0.00%)
2026-08-31 18:07:46,262 INFO o.a.j.t.JMeterThread: Thread finished: Soak - 30 VUs sustained 1-20
2026-08-31 18:07:46,270 INFO o.a.j.t.JMeterThread: Thread finished: Soak - 30 VUs sustained 1-5
2026-08-31 18:07:46,302 INFO o.a.j.t.JMeterThread: Thread finished: Soak - 30 VUs sustained 1-19
2026-08-31 18:07:46,325 INFO o.a.j.t.JMeterThread: Thread finished: Soak - 30 VUs sustained 1-24
2026-08-31 18:07:46,360 INFO o.a.j.t.JMeterThread: Thread finished: Soak - 30 VUs sustained 1-28
2026-08-31 18:07:46,363 INFO o.a.j.t.JMeterThread: Thread finished: Soak - 30 VUs sustained 1-13
2026-08-31 18:07:46,364 INFO o.a.j.t.JMeterThread: Thread finished: Soak - 30 VUs sustained 1-3
2026-08-31 18:07:46,379 INFO o.a.j.t.JMeterThread: Thread finished: Soak - 30 VUs sustained 1-23
2026-08-31 18:07:46,387 INFO o.a.j.t.JMeterThread: Thread finished: Soak - 30 VUs sustained 1-27
2026-08-31 18:07:46,415 INFO o.a.j.t.JMeterThread: Thread finished: Soak - 30 VUs sustained 1-6
2026-08-31 18:07:46,417 INFO o.a.j.t.JMeterThread: Thread finished: Soak - 30 VUs sustained 1-26
2026-08-31 18:07:46,456 INFO o.a.j.t.JMeterThread: Thread finished: Soak - 30 VUs sustained 1-29
2026-08-31 18:07:46,461 INFO o.a.j.t.JMeterThread: Thread finished: Soak - 30 VUs sustained 1-1
2026-08-31 18:07:46,472 INFO o.a.j.t.JMeterThread: Thread finished: Soak - 30 VUs sustained 1-2
2026-08-31 18:07:46,496 INFO o.a.j.t.JMeterThread: Thread finished: Soak - 30 VUs sustained 1-22
2026-08-31 18:07:46,520 INFO o.a.j.t.JMeterThread: Thread finished: Soak - 30 VUs sustained 1-14
2026-08-31 18:07:46,524 INFO o.a.j.t.JMeterThread: Thread finished: Soak - 30 VUs sustained 1-7
2026-08-31 18:07:46,534 INFO o.a.j.t.JMeterThread: Thread finished: Soak - 30 VUs sustained 1-17
2026-08-31 18:07:46,540 INFO o.a.j.t.JMeterThread: Thread finished: Soak - 30 VUs sustained 1-30
2026-08-31 18:07:46,540 INFO o.a.j.t.JMeterThread: Thread finished: Soak - 30 VUs sustained 1-12
2026-08-31 18:07:46,543 INFO o.a.j.t.JMeterThread: Thread finished: Soak - 30 VUs sustained 1-11
2026-08-31 18:07:46,569 INFO o.a.j.t.JMeterThread: Thread finished: Soak - 30 VUs sustained 1-10
2026-08-31 18:07:46,570 INFO o.a.j.t.JMeterThread: Thread finished: Soak - 30 VUs sustained 1-25
2026-08-31 18:07:46,579 INFO o.a.j.t.JMeterThread: Thread finished: Soak - 30 VUs sustained 1-21
2026-08-31 18:07:46,595 INFO o.a.j.t.JMeterThread: Thread finished: Soak - 30 VUs sustained 1-8
2026-08-31 18:07:46,595 INFO o.a.j.t.JMeterThread: Thread finished: Soak - 30 VUs sustained 1-16
2026-08-31 18:07:46,595 INFO o.a.j.t.JMeterThread: Thread finished: Soak - 30 VUs sustained 1-4
2026-08-31 18:07:46,596 INFO o.a.j.t.JMeterThread: Thread finished: Soak - 30 VUs sustained 1-9
2026-08-31 18:07:46,602 INFO o.a.j.t.JMeterThread: Thread finished: Soak - 30 VUs sustained 1-15
2026-08-31 18:07:46,617 INFO o.a.j.t.JMeterThread: Thread finished: Soak - 30 VUs sustained 1-18
2026-08-31 18:07:46,617 INFO o.a.j.e.StandardJMeterEngine: Notifying test listeners of end of test
2026-08-31 18:07:46,617 INFO o.a.j.s.FileServer: Close: ../data/performance_users.csv
2026-08-31 18:07:46,621 INFO o.a.j.r.Summariser: summary +   1403 in 00:00:17 =   84.4/s Avg:     2 Min:     0 Max:    62 Err:     0 (0.00%) Active: 0 Started: 30 Finished: 30
2026-08-31 18:07:46,621 INFO o.a.j.r.Summariser: summary =  49322 in 00:10:00 =   82.2/s Avg:     2 Min:     0 Max:   222 Err:     0 (0.00%)
2026-08-31 18:07:46,622 INFO o.a.j.JMeter: Generating Dashboard
2026-08-31 18:07:46,622 INFO o.a.j.r.d.ReportGenerator: Flushing result collector before report Generation
2026-08-31 18:07:46,637 INFO o.a.j.r.p.NormalizerSampleConsumer: Using format, 'ms', to parse timeStamp field
2026-08-31 18:07:47,085 INFO o.a.j.r.p.AbstractSampleConsumer: class org.apache.jmeter.report.processor.AggregateConsumer#stopProducing(): beginDate produced 0 samples
2026-08-31 18:07:47,085 INFO o.a.j.r.p.AbstractSampleConsumer: class org.apache.jmeter.report.processor.AggregateConsumer#stopProducing(): endDate produced 0 samples
2026-08-31 18:07:47,086 INFO o.a.j.r.p.AbstractSampleConsumer: class org.apache.jmeter.report.processor.ApdexSummaryConsumer#stopProducing(): apdexSummary produced 0 samples
2026-08-31 18:07:47,086 INFO o.a.j.r.p.AbstractSampleConsumer: class org.apache.jmeter.report.processor.RequestsSummaryConsumer#stopProducing(): requestsSummary produced 0 samples
2026-08-31 18:07:47,092 INFO o.a.j.r.p.AbstractSampleConsumer: class org.apache.jmeter.report.processor.StatisticsSummaryConsumer#stopProducing(): statisticsSummary produced 0 samples
2026-08-31 18:07:47,094 INFO o.a.j.r.p.AbstractSampleConsumer: class org.apache.jmeter.report.processor.Top5ErrorsBySamplerConsumer#stopProducing(): top5ErrorsBySampler produced 0 samples
2026-08-31 18:07:47,094 INFO o.a.j.r.p.AbstractSampleConsumer: class org.apache.jmeter.report.processor.ErrorsSummaryConsumer#stopProducing(): errorsSummary produced 0 samples
2026-08-31 18:07:47,094 INFO o.a.j.r.p.AbstractSampleConsumer: class org.apache.jmeter.report.processor.graph.impl.HitsPerSecondGraphConsumer#stopProducing(): hitsPerSecond produced 0 samples
2026-08-31 18:07:47,200 INFO o.a.j.r.p.AbstractSampleConsumer: class org.apache.jmeter.report.processor.graph.impl.LatencyVSRequestGraphConsumer#stopProducing(): latencyVsRequest produced 0 samples
2026-08-31 18:07:47,201 INFO o.a.j.r.p.AbstractSampleConsumer: class org.apache.jmeter.report.processor.graph.impl.SyntheticResponseTimeDistributionGraphConsumer#stopProducing(): syntheticResponseTimeDistribution produced 0 samples
2026-08-31 18:07:47,201 INFO o.a.j.r.p.AbstractSampleConsumer: class org.apache.jmeter.report.processor.graph.impl.BytesThroughputGraphConsumer#stopProducing(): bytesThroughputOverTime produced 0 samples
2026-08-31 18:07:47,201 INFO o.a.j.r.p.AbstractSampleConsumer: class org.apache.jmeter.report.processor.graph.impl.CodesPerSecondGraphConsumer#stopProducing(): codesPerSecond produced 0 samples
2026-08-31 18:07:47,276 INFO o.a.j.r.p.AbstractSampleConsumer: class org.apache.jmeter.report.processor.graph.impl.ResponseTimeVSRequestGraphConsumer#stopProducing(): responseTimeVsRequest produced 0 samples
2026-08-31 18:07:47,276 INFO o.a.j.r.p.AbstractSampleConsumer: class org.apache.jmeter.report.processor.FilterConsumer#stopProducing(): startIntervalControlerFilter produced 345254 samples
2026-08-31 18:07:47,276 INFO o.a.j.r.p.AbstractSampleConsumer: class org.apache.jmeter.report.processor.graph.impl.TotalTPSGraphConsumer#stopProducing(): totalTPS produced 0 samples
2026-08-31 18:07:47,276 INFO o.a.j.r.p.AbstractSampleConsumer: class org.apache.jmeter.report.processor.graph.impl.ActiveThreadsGraphConsumer#stopProducing(): activeThreadsOverTime produced 0 samples
2026-08-31 18:07:47,276 INFO o.a.j.r.p.AbstractSampleConsumer: class org.apache.jmeter.report.processor.graph.impl.TimeVSThreadGraphConsumer#stopProducing(): timeVsThreads produced 0 samples
2026-08-31 18:07:47,276 INFO o.a.j.r.p.AbstractSampleConsumer: class org.apache.jmeter.report.processor.graph.impl.ResponseTimeDistributionGraphConsumer#stopProducing(): responseTimeDistribution produced 0 samples
2026-08-31 18:07:47,276 INFO o.a.j.r.p.AbstractSampleConsumer: class org.apache.jmeter.report.processor.graph.impl.TransactionsPerSecondGraphConsumer#stopProducing(): transactionsPerSecond produced 0 samples
2026-08-31 18:07:47,277 INFO o.a.j.r.p.AbstractSampleConsumer: class org.apache.jmeter.report.processor.graph.impl.ResponseTimePercentilesGraphConsumer#stopProducing(): responseTimePercentiles produced 0 samples
2026-08-31 18:07:47,277 INFO o.a.j.r.p.AbstractSampleConsumer: class org.apache.jmeter.report.processor.graph.impl.ResponseTimePercentilesOverTimeGraphConsumer#stopProducing(): responseTimePercentilesOverTime produced 0 samples
2026-08-31 18:07:47,279 INFO o.a.j.r.p.AbstractSampleConsumer: class org.apache.jmeter.report.processor.graph.impl.ResponseTimeOverTimeGraphConsumer#stopProducing(): responseTimesOverTime produced 0 samples
2026-08-31 18:07:47,279 INFO o.a.j.r.p.AbstractSampleConsumer: class org.apache.jmeter.report.processor.graph.impl.ConnectTimeOverTimeGraphConsumer#stopProducing(): connectTimeOverTime produced 0 samples
2026-08-31 18:07:47,279 INFO o.a.j.r.p.AbstractSampleConsumer: class org.apache.jmeter.report.processor.graph.impl.LatencyOverTimeGraphConsumer#stopProducing(): latenciesOverTime produced 0 samples
2026-08-31 18:07:47,279 INFO o.a.j.r.p.AbstractSampleConsumer: class org.apache.jmeter.report.processor.FilterConsumer#stopProducing(): nameFilter produced 739830 samples
2026-08-31 18:07:47,279 INFO o.a.j.r.p.AbstractSampleConsumer: class org.apache.jmeter.report.processor.FilterConsumer#stopProducing(): dateRangeFilter produced 147966 samples
2026-08-31 18:07:47,279 INFO o.a.j.r.p.AbstractSampleConsumer: class org.apache.jmeter.report.processor.NormalizerSampleConsumer#stopProducing(): normalizer produced 49322 samples
2026-08-31 18:07:47,279 INFO o.a.j.r.p.CsvFileSampleSource: produce(): 49322 samples produced in 633ms on channel 0
2026-08-31 18:07:47,279 INFO o.a.j.r.d.ReportGenerator: Exporting data using exporter:'json' of className:'org.apache.jmeter.report.dashboard.JsonExporter'
2026-08-31 18:07:47,318 INFO o.a.j.r.d.JsonExporter: Found data for consumer statisticsSummary in context
2026-08-31 18:07:47,318 INFO o.a.j.r.d.JsonExporter: Creating statistics for overall
2026-08-31 18:07:47,318 INFO o.a.j.r.d.JsonExporter: Creating statistics for other transactions
2026-08-31 18:07:47,318 INFO o.a.j.r.d.JsonExporter: Checking output folder
2026-08-31 18:07:47,318 INFO o.a.j.r.d.JsonExporter: Writing statistics JSON to /Users/kunda/Documents/hw/hw05/reports/23127035_Soak_20260831/statistics.json
2026-08-31 18:07:47,343 INFO o.a.j.r.d.ReportGenerator: Exporting data using exporter:'html' of className:'org.apache.jmeter.report.dashboard.HtmlTemplateExporter'
2026-08-31 18:07:47,344 INFO o.a.j.r.d.HtmlTemplateExporter: Will generate dashboard in folder: /Users/kunda/Documents/hw/hw05/reports/23127035_Soak_20260831
2026-08-31 18:07:47,390 INFO o.a.j.r.d.HtmlTemplateExporter: Report will be generated in: /Users/kunda/Documents/hw/hw05/reports/23127035_Soak_20260831, creating folder structure
2026-08-31 18:07:47,390 INFO o.a.j.r.d.TemplateVisitor: Copying folder from '/opt/homebrew/Cellar/jmeter/5.6.3/libexec/bin/report-template' to '/Users/kunda/Documents/hw/hw05/reports/23127035_Soak_20260831', got message: /Users/kunda/Documents/hw/hw05/reports/23127035_Soak_20260831, found non empty folder with following content [/Users/kunda/Documents/hw/hw05/reports/23127035_Soak_20260831/statistics.json], will be ignored
2026-08-31 18:07:47,512 INFO o.a.j.JMeter: Dashboard generated
