WARNING: package sun.awt.X11 not in java.desktop
WARN StatusConsoleListener The use of package scanning to locate plugins is deprecated and will be removed in a future release
WARN StatusConsoleListener The use of package scanning to locate plugins is deprecated and will be removed in a future release
WARN StatusConsoleListener The use of package scanning to locate plugins is deprecated and will be removed in a future release
WARN StatusConsoleListener The use of package scanning to locate plugins is deprecated and will be removed in a future release
Creating summariser <summary>
Created the tree successfully using /Users/kunda/Documents/hw/hw05/test-plans/23127035_Stress_20260903.jmx
Starting standalone test @ 2026 Sep 3 17:49:20 ICT (1788432560853)
Waiting for possible Shutdown/StopTestNow/HeapDump/ThreadDump message on port 4445
summary +     79 in 00:00:09 =    8.8/s Avg:     4 Min:     2 Max:    22 Err:     0 (0.00%) Active: 6 Started: 6 Finished: 0
summary +    505 in 00:00:30 =   16.8/s Avg:     3 Min:     0 Max:     7 Err:     0 (0.00%) Active: 6 Started: 6 Finished: 0
summary =    584 in 00:00:39 =   14.9/s Avg:     3 Min:     0 Max:    22 Err:     0 (0.00%)
summary +    492 in 00:00:30 =   16.4/s Avg:     2 Min:     0 Max:    13 Err:     0 (0.00%) Active: 11 Started: 17 Finished: 6
summary =   1076 in 00:01:09 =   15.6/s Avg:     2 Min:     0 Max:    22 Err:     0 (0.00%)
summary +   1016 in 00:00:30 =   33.8/s Avg:     2 Min:     0 Max:     7 Err:     0 (0.00%) Active: 12 Started: 18 Finished: 6
summary =   2092 in 00:01:39 =   21.1/s Avg:     2 Min:     0 Max:    22 Err:     0 (0.00%)
summary +    960 in 00:00:30 =   32.0/s Avg:     2 Min:     0 Max:    12 Err:     0 (0.00%) Active: 22 Started: 40 Finished: 18
summary =   3052 in 00:02:09 =   23.7/s Avg:     2 Min:     0 Max:    22 Err:     0 (0.00%)
summary +   2032 in 00:00:30 =   67.8/s Avg:     2 Min:     0 Max:    13 Err:     0 (0.00%) Active: 24 Started: 42 Finished: 18
summary =   5084 in 00:02:39 =   32.0/s Avg:     2 Min:     0 Max:    22 Err:     0 (0.00%)
summary +   1405 in 00:00:21 =   66.9/s Avg:     2 Min:     0 Max:    23 Err:     0 (0.00%) Active: 0 Started: 42 Finished: 42
summary =   6489 in 00:03:00 =   36.0/s Avg:     2 Min:     0 Max:    23 Err:     0 (0.00%)
Tidying up ...    @ 2026 Sep 3 17:52:21 ICT (1788432741015)
... end of run
