WARNING: package sun.awt.X11 not in java.desktop
WARN StatusConsoleListener The use of package scanning to locate plugins is deprecated and will be removed in a future release
WARN StatusConsoleListener The use of package scanning to locate plugins is deprecated and will be removed in a future release
WARN StatusConsoleListener The use of package scanning to locate plugins is deprecated and will be removed in a future release
WARN StatusConsoleListener The use of package scanning to locate plugins is deprecated and will be removed in a future release
Creating summariser <summary>
Created the tree successfully using /Users/kunda/Documents/hw/hw05/test-plans/23127035_Soak_20260831.jmx
Starting standalone test @ 2026 Aug 31 17:57:46 ICT (1788173866516)
Waiting for possible Shutdown/StopTestNow/HeapDump/ThreadDump message on port 4445
summary +    266 in 00:00:13 =   19.9/s Avg:     3 Min:     0 Max:    28 Err:     0 (0.00%) Active: 14 Started: 14 Finished: 0
summary +   2149 in 00:00:30 =   71.7/s Avg:     2 Min:     0 Max:     7 Err:     0 (0.00%) Active: 30 Started: 30 Finished: 0
summary =   2415 in 00:00:43 =   55.7/s Avg:     2 Min:     0 Max:    28 Err:     0 (0.00%)
summary +   2496 in 00:00:30 =   83.2/s Avg:     2 Min:     0 Max:    51 Err:     0 (0.00%) Active: 30 Started: 30 Finished: 0
summary =   4911 in 00:01:13 =   66.9/s Avg:     2 Min:     0 Max:    51 Err:     0 (0.00%)
summary +   2541 in 00:00:30 =   84.7/s Avg:     2 Min:     0 Max:    47 Err:     0 (0.00%) Active: 30 Started: 30 Finished: 0
summary =   7452 in 00:01:43 =   72.1/s Avg:     2 Min:     0 Max:    51 Err:     0 (0.00%)
summary +   2535 in 00:00:30 =   84.5/s Avg:     2 Min:     0 Max:    16 Err:     0 (0.00%) Active: 30 Started: 30 Finished: 0
summary =   9987 in 00:02:13 =   74.9/s Avg:     2 Min:     0 Max:    51 Err:     0 (0.00%)
summary +   2525 in 00:00:30 =   84.2/s Avg:     2 Min:     0 Max:    26 Err:     0 (0.00%) Active: 30 Started: 30 Finished: 0
summary =  12512 in 00:02:43 =   76.6/s Avg:     2 Min:     0 Max:    51 Err:     0 (0.00%)
summary +   2514 in 00:00:30 =   83.8/s Avg:     2 Min:     0 Max:    45 Err:     0 (0.00%) Active: 30 Started: 30 Finished: 0
summary =  15026 in 00:03:13 =   77.7/s Avg:     2 Min:     0 Max:    51 Err:     0 (0.00%)
summary +   2542 in 00:00:30 =   84.7/s Avg:     2 Min:     0 Max:    60 Err:     0 (0.00%) Active: 30 Started: 30 Finished: 0
summary =  17568 in 00:03:43 =   78.7/s Avg:     2 Min:     0 Max:    60 Err:     0 (0.00%)
summary +   2552 in 00:00:30 =   85.0/s Avg:     2 Min:     0 Max:    48 Err:     0 (0.00%) Active: 30 Started: 30 Finished: 0
summary =  20120 in 00:04:13 =   79.4/s Avg:     2 Min:     0 Max:    60 Err:     0 (0.00%)
summary +   2538 in 00:00:30 =   84.6/s Avg:     2 Min:     0 Max:    31 Err:     0 (0.00%) Active: 30 Started: 30 Finished: 0
summary =  22658 in 00:04:43 =   80.0/s Avg:     2 Min:     0 Max:    60 Err:     0 (0.00%)
summary +   2530 in 00:00:30 =   84.4/s Avg:     2 Min:     0 Max:    51 Err:     0 (0.00%) Active: 30 Started: 30 Finished: 0
summary =  25188 in 00:05:13 =   80.4/s Avg:     2 Min:     0 Max:    60 Err:     0 (0.00%)
summary +   2521 in 00:00:30 =   84.0/s Avg:     2 Min:     0 Max:    45 Err:     0 (0.00%) Active: 30 Started: 30 Finished: 0
summary =  27709 in 00:05:43 =   80.7/s Avg:     2 Min:     0 Max:    60 Err:     0 (0.00%)
summary +   2522 in 00:00:30 =   84.1/s Avg:     2 Min:     0 Max:    11 Err:     0 (0.00%) Active: 30 Started: 30 Finished: 0
summary =  30231 in 00:06:13 =   81.0/s Avg:     2 Min:     0 Max:    60 Err:     0 (0.00%)
summary +   2524 in 00:00:30 =   84.2/s Avg:     2 Min:     0 Max:    12 Err:     0 (0.00%) Active: 30 Started: 30 Finished: 0
summary =  32755 in 00:06:43 =   81.2/s Avg:     2 Min:     0 Max:    60 Err:     0 (0.00%)
summary +   2542 in 00:00:30 =   84.7/s Avg:     2 Min:     0 Max:    51 Err:     0 (0.00%) Active: 30 Started: 30 Finished: 0
summary =  35297 in 00:07:13 =   81.4/s Avg:     2 Min:     0 Max:    60 Err:     0 (0.00%)
summary +   2538 in 00:00:30 =   84.6/s Avg:     2 Min:     0 Max:    26 Err:     0 (0.00%) Active: 30 Started: 30 Finished: 0
summary =  37835 in 00:07:43 =   81.7/s Avg:     2 Min:     0 Max:    60 Err:     0 (0.00%)
summary +   2515 in 00:00:30 =   83.8/s Avg:     3 Min:     0 Max:   222 Err:     0 (0.00%) Active: 30 Started: 30 Finished: 0
summary =  40350 in 00:08:13 =   81.8/s Avg:     2 Min:     0 Max:   222 Err:     0 (0.00%)
summary +   2508 in 00:00:30 =   83.6/s Avg:     2 Min:     0 Max:    18 Err:     0 (0.00%) Active: 30 Started: 30 Finished: 0
summary =  42858 in 00:08:43 =   81.9/s Avg:     2 Min:     0 Max:   222 Err:     0 (0.00%)
summary +   2529 in 00:00:30 =   84.2/s Avg:     2 Min:     0 Max:    11 Err:     0 (0.00%) Active: 30 Started: 30 Finished: 0
summary =  45387 in 00:09:13 =   82.0/s Avg:     2 Min:     0 Max:   222 Err:     0 (0.00%)
summary +   2532 in 00:00:30 =   84.5/s Avg:     2 Min:     0 Max:    32 Err:     0 (0.00%) Active: 30 Started: 30 Finished: 0
summary =  47919 in 00:09:43 =   82.1/s Avg:     2 Min:     0 Max:   222 Err:     0 (0.00%)
summary +   1403 in 00:00:17 =   84.4/s Avg:     2 Min:     0 Max:    62 Err:     0 (0.00%) Active: 0 Started: 30 Finished: 30
summary =  49322 in 00:10:00 =   82.2/s Avg:     2 Min:     0 Max:   222 Err:     0 (0.00%)
Tidying up ...    @ 2026 Aug 31 18:07:46 ICT (1788174466622)
... end of run
