2026-09-01 18:11:36,880 INFO o.a.j.u.JMeterUtils: Setting Locale to en_EN
2026-09-01 18:11:36,891 INFO o.a.j.JMeter: Loading user properties from: /opt/homebrew/Cellar/jmeter/5.6.3/libexec/bin/user.properties
2026-09-01 18:11:36,892 INFO o.a.j.JMeter: Loading system properties from: /opt/homebrew/Cellar/jmeter/5.6.3/libexec/bin/system.properties
2026-09-01 18:11:36,892 INFO o.a.j.JMeter: Setting JMeter property: jmeter.save.saveservice.output_format=csv
2026-09-01 18:11:36,892 INFO o.a.j.JMeter: Setting JMeter property: jmeter.save.saveservice.print_field_names=true
2026-09-01 18:11:36,892 INFO o.a.j.JMeter: Setting JMeter property: jmeter.save.saveservice.connect_time=true
2026-09-01 18:11:36,892 INFO o.a.j.JMeter: Setting JMeter property: jmeter.save.saveservice.latency=true
2026-09-01 18:11:36,892 INFO o.a.j.JMeter: Setting JMeter property: jmeter.save.saveservice.bytes=true
2026-09-01 18:11:36,892 INFO o.a.j.JMeter: Setting JMeter property: jmeter.save.saveservice.sent_bytes=true
2026-09-01 18:11:36,892 INFO o.a.j.JMeter: Setting JMeter property: jmeter.save.saveservice.thread_counts=true
2026-09-01 18:11:36,892 INFO o.a.j.JMeter: Setting JMeter property: jmeter.save.saveservice.assertion_results_failure_message=true
2026-09-01 18:11:36,892 INFO o.a.j.JMeter: Setting JMeter property: port=3001
2026-09-01 18:11:36,895 INFO o.a.j.JMeter: Copyright (c) 1998-2024 The Apache Software Foundation
2026-09-01 18:11:36,895 INFO o.a.j.JMeter: Version 5.6.3
2026-09-01 18:11:36,895 INFO o.a.j.JMeter: java.version=21.0.12.1
2026-09-01 18:11:36,895 INFO o.a.j.JMeter: java.vm.name=OpenJDK 64-Bit Server VM
2026-09-01 18:11:36,895 INFO o.a.j.JMeter: os.name=Mac OS X
2026-09-01 18:11:36,895 INFO o.a.j.JMeter: os.arch=aarch64
2026-09-01 18:11:36,895 INFO o.a.j.JMeter: os.version=26.5.1
2026-09-01 18:11:36,895 INFO o.a.j.JMeter: file.encoding=UTF-8
2026-09-01 18:11:36,895 INFO o.a.j.JMeter: java.awt.headless=true
2026-09-01 18:11:36,895 INFO o.a.j.JMeter: Max memory     =1073741824
2026-09-01 18:11:36,895 INFO o.a.j.JMeter: Available Processors =10
2026-09-01 18:11:36,899 INFO o.a.j.JMeter: Default Locale=English (EN)
2026-09-01 18:11:36,899 INFO o.a.j.JMeter: JMeter  Locale=English (EN)
2026-09-01 18:11:36,899 INFO o.a.j.JMeter: JMeterHome=/opt/homebrew/Cellar/jmeter/5.6.3/libexec
2026-09-01 18:11:36,899 INFO o.a.j.JMeter: user.dir  =/Users/kunda/Documents/hw/hw05
2026-09-01 18:11:36,900 INFO o.a.j.JMeter: PWD       =/Users/kunda/Documents/hw/hw05
2026-09-01 18:11:36,902 INFO o.a.j.JMeter: IP: 127.0.0.1 Name: MacBook-Air-cua-KunDa.local FullName: localhost
2026-09-01 18:11:36,908 INFO o.a.j.JMeter: Setting property 'jmeter.reportgenerator.outputdir' to:'/Users/kunda/Documents/hw/hw05/reports/23127035_Soak_20260831'
2026-09-01 18:11:36,909 INFO o.a.j.s.FileServer: Default base='/Users/kunda/Documents/hw/hw05'
2026-09-01 18:11:36,910 INFO o.a.j.s.FileServer: Set new base='/Users/kunda/Documents/hw/hw05/test-plans'
2026-09-01 18:11:36,985 INFO o.a.j.s.SaveService: Testplan (JMX) version: 2.2. Testlog (JTL) version: 2.2
2026-09-01 18:11:37,001 INFO o.a.j.s.SaveService: Using SaveService properties version 5.0
2026-09-01 18:11:37,002 INFO o.a.j.s.SaveService: Using SaveService properties file encoding UTF-8
2026-09-01 18:11:37,003 INFO o.a.j.s.SaveService: Loading file: /Users/kunda/Documents/hw/hw05/test-plans/23127035_Soak_20260831.jmx
2026-09-01 18:11:37,030 INFO o.a.j.p.h.s.HTTPSamplerBase: Parser for text/html is org.apache.jmeter.protocol.http.parser.LagartoBasedHtmlParser
2026-09-01 18:11:37,030 INFO o.a.j.p.h.s.HTTPSamplerBase: Parser for application/xhtml+xml is org.apache.jmeter.protocol.http.parser.LagartoBasedHtmlParser
2026-09-01 18:11:37,030 INFO o.a.j.p.h.s.HTTPSamplerBase: Parser for application/xml is org.apache.jmeter.protocol.http.parser.LagartoBasedHtmlParser
2026-09-01 18:11:37,030 INFO o.a.j.p.h.s.HTTPSamplerBase: Parser for text/xml is org.apache.jmeter.protocol.http.parser.LagartoBasedHtmlParser
2026-09-01 18:11:37,030 INFO o.a.j.p.h.s.HTTPSamplerBase: Parser for text/vnd.wap.wml is org.apache.jmeter.protocol.http.parser.RegexpHTMLParser
2026-09-01 18:11:37,030 INFO o.a.j.p.h.s.HTTPSamplerBase: Parser for text/css is org.apache.jmeter.protocol.http.parser.CssParser
2026-09-01 18:11:37,049 INFO o.a.j.JMeter: Creating summariser <summary>
2026-09-01 18:11:37,054 INFO o.a.j.r.d.ReportGenerator: ReportGenerator will use for Parsing the separator: ','
2026-09-01 18:11:37,054 INFO o.a.j.r.d.ReportGenerator: Will generate report at end of test from  results file: /Users/kunda/Documents/hw/hw05/results/23127035_Soak_20260831.jtl
2026-09-01 18:11:37,054 INFO o.a.j.r.d.ReportGenerator: Reading report generator properties from: /opt/homebrew/Cellar/jmeter/5.6.3/libexec/bin/reportgenerator.properties
2026-09-01 18:11:37,055 INFO o.a.j.r.d.ReportGenerator: Merging with JMeter properties
2026-09-01 18:11:37,056 INFO o.a.j.r.c.ReportGeneratorConfiguration: Property 'jmeter.reportgenerator.temp_dir' not found, using default value 'temp' instead.
2026-09-01 18:11:37,057 INFO o.a.j.r.c.ReportGeneratorConfiguration: Property 'jmeter.reportgenerator.apdex_per_transaction' not found, using default value 'null' instead.
2026-09-01 18:11:37,057 INFO o.a.j.r.c.ReportGeneratorConfiguration: apdex_per_transaction is empty, not APDEX per transaction customization
2026-09-01 18:11:37,057 INFO o.a.j.r.c.ReportGeneratorConfiguration: Property 'jmeter.reportgenerator.sample_filter' not found, using default value 'null' instead.
2026-09-01 18:11:37,057 INFO o.a.j.r.c.ReportGeneratorConfiguration: Property 'jmeter.reportgenerator.report_title' not found, using default value 'null' instead.
2026-09-01 18:11:37,057 INFO o.a.j.r.c.ReportGeneratorConfiguration: Property 'jmeter.reportgenerator.start_date' not found, using default value 'null' instead.
2026-09-01 18:11:37,057 INFO o.a.j.r.c.ReportGeneratorConfiguration: Property 'jmeter.reportgenerator.end_date' not found, using default value 'null' instead.
2026-09-01 18:11:37,057 INFO o.a.j.r.c.ReportGeneratorConfiguration: Property 'jmeter.reportgenerator.date_format' not found, using default value 'null' instead.
2026-09-01 18:11:37,057 INFO o.a.j.r.c.ReportGeneratorConfiguration: Will use date range start date: null, end date: null
2026-09-01 18:11:37,058 INFO o.a.j.r.c.ReportGeneratorConfiguration: Property 'jmeter.reportgenerator.graph.totalTPS.exclude_controllers' not found, using default value 'false' instead.
2026-09-01 18:11:37,058 INFO o.a.j.r.c.ReportGeneratorConfiguration: Property 'jmeter.reportgenerator.graph.activeThreadsOverTime.exclude_controllers' not found, using default value 'false' instead.
2026-09-01 18:11:37,059 INFO o.a.j.r.c.ReportGeneratorConfiguration: Property 'jmeter.reportgenerator.graph.timeVsThreads.exclude_controllers' not found, using default value 'false' instead.
2026-09-01 18:11:37,059 INFO o.a.j.r.c.ReportGeneratorConfiguration: Property 'jmeter.reportgenerator.graph.responseTimeDistribution.exclude_controllers' not found, using default value 'false' instead.
2026-09-01 18:11:37,059 INFO o.a.j.r.c.ReportGeneratorConfiguration: Property 'jmeter.reportgenerator.graph.transactionsPerSecond.exclude_controllers' not found, using default value 'false' instead.
2026-09-01 18:11:37,059 INFO o.a.j.r.c.ReportGeneratorConfiguration: Property 'jmeter.reportgenerator.graph.responseTimePercentiles.exclude_controllers' not found, using default value 'false' instead.
2026-09-01 18:11:37,059 INFO o.a.j.r.c.ReportGeneratorConfiguration: Property 'jmeter.reportgenerator.graph.responseTimePercentilesOverTime.exclude_controllers' not found, using default value 'false' instead.
2026-09-01 18:11:37,059 INFO o.a.j.r.c.ReportGeneratorConfiguration: Property 'jmeter.reportgenerator.graph.responseTimesOverTime.exclude_controllers' not found, using default value 'false' instead.
2026-09-01 18:11:37,059 INFO o.a.j.r.c.ReportGeneratorConfiguration: Property 'jmeter.reportgenerator.graph.connectTimeOverTime.exclude_controllers' not found, using default value 'false' instead.
2026-09-01 18:11:37,059 INFO o.a.j.r.c.ReportGeneratorConfiguration: Property 'jmeter.reportgenerator.graph.latenciesOverTime.exclude_controllers' not found, using default value 'false' instead.
2026-09-01 18:11:37,059 INFO o.a.j.r.c.ReportGeneratorConfiguration: Property 'jmeter.reportgenerator.exporter.json.filters_only_sample_series' not found, using default value 'true' instead.
2026-09-01 18:11:37,059 INFO o.a.j.r.c.ReportGeneratorConfiguration: Property 'jmeter.reportgenerator.exporter.json.series_filter' not found, using default value '' instead.
2026-09-01 18:11:37,059 INFO o.a.j.r.c.ReportGeneratorConfiguration: Property 'jmeter.reportgenerator.exporter.json.show_controllers_only' not found, using default value 'false' instead.
2026-09-01 18:11:37,059 INFO o.a.j.r.c.ReportGeneratorConfiguration: Property 'jmeter.reportgenerator.exporter.html.filters_only_sample_series' not found, using default value 'true' instead.
2026-09-01 18:11:37,059 INFO o.a.j.r.c.ReportGeneratorConfiguration: Property 'jmeter.reportgenerator.exporter.html.series_filter' not found, using default value '' instead.
2026-09-01 18:11:37,059 INFO o.a.j.r.c.ReportGeneratorConfiguration: Property 'jmeter.reportgenerator.exporter.html.show_controllers_only' not found, using default value 'false' instead.
2026-09-01 18:11:37,064 INFO o.a.j.e.StandardJMeterEngine: Running the test!
2026-09-01 18:11:37,065 INFO o.a.j.s.SampleEvent: List of sample_variables: []
2026-09-01 18:11:37,065 INFO o.a.j.s.SampleEvent: List of sample_variables: []
2026-09-01 18:11:37,066 INFO o.a.j.e.u.CompoundVariable: Note: Function class names must contain the string: '.functions.'
2026-09-01 18:11:37,066 INFO o.a.j.e.u.CompoundVariable: Note: Function class names must not contain the string: '.gui.'
2026-09-01 18:11:37,081 INFO o.a.j.r.ClassFinder: Will scan jar /opt/homebrew/Cellar/jmeter/5.6.3/libexec/lib/ext/jmeter-plugins-manager-1.9.jar with filter ExtendsClassFilter [parents=[interface org.apache.jmeter.functions.Function], inner=false, contains=null, notContains=null]. Consider exposing JMeter plugins via META-INF/services, and add JMeter-Skip-Class-Scanning=true manifest attribute so JMeter can skip classfile scanning
2026-09-01 18:11:37,201 INFO o.a.j.JMeter: Running test (1788261097201)
2026-09-01 18:11:37,209 INFO o.a.j.e.StandardJMeterEngine: Starting ThreadGroup: 1 : Soak - 30 VUs sustained
2026-09-01 18:11:37,209 INFO o.a.j.e.StandardJMeterEngine: Starting 30 threads for group Soak - 30 VUs sustained.
2026-09-01 18:11:37,209 INFO o.a.j.e.StandardJMeterEngine: Thread will continue on error
2026-09-01 18:11:37,209 INFO o.a.j.t.ThreadGroup: Starting thread group... number=1 threads=30 ramp-up=30 delayedStart=false
2026-09-01 18:11:37,216 INFO o.a.j.t.JMeterThread: Thread started: Soak - 30 VUs sustained 1-1
2026-09-01 18:11:37,216 INFO o.a.j.s.FileServer: Stored: ../data/performance_users.csv
2026-09-01 18:11:37,220 INFO o.a.j.t.ThreadGroup: Started thread group number 1
2026-09-01 18:11:37,220 INFO o.a.j.e.StandardJMeterEngine: All thread groups have been started
2026-09-01 18:11:37,960 INFO o.a.j.p.h.s.HTTPHCAbstractImpl: Local host = MacBook-Air-cua-KunDa.local
2026-09-01 18:11:37,966 INFO o.a.j.p.h.s.HTTPHC4Impl: HTTP request retry count = 0
2026-09-01 18:11:37,967 INFO o.a.j.s.SampleResult: Note: Sample TimeStamps are START times
2026-09-01 18:11:37,967 INFO o.a.j.s.SampleResult: sampleresult.default.encoding is set to UTF-8
2026-09-01 18:11:37,967 INFO o.a.j.s.SampleResult: sampleresult.useNanoTime=true
2026-09-01 18:11:37,967 INFO o.a.j.s.SampleResult: sampleresult.nanoThreadSleep=5000
2026-09-01 18:11:38,219 INFO o.a.j.t.JMeterThread: Thread started: Soak - 30 VUs sustained 1-2
2026-09-01 18:11:39,219 INFO o.a.j.t.JMeterThread: Thread started: Soak - 30 VUs sustained 1-3
2026-09-01 18:11:40,219 INFO o.a.j.t.JMeterThread: Thread started: Soak - 30 VUs sustained 1-4
2026-09-01 18:11:41,218 INFO o.a.j.t.JMeterThread: Thread started: Soak - 30 VUs sustained 1-5
2026-09-01 18:11:42,214 INFO o.a.j.t.JMeterThread: Thread started: Soak - 30 VUs sustained 1-6
2026-09-01 18:11:43,214 INFO o.a.j.t.JMeterThread: Thread started: Soak - 30 VUs sustained 1-7
2026-09-01 18:11:44,217 INFO o.a.j.t.JMeterThread: Thread started: Soak - 30 VUs sustained 1-8
2026-09-01 18:11:45,214 INFO o.a.j.t.JMeterThread: Thread started: Soak - 30 VUs sustained 1-9
2026-09-01 18:11:46,215 INFO o.a.j.t.JMeterThread: Thread started: Soak - 30 VUs sustained 1-10
2026-09-01 18:11:47,216 INFO o.a.j.t.JMeterThread: Thread started: Soak - 30 VUs sustained 1-11
2026-09-01 18:11:48,215 INFO o.a.j.t.JMeterThread: Thread started: Soak - 30 VUs sustained 1-12
2026-09-01 18:11:49,215 INFO o.a.j.t.JMeterThread: Thread started: Soak - 30 VUs sustained 1-13
2026-09-01 18:11:50,212 INFO o.a.j.t.JMeterThread: Thread started: Soak - 30 VUs sustained 1-14
2026-09-01 18:11:51,215 INFO o.a.j.t.JMeterThread: Thread started: Soak - 30 VUs sustained 1-15
2026-09-01 18:11:52,215 INFO o.a.j.t.JMeterThread: Thread started: Soak - 30 VUs sustained 1-16
2026-09-01 18:11:53,214 INFO o.a.j.t.JMeterThread: Thread started: Soak - 30 VUs sustained 1-17
2026-09-01 18:11:54,210 INFO o.a.j.t.JMeterThread: Thread started: Soak - 30 VUs sustained 1-18
2026-09-01 18:11:55,214 INFO o.a.j.t.JMeterThread: Thread started: Soak - 30 VUs sustained 1-19
2026-09-01 18:11:56,216 INFO o.a.j.t.JMeterThread: Thread started: Soak - 30 VUs sustained 1-20
2026-09-01 18:11:57,216 INFO o.a.j.t.JMeterThread: Thread started: Soak - 30 VUs sustained 1-21
2026-09-01 18:11:58,211 INFO o.a.j.t.JMeterThread: Thread started: Soak - 30 VUs sustained 1-22
2026-09-01 18:11:59,212 INFO o.a.j.t.JMeterThread: Thread started: Soak - 30 VUs sustained 1-23
2026-09-01 18:12:00,008 INFO o.a.j.r.Summariser: summary +    759 in 00:00:23 =   33.3/s Avg:     1 Min:     0 Max:    20 Err:     0 (0.00%) Active: 23 Started: 23 Finished: 0
2026-09-01 18:12:00,215 INFO o.a.j.t.JMeterThread: Thread started: Soak - 30 VUs sustained 1-24
2026-09-01 18:12:01,215 INFO o.a.j.t.JMeterThread: Thread started: Soak - 30 VUs sustained 1-25
2026-09-01 18:12:02,210 INFO o.a.j.t.JMeterThread: Thread started: Soak - 30 VUs sustained 1-26
2026-09-01 18:12:03,213 INFO o.a.j.t.JMeterThread: Thread started: Soak - 30 VUs sustained 1-27
2026-09-01 18:12:04,214 INFO o.a.j.t.JMeterThread: Thread started: Soak - 30 VUs sustained 1-28
2026-09-01 18:12:05,215 INFO o.a.j.t.JMeterThread: Thread started: Soak - 30 VUs sustained 1-29
2026-09-01 18:12:06,213 INFO o.a.j.t.JMeterThread: Thread started: Soak - 30 VUs sustained 1-30
2026-09-01 18:12:30,021 INFO o.a.j.r.Summariser: summary +   2457 in 00:00:30 =   81.9/s Avg:     1 Min:     0 Max:    42 Err:     0 (0.00%) Active: 30 Started: 30 Finished: 0
2026-09-01 18:12:30,022 INFO o.a.j.r.Summariser: summary =   3216 in 00:00:53 =   60.9/s Avg:     1 Min:     0 Max:    42 Err:     0 (0.00%)
2026-09-01 18:13:00,004 INFO o.a.j.r.Summariser: summary +   2550 in 00:00:30 =   85.1/s Avg:     1 Min:     0 Max:    15 Err:     0 (0.00%) Active: 30 Started: 30 Finished: 0
2026-09-01 18:13:00,004 INFO o.a.j.r.Summariser: summary =   5766 in 00:01:23 =   69.6/s Avg:     1 Min:     0 Max:    42 Err:     0 (0.00%)
2026-09-01 18:13:30,011 INFO o.a.j.r.Summariser: summary +   2530 in 00:00:30 =   84.3/s Avg:     1 Min:     0 Max:    12 Err:     0 (0.00%) Active: 30 Started: 30 Finished: 0
2026-09-01 18:13:30,012 INFO o.a.j.r.Summariser: summary =   8296 in 00:01:53 =   73.5/s Avg:     1 Min:     0 Max:    42 Err:     0 (0.00%)
2026-09-01 18:14:00,003 INFO o.a.j.r.Summariser: summary +   2529 in 00:00:30 =   84.3/s Avg:     1 Min:     0 Max:    22 Err:     0 (0.00%) Active: 30 Started: 30 Finished: 0
2026-09-01 18:14:00,004 INFO o.a.j.r.Summariser: summary =  10825 in 00:02:23 =   75.8/s Avg:     1 Min:     0 Max:    42 Err:     0 (0.00%)
2026-09-01 18:14:30,015 INFO o.a.j.r.Summariser: summary +   2532 in 00:00:30 =   84.4/s Avg:     1 Min:     0 Max:    28 Err:     0 (0.00%) Active: 30 Started: 30 Finished: 0
2026-09-01 18:14:30,016 INFO o.a.j.r.Summariser: summary =  13357 in 00:02:53 =   77.3/s Avg:     1 Min:     0 Max:    42 Err:     0 (0.00%)
2026-09-01 18:15:00,046 INFO o.a.j.r.Summariser: summary +   2527 in 00:00:30 =   84.1/s Avg:     1 Min:     0 Max:    26 Err:     0 (0.00%) Active: 30 Started: 30 Finished: 0
2026-09-01 18:15:00,049 INFO o.a.j.r.Summariser: summary =  15884 in 00:03:23 =   78.3/s Avg:     1 Min:     0 Max:    42 Err:     0 (0.00%)
2026-09-01 18:15:30,007 INFO o.a.j.r.Summariser: summary +   2519 in 00:00:30 =   84.1/s Avg:     1 Min:     0 Max:    14 Err:     0 (0.00%) Active: 30 Started: 30 Finished: 0
2026-09-01 18:15:30,008 INFO o.a.j.r.Summariser: summary =  18403 in 00:03:53 =   79.0/s Avg:     1 Min:     0 Max:    42 Err:     0 (0.00%)
2026-09-01 18:16:00,010 INFO o.a.j.r.Summariser: summary +   2502 in 00:00:30 =   83.4/s Avg:     1 Min:     0 Max:    12 Err:     0 (0.00%) Active: 30 Started: 30 Finished: 0
2026-09-01 18:16:00,011 INFO o.a.j.r.Summariser: summary =  20905 in 00:04:23 =   79.5/s Avg:     1 Min:     0 Max:    42 Err:     0 (0.00%)
2026-09-01 18:16:30,001 INFO o.a.j.r.Summariser: summary +   2529 in 00:00:30 =   84.3/s Avg:     1 Min:     0 Max:    37 Err:     0 (0.00%) Active: 30 Started: 30 Finished: 0
2026-09-01 18:16:30,002 INFO o.a.j.r.Summariser: summary =  23434 in 00:04:53 =   80.0/s Avg:     1 Min:     0 Max:    42 Err:     0 (0.00%)
2026-09-01 18:17:00,007 INFO o.a.j.r.Summariser: summary +   2510 in 00:00:30 =   83.7/s Avg:     1 Min:     0 Max:    10 Err:     0 (0.00%) Active: 30 Started: 30 Finished: 0
2026-09-01 18:17:00,008 INFO o.a.j.r.Summariser: summary =  25944 in 00:05:23 =   80.4/s Avg:     1 Min:     0 Max:    42 Err:     0 (0.00%)
2026-09-01 18:17:30,038 INFO o.a.j.r.Summariser: summary +   2494 in 00:00:30 =   83.0/s Avg:     1 Min:     0 Max:    13 Err:     0 (0.00%) Active: 30 Started: 30 Finished: 0
2026-09-01 18:17:30,040 INFO o.a.j.r.Summariser: summary =  28438 in 00:05:53 =   80.6/s Avg:     1 Min:     0 Max:    42 Err:     0 (0.00%)
2026-09-01 18:18:00,014 INFO o.a.j.r.Summariser: summary +   2522 in 00:00:30 =   84.1/s Avg:     1 Min:     0 Max:     8 Err:     0 (0.00%) Active: 30 Started: 30 Finished: 0
2026-09-01 18:18:00,015 INFO o.a.j.r.Summariser: summary =  30960 in 00:06:23 =   80.9/s Avg:     1 Min:     0 Max:    42 Err:     0 (0.00%)
2026-09-01 18:18:30,000 INFO o.a.j.r.Summariser: summary +   2490 in 00:00:30 =   83.0/s Avg:     1 Min:     0 Max:    10 Err:     0 (0.00%) Active: 30 Started: 30 Finished: 0
2026-09-01 18:18:30,001 INFO o.a.j.r.Summariser: summary =  33450 in 00:06:53 =   81.0/s Avg:     1 Min:     0 Max:    42 Err:     0 (0.00%)
2026-09-01 18:19:00,002 INFO o.a.j.r.Summariser: summary +   2502 in 00:00:30 =   83.4/s Avg:     1 Min:     0 Max:    10 Err:     0 (0.00%) Active: 30 Started: 30 Finished: 0
2026-09-01 18:19:00,004 INFO o.a.j.r.Summariser: summary =  35952 in 00:07:23 =   81.2/s Avg:     1 Min:     0 Max:    42 Err:     0 (0.00%)
2026-09-01 18:19:30,019 INFO o.a.j.r.Summariser: summary +   2442 in 00:00:30 =   81.4/s Avg:    12 Min:     0 Max:  1151 Err:     0 (0.00%) Active: 30 Started: 30 Finished: 0
2026-09-01 18:19:30,020 INFO o.a.j.r.Summariser: summary =  38394 in 00:07:53 =   81.2/s Avg:     2 Min:     0 Max:  1151 Err:     0 (0.00%)
2026-09-01 18:20:00,006 INFO o.a.j.r.Summariser: summary +   2506 in 00:00:30 =   83.6/s Avg:     2 Min:     0 Max:    20 Err:     0 (0.00%) Active: 30 Started: 30 Finished: 0
2026-09-01 18:20:00,006 INFO o.a.j.r.Summariser: summary =  40900 in 00:08:23 =   81.3/s Avg:     2 Min:     0 Max:  1151 Err:     0 (0.00%)
2026-09-01 18:20:30,032 INFO o.a.j.r.Summariser: summary +   2503 in 00:00:30 =   83.4/s Avg:     1 Min:     0 Max:    15 Err:     0 (0.00%) Active: 30 Started: 30 Finished: 0
2026-09-01 18:20:30,033 INFO o.a.j.r.Summariser: summary =  43403 in 00:08:53 =   81.5/s Avg:     2 Min:     0 Max:  1151 Err:     0 (0.00%)
2026-09-01 18:21:00,035 INFO o.a.j.r.Summariser: summary +   2522 in 00:00:30 =   84.1/s Avg:     2 Min:     0 Max:    15 Err:     0 (0.00%) Active: 30 Started: 30 Finished: 0
2026-09-01 18:21:00,036 INFO o.a.j.r.Summariser: summary =  45925 in 00:09:23 =   81.6/s Avg:     2 Min:     0 Max:  1151 Err:     0 (0.00%)
2026-09-01 18:21:25,494 INFO o.a.j.t.JMeterThread: Thread is done: Soak - 30 VUs sustained 1-3
2026-09-01 18:21:25,495 INFO o.a.j.t.JMeterThread: Thread finished: Soak - 30 VUs sustained 1-3
2026-09-01 18:21:27,452 INFO o.a.j.t.JMeterThread: Thread is done: Soak - 30 VUs sustained 1-6
2026-09-01 18:21:27,452 INFO o.a.j.t.JMeterThread: Thread finished: Soak - 30 VUs sustained 1-6
2026-09-01 18:21:28,499 INFO o.a.j.t.JMeterThread: Thread is done: Soak - 30 VUs sustained 1-4
2026-09-01 18:21:28,500 INFO o.a.j.t.JMeterThread: Thread finished: Soak - 30 VUs sustained 1-4
2026-09-01 18:21:29,192 INFO o.a.j.t.JMeterThread: Thread is done: Soak - 30 VUs sustained 1-11
2026-09-01 18:21:29,192 INFO o.a.j.t.JMeterThread: Thread finished: Soak - 30 VUs sustained 1-11
2026-09-01 18:21:29,304 INFO o.a.j.t.JMeterThread: Thread is done: Soak - 30 VUs sustained 1-5
2026-09-01 18:21:29,304 INFO o.a.j.t.JMeterThread: Thread finished: Soak - 30 VUs sustained 1-5
2026-09-01 18:21:29,524 INFO o.a.j.t.JMeterThread: Thread is done: Soak - 30 VUs sustained 1-8
2026-09-01 18:21:29,524 INFO o.a.j.t.JMeterThread: Thread finished: Soak - 30 VUs sustained 1-8
2026-09-01 18:21:30,011 INFO o.a.j.r.Summariser: summary +   2488 in 00:00:30 =   83.0/s Avg:     1 Min:     0 Max:    10 Err:     0 (0.00%) Active: 24 Started: 30 Finished: 6
2026-09-01 18:21:30,011 INFO o.a.j.r.Summariser: summary =  48413 in 00:09:53 =   81.7/s Avg:     2 Min:     0 Max:  1151 Err:     0 (0.00%)
2026-09-01 18:21:30,368 INFO o.a.j.t.JMeterThread: Thread is done: Soak - 30 VUs sustained 1-7
2026-09-01 18:21:30,369 INFO o.a.j.t.JMeterThread: Thread finished: Soak - 30 VUs sustained 1-7
2026-09-01 18:21:31,124 INFO o.a.j.t.JMeterThread: Thread is done: Soak - 30 VUs sustained 1-1
2026-09-01 18:21:31,124 INFO o.a.j.t.JMeterThread: Thread finished: Soak - 30 VUs sustained 1-1
2026-09-01 18:21:31,186 INFO o.a.j.t.JMeterThread: Thread is done: Soak - 30 VUs sustained 1-12
2026-09-01 18:21:31,186 INFO o.a.j.t.JMeterThread: Thread finished: Soak - 30 VUs sustained 1-12
2026-09-01 18:21:31,737 INFO o.a.j.t.JMeterThread: Thread is done: Soak - 30 VUs sustained 1-2
2026-09-01 18:21:31,738 INFO o.a.j.t.JMeterThread: Thread finished: Soak - 30 VUs sustained 1-2
2026-09-01 18:21:34,285 INFO o.a.j.t.JMeterThread: Thread is done: Soak - 30 VUs sustained 1-14
2026-09-01 18:21:34,285 INFO o.a.j.t.JMeterThread: Thread finished: Soak - 30 VUs sustained 1-14
2026-09-01 18:21:34,735 INFO o.a.j.t.JMeterThread: Thread is done: Soak - 30 VUs sustained 1-13
2026-09-01 18:21:34,735 INFO o.a.j.t.JMeterThread: Thread finished: Soak - 30 VUs sustained 1-13
2026-09-01 18:21:35,655 INFO o.a.j.t.JMeterThread: Thread is done: Soak - 30 VUs sustained 1-9
2026-09-01 18:21:35,655 INFO o.a.j.t.JMeterThread: Thread finished: Soak - 30 VUs sustained 1-9
2026-09-01 18:21:37,120 INFO o.a.j.t.JMeterThread: Thread is done: Soak - 30 VUs sustained 1-10
2026-09-01 18:21:37,120 INFO o.a.j.t.JMeterThread: Thread finished: Soak - 30 VUs sustained 1-10
2026-09-01 18:21:39,816 INFO o.a.j.t.JMeterThread: Thread is done: Soak - 30 VUs sustained 1-19
2026-09-01 18:21:39,816 INFO o.a.j.t.JMeterThread: Thread finished: Soak - 30 VUs sustained 1-19
2026-09-01 18:21:39,997 INFO o.a.j.t.JMeterThread: Thread is done: Soak - 30 VUs sustained 1-17
2026-09-01 18:21:39,997 INFO o.a.j.t.JMeterThread: Thread finished: Soak - 30 VUs sustained 1-17
2026-09-01 18:21:40,173 INFO o.a.j.t.JMeterThread: Thread is done: Soak - 30 VUs sustained 1-18
2026-09-01 18:21:40,173 INFO o.a.j.t.JMeterThread: Thread finished: Soak - 30 VUs sustained 1-18
2026-09-01 18:21:40,498 INFO o.a.j.t.JMeterThread: Thread is done: Soak - 30 VUs sustained 1-20
2026-09-01 18:21:40,499 INFO o.a.j.t.JMeterThread: Thread finished: Soak - 30 VUs sustained 1-20
2026-09-01 18:21:41,204 INFO o.a.j.t.JMeterThread: Thread is done: Soak - 30 VUs sustained 1-22
2026-09-01 18:21:41,204 INFO o.a.j.t.JMeterThread: Thread finished: Soak - 30 VUs sustained 1-22
2026-09-01 18:21:42,049 INFO o.a.j.t.JMeterThread: Thread is done: Soak - 30 VUs sustained 1-16
2026-09-01 18:21:42,050 INFO o.a.j.t.JMeterThread: Thread finished: Soak - 30 VUs sustained 1-16
2026-09-01 18:21:42,961 INFO o.a.j.t.JMeterThread: Thread is done: Soak - 30 VUs sustained 1-21
2026-09-01 18:21:42,961 INFO o.a.j.t.JMeterThread: Thread finished: Soak - 30 VUs sustained 1-21
2026-09-01 18:21:43,965 INFO o.a.j.t.JMeterThread: Thread is done: Soak - 30 VUs sustained 1-23
2026-09-01 18:21:43,965 INFO o.a.j.t.JMeterThread: Thread finished: Soak - 30 VUs sustained 1-23
2026-09-01 18:21:45,127 INFO o.a.j.t.JMeterThread: Thread is done: Soak - 30 VUs sustained 1-15
2026-09-01 18:21:45,127 INFO o.a.j.t.JMeterThread: Thread finished: Soak - 30 VUs sustained 1-15
2026-09-01 18:21:46,232 INFO o.a.j.t.JMeterThread: Thread is done: Soak - 30 VUs sustained 1-25
2026-09-01 18:21:46,232 INFO o.a.j.t.JMeterThread: Thread finished: Soak - 30 VUs sustained 1-25
2026-09-01 18:21:46,558 INFO o.a.j.t.JMeterThread: Thread is done: Soak - 30 VUs sustained 1-24
2026-09-01 18:21:46,558 INFO o.a.j.t.JMeterThread: Thread finished: Soak - 30 VUs sustained 1-24
2026-09-01 18:21:49,181 INFO o.a.j.t.JMeterThread: Thread is done: Soak - 30 VUs sustained 1-28
2026-09-01 18:21:49,181 INFO o.a.j.t.JMeterThread: Thread finished: Soak - 30 VUs sustained 1-28
2026-09-01 18:21:50,479 INFO o.a.j.t.JMeterThread: Thread is done: Soak - 30 VUs sustained 1-27
2026-09-01 18:21:50,479 INFO o.a.j.t.JMeterThread: Thread finished: Soak - 30 VUs sustained 1-27
2026-09-01 18:21:53,093 INFO o.a.j.t.JMeterThread: Thread is done: Soak - 30 VUs sustained 1-30
2026-09-01 18:21:53,094 INFO o.a.j.t.JMeterThread: Thread finished: Soak - 30 VUs sustained 1-30
2026-09-01 18:21:54,832 INFO o.a.j.t.JMeterThread: Thread is done: Soak - 30 VUs sustained 1-26
2026-09-01 18:21:54,832 INFO o.a.j.t.JMeterThread: Thread finished: Soak - 30 VUs sustained 1-26
2026-09-01 18:21:56,940 INFO o.a.j.t.JMeterThread: Thread is done: Soak - 30 VUs sustained 1-29
2026-09-01 18:21:56,940 INFO o.a.j.t.JMeterThread: Thread finished: Soak - 30 VUs sustained 1-29
2026-09-01 18:21:56,941 INFO o.a.j.e.StandardJMeterEngine: Notifying test listeners of end of test
2026-09-01 18:21:56,941 INFO o.a.j.s.FileServer: Close: ../data/performance_users.csv
2026-09-01 18:21:56,950 INFO o.a.j.r.Summariser: summary +    787 in 00:00:27 =   29.2/s Avg:     2 Min:     0 Max:    26 Err:     0 (0.00%) Active: 0 Started: 30 Finished: 30
2026-09-01 18:21:56,951 INFO o.a.j.r.Summariser: summary =  49200 in 00:10:20 =   79.4/s Avg:     2 Min:     0 Max:  1151 Err:     0 (0.00%)
2026-09-01 18:21:56,951 INFO o.a.j.JMeter: Generating Dashboard
2026-09-01 18:21:56,951 INFO o.a.j.r.d.ReportGenerator: Flushing result collector before report Generation
2026-09-01 18:21:56,968 INFO o.a.j.r.p.NormalizerSampleConsumer: Using format, 'ms', to parse timeStamp field
2026-09-01 18:21:57,385 INFO o.a.j.r.p.AbstractSampleConsumer: class org.apache.jmeter.report.processor.AggregateConsumer#stopProducing(): beginDate produced 0 samples
2026-09-01 18:21:57,385 INFO o.a.j.r.p.AbstractSampleConsumer: class org.apache.jmeter.report.processor.AggregateConsumer#stopProducing(): endDate produced 0 samples
2026-09-01 18:21:57,386 INFO o.a.j.r.p.AbstractSampleConsumer: class org.apache.jmeter.report.processor.ApdexSummaryConsumer#stopProducing(): apdexSummary produced 0 samples
2026-09-01 18:21:57,386 INFO o.a.j.r.p.AbstractSampleConsumer: class org.apache.jmeter.report.processor.RequestsSummaryConsumer#stopProducing(): requestsSummary produced 0 samples
2026-09-01 18:21:57,392 INFO o.a.j.r.p.AbstractSampleConsumer: class org.apache.jmeter.report.processor.StatisticsSummaryConsumer#stopProducing(): statisticsSummary produced 0 samples
2026-09-01 18:21:57,394 INFO o.a.j.r.p.AbstractSampleConsumer: class org.apache.jmeter.report.processor.Top5ErrorsBySamplerConsumer#stopProducing(): top5ErrorsBySampler produced 0 samples
2026-09-01 18:21:57,394 INFO o.a.j.r.p.AbstractSampleConsumer: class org.apache.jmeter.report.processor.ErrorsSummaryConsumer#stopProducing(): errorsSummary produced 0 samples
2026-09-01 18:21:57,394 INFO o.a.j.r.p.AbstractSampleConsumer: class org.apache.jmeter.report.processor.graph.impl.HitsPerSecondGraphConsumer#stopProducing(): hitsPerSecond produced 0 samples
2026-09-01 18:21:57,494 INFO o.a.j.r.p.AbstractSampleConsumer: class org.apache.jmeter.report.processor.graph.impl.LatencyVSRequestGraphConsumer#stopProducing(): latencyVsRequest produced 0 samples
2026-09-01 18:21:57,495 INFO o.a.j.r.p.AbstractSampleConsumer: class org.apache.jmeter.report.processor.graph.impl.SyntheticResponseTimeDistributionGraphConsumer#stopProducing(): syntheticResponseTimeDistribution produced 0 samples
2026-09-01 18:21:57,495 INFO o.a.j.r.p.AbstractSampleConsumer: class org.apache.jmeter.report.processor.graph.impl.BytesThroughputGraphConsumer#stopProducing(): bytesThroughputOverTime produced 0 samples
2026-09-01 18:21:57,495 INFO o.a.j.r.p.AbstractSampleConsumer: class org.apache.jmeter.report.processor.graph.impl.CodesPerSecondGraphConsumer#stopProducing(): codesPerSecond produced 0 samples
2026-09-01 18:21:57,565 INFO o.a.j.r.p.AbstractSampleConsumer: class org.apache.jmeter.report.processor.graph.impl.ResponseTimeVSRequestGraphConsumer#stopProducing(): responseTimeVsRequest produced 0 samples
2026-09-01 18:21:57,566 INFO o.a.j.r.p.AbstractSampleConsumer: class org.apache.jmeter.report.processor.FilterConsumer#stopProducing(): startIntervalControlerFilter produced 344400 samples
2026-09-01 18:21:57,566 INFO o.a.j.r.p.AbstractSampleConsumer: class org.apache.jmeter.report.processor.graph.impl.TotalTPSGraphConsumer#stopProducing(): totalTPS produced 0 samples
2026-09-01 18:21:57,566 INFO o.a.j.r.p.AbstractSampleConsumer: class org.apache.jmeter.report.processor.graph.impl.ActiveThreadsGraphConsumer#stopProducing(): activeThreadsOverTime produced 0 samples
2026-09-01 18:21:57,566 INFO o.a.j.r.p.AbstractSampleConsumer: class org.apache.jmeter.report.processor.graph.impl.TimeVSThreadGraphConsumer#stopProducing(): timeVsThreads produced 0 samples
2026-09-01 18:21:57,566 INFO o.a.j.r.p.AbstractSampleConsumer: class org.apache.jmeter.report.processor.graph.impl.ResponseTimeDistributionGraphConsumer#stopProducing(): responseTimeDistribution produced 0 samples
2026-09-01 18:21:57,566 INFO o.a.j.r.p.AbstractSampleConsumer: class org.apache.jmeter.report.processor.graph.impl.TransactionsPerSecondGraphConsumer#stopProducing(): transactionsPerSecond produced 0 samples
2026-09-01 18:21:57,566 INFO o.a.j.r.p.AbstractSampleConsumer: class org.apache.jmeter.report.processor.graph.impl.ResponseTimePercentilesGraphConsumer#stopProducing(): responseTimePercentiles produced 0 samples
2026-09-01 18:21:57,566 INFO o.a.j.r.p.AbstractSampleConsumer: class org.apache.jmeter.report.processor.graph.impl.ResponseTimePercentilesOverTimeGraphConsumer#stopProducing(): responseTimePercentilesOverTime produced 0 samples
2026-09-01 18:21:57,568 INFO o.a.j.r.p.AbstractSampleConsumer: class org.apache.jmeter.report.processor.graph.impl.ResponseTimeOverTimeGraphConsumer#stopProducing(): responseTimesOverTime produced 0 samples
2026-09-01 18:21:57,568 INFO o.a.j.r.p.AbstractSampleConsumer: class org.apache.jmeter.report.processor.graph.impl.ConnectTimeOverTimeGraphConsumer#stopProducing(): connectTimeOverTime produced 0 samples
2026-09-01 18:21:57,568 INFO o.a.j.r.p.AbstractSampleConsumer: class org.apache.jmeter.report.processor.graph.impl.LatencyOverTimeGraphConsumer#stopProducing(): latenciesOverTime produced 0 samples
2026-09-01 18:21:57,568 INFO o.a.j.r.p.AbstractSampleConsumer: class org.apache.jmeter.report.processor.FilterConsumer#stopProducing(): nameFilter produced 738000 samples
2026-09-01 18:21:57,568 INFO o.a.j.r.p.AbstractSampleConsumer: class org.apache.jmeter.report.processor.FilterConsumer#stopProducing(): dateRangeFilter produced 147600 samples
2026-09-01 18:21:57,568 INFO o.a.j.r.p.AbstractSampleConsumer: class org.apache.jmeter.report.processor.NormalizerSampleConsumer#stopProducing(): normalizer produced 49200 samples
2026-09-01 18:21:57,568 INFO o.a.j.r.p.CsvFileSampleSource: produce(): 49200 samples produced in 590ms on channel 0
2026-09-01 18:21:57,568 INFO o.a.j.r.d.ReportGenerator: Exporting data using exporter:'json' of className:'org.apache.jmeter.report.dashboard.JsonExporter'
2026-09-01 18:21:57,607 INFO o.a.j.r.d.JsonExporter: Found data for consumer statisticsSummary in context
2026-09-01 18:21:57,607 INFO o.a.j.r.d.JsonExporter: Creating statistics for overall
2026-09-01 18:21:57,607 INFO o.a.j.r.d.JsonExporter: Creating statistics for other transactions
2026-09-01 18:21:57,607 INFO o.a.j.r.d.JsonExporter: Checking output folder
2026-09-01 18:21:57,608 INFO o.a.j.r.d.JsonExporter: Writing statistics JSON to /Users/kunda/Documents/hw/hw05/reports/23127035_Soak_20260831/statistics.json
2026-09-01 18:21:57,633 INFO o.a.j.r.d.ReportGenerator: Exporting data using exporter:'html' of className:'org.apache.jmeter.report.dashboard.HtmlTemplateExporter'
2026-09-01 18:21:57,634 INFO o.a.j.r.d.HtmlTemplateExporter: Will generate dashboard in folder: /Users/kunda/Documents/hw/hw05/reports/23127035_Soak_20260831
2026-09-01 18:21:57,672 INFO o.a.j.r.d.HtmlTemplateExporter: Report will be generated in: /Users/kunda/Documents/hw/hw05/reports/23127035_Soak_20260831, creating folder structure
2026-09-01 18:21:57,673 INFO o.a.j.r.d.TemplateVisitor: Copying folder from '/opt/homebrew/Cellar/jmeter/5.6.3/libexec/bin/report-template' to '/Users/kunda/Documents/hw/hw05/reports/23127035_Soak_20260831', got message: /Users/kunda/Documents/hw/hw05/reports/23127035_Soak_20260831, found non empty folder with following content [/Users/kunda/Documents/hw/hw05/reports/23127035_Soak_20260831/statistics.json], will be ignored
2026-09-01 18:21:57,794 INFO o.a.j.JMeter: Dashboard generated
