2026-08-31 17:29:46,480 INFO o.a.j.u.JMeterUtils: Setting Locale to en_EN
2026-08-31 17:29:46,488 INFO o.a.j.JMeter: Loading user properties from: /opt/homebrew/Cellar/jmeter/5.6.3/libexec/bin/user.properties
2026-08-31 17:29:46,489 INFO o.a.j.JMeter: Loading system properties from: /opt/homebrew/Cellar/jmeter/5.6.3/libexec/bin/system.properties
2026-08-31 17:29:46,489 INFO o.a.j.JMeter: Setting JMeter property: jmeter.save.saveservice.output_format=csv
2026-08-31 17:29:46,489 INFO o.a.j.JMeter: Setting JMeter property: jmeter.save.saveservice.print_field_names=true
2026-08-31 17:29:46,489 INFO o.a.j.JMeter: Setting JMeter property: jmeter.save.saveservice.connect_time=true
2026-08-31 17:29:46,489 INFO o.a.j.JMeter: Setting JMeter property: jmeter.save.saveservice.latency=true
2026-08-31 17:29:46,489 INFO o.a.j.JMeter: Setting JMeter property: jmeter.save.saveservice.bytes=true
2026-08-31 17:29:46,489 INFO o.a.j.JMeter: Setting JMeter property: jmeter.save.saveservice.sent_bytes=true
2026-08-31 17:29:46,489 INFO o.a.j.JMeter: Setting JMeter property: jmeter.save.saveservice.thread_counts=true
2026-08-31 17:29:46,489 INFO o.a.j.JMeter: Setting JMeter property: jmeter.save.saveservice.assertion_results_failure_message=true
2026-08-31 17:29:46,491 INFO o.a.j.JMeter: Copyright (c) 1998-2024 The Apache Software Foundation
2026-08-31 17:29:46,491 INFO o.a.j.JMeter: Version 5.6.3
2026-08-31 17:29:46,491 INFO o.a.j.JMeter: java.version=21.0.12.1
2026-08-31 17:29:46,491 INFO o.a.j.JMeter: java.vm.name=OpenJDK 64-Bit Server VM
2026-08-31 17:29:46,491 INFO o.a.j.JMeter: os.name=Mac OS X
2026-08-31 17:29:46,491 INFO o.a.j.JMeter: os.arch=aarch64
2026-08-31 17:29:46,491 INFO o.a.j.JMeter: os.version=26.5.1
2026-08-31 17:29:46,491 INFO o.a.j.JMeter: file.encoding=UTF-8
2026-08-31 17:29:46,491 INFO o.a.j.JMeter: java.awt.headless=true
2026-08-31 17:29:46,491 INFO o.a.j.JMeter: Max memory     =1073741824
2026-08-31 17:29:46,491 INFO o.a.j.JMeter: Available Processors =10
2026-08-31 17:29:46,494 INFO o.a.j.JMeter: Default Locale=English (EN)
2026-08-31 17:29:46,494 INFO o.a.j.JMeter: JMeter  Locale=English (EN)
2026-08-31 17:29:46,494 INFO o.a.j.JMeter: JMeterHome=/opt/homebrew/Cellar/jmeter/5.6.3/libexec
2026-08-31 17:29:46,494 INFO o.a.j.JMeter: user.dir  =/Users/kunda/Documents/hw/hw05
2026-08-31 17:29:46,494 INFO o.a.j.JMeter: PWD       =/Users/kunda/Documents/hw/hw05
2026-08-31 17:29:46,496 INFO o.a.j.JMeter: IP: 127.0.0.1 Name: MacBook-Air-cua-KunDa.local FullName: localhost
2026-08-31 17:29:46,502 INFO o.a.j.s.FileServer: Default base='/Users/kunda/Documents/hw/hw05'
2026-08-31 17:29:46,502 INFO o.a.j.s.FileServer: Set new base='/Users/kunda/Documents/hw/hw05/test-plans'
2026-08-31 17:29:46,560 INFO o.a.j.s.SaveService: Testplan (JMX) version: 2.2. Testlog (JTL) version: 2.2
2026-08-31 17:29:46,570 INFO o.a.j.s.SaveService: Using SaveService properties version 5.0
2026-08-31 17:29:46,571 INFO o.a.j.s.SaveService: Using SaveService properties file encoding UTF-8
2026-08-31 17:29:46,572 INFO o.a.j.s.SaveService: Loading file: test-plans/23127035_Smoke_20260831.jmx
2026-08-31 17:29:46,593 INFO o.a.j.p.h.s.HTTPSamplerBase: Parser for text/html is org.apache.jmeter.protocol.http.parser.LagartoBasedHtmlParser
2026-08-31 17:29:46,593 INFO o.a.j.p.h.s.HTTPSamplerBase: Parser for application/xhtml+xml is org.apache.jmeter.protocol.http.parser.LagartoBasedHtmlParser
2026-08-31 17:29:46,593 INFO o.a.j.p.h.s.HTTPSamplerBase: Parser for application/xml is org.apache.jmeter.protocol.http.parser.LagartoBasedHtmlParser
2026-08-31 17:29:46,593 INFO o.a.j.p.h.s.HTTPSamplerBase: Parser for text/xml is org.apache.jmeter.protocol.http.parser.LagartoBasedHtmlParser
2026-08-31 17:29:46,593 INFO o.a.j.p.h.s.HTTPSamplerBase: Parser for text/vnd.wap.wml is org.apache.jmeter.protocol.http.parser.RegexpHTMLParser
2026-08-31 17:29:46,593 INFO o.a.j.p.h.s.HTTPSamplerBase: Parser for text/css is org.apache.jmeter.protocol.http.parser.CssParser
2026-08-31 17:29:46,611 INFO o.a.j.JMeter: Creating summariser <summary>
2026-08-31 17:29:46,618 INFO o.a.j.e.StandardJMeterEngine: Running the test!
2026-08-31 17:29:46,618 INFO o.a.j.s.SampleEvent: List of sample_variables: []
2026-08-31 17:29:46,618 INFO o.a.j.s.SampleEvent: List of sample_variables: []
2026-08-31 17:29:46,619 INFO o.a.j.e.u.CompoundVariable: Note: Function class names must contain the string: '.functions.'
2026-08-31 17:29:46,619 INFO o.a.j.e.u.CompoundVariable: Note: Function class names must not contain the string: '.gui.'
2026-08-31 17:29:46,632 INFO o.a.j.r.ClassFinder: Will scan jar /opt/homebrew/Cellar/jmeter/5.6.3/libexec/lib/ext/jmeter-plugins-manager-1.9.jar with filter ExtendsClassFilter [parents=[interface org.apache.jmeter.functions.Function], inner=false, contains=null, notContains=null]. Consider exposing JMeter plugins via META-INF/services, and add JMeter-Skip-Class-Scanning=true manifest attribute so JMeter can skip classfile scanning
2026-08-31 17:29:46,726 INFO o.a.j.JMeter: Running test (1788172186726)
2026-08-31 17:29:46,733 INFO o.a.j.e.StandardJMeterEngine: Starting ThreadGroup: 1 : Smoke - 1 VU x 1 iteration
2026-08-31 17:29:46,733 INFO o.a.j.e.StandardJMeterEngine: Starting 1 threads for group Smoke - 1 VU x 1 iteration.
2026-08-31 17:29:46,733 INFO o.a.j.e.StandardJMeterEngine: Thread will continue on error
2026-08-31 17:29:46,733 INFO o.a.j.t.ThreadGroup: Starting thread group... number=1 threads=1 ramp-up=1 delayedStart=false
2026-08-31 17:29:46,735 INFO o.a.j.t.ThreadGroup: Started thread group number 1
2026-08-31 17:29:46,735 INFO o.a.j.e.StandardJMeterEngine: All thread groups have been started
2026-08-31 17:29:46,738 INFO o.a.j.t.JMeterThread: Thread started: Smoke - 1 VU x 1 iteration 1-1
2026-08-31 17:29:46,738 INFO o.a.j.s.FileServer: Stored: ../data/performance_users.csv
2026-08-31 17:29:47,181 INFO o.a.j.p.h.s.HTTPHCAbstractImpl: Local host = MacBook-Air-cua-KunDa.local
2026-08-31 17:29:47,183 INFO o.a.j.p.h.s.HTTPHC4Impl: HTTP request retry count = 0
2026-08-31 17:29:47,184 INFO o.a.j.s.SampleResult: Note: Sample TimeStamps are START times
2026-08-31 17:29:47,184 INFO o.a.j.s.SampleResult: sampleresult.default.encoding is set to UTF-8
2026-08-31 17:29:47,184 INFO o.a.j.s.SampleResult: sampleresult.useNanoTime=true
2026-08-31 17:29:47,184 INFO o.a.j.s.SampleResult: sampleresult.nanoThreadSleep=5000
2026-08-31 17:29:49,234 INFO o.a.j.t.JMeterThread: Thread is done: Smoke - 1 VU x 1 iteration 1-1
2026-08-31 17:29:49,234 INFO o.a.j.t.JMeterThread: Thread finished: Smoke - 1 VU x 1 iteration 1-1
2026-08-31 17:29:49,236 INFO o.a.j.e.StandardJMeterEngine: Notifying test listeners of end of test
2026-08-31 17:29:49,236 INFO o.a.j.s.FileServer: Close: ../data/performance_users.csv
2026-08-31 17:29:49,238 INFO o.a.j.r.Summariser: summary =      6 in 00:00:03 =    2.4/s Avg:     5 Min:     2 Max:    12 Err:     0 (0.00%)
