2026-09-03 17:49:20,675 INFO o.a.j.u.JMeterUtils: Setting Locale to en_EN
2026-09-03 17:49:20,685 INFO o.a.j.JMeter: Loading user properties from: /opt/homebrew/Cellar/jmeter/5.6.3/libexec/bin/user.properties
2026-09-03 17:49:20,686 INFO o.a.j.JMeter: Loading system properties from: /opt/homebrew/Cellar/jmeter/5.6.3/libexec/bin/system.properties
2026-09-03 17:49:20,686 INFO o.a.j.JMeter: Setting JMeter property: jmeter.save.saveservice.output_format=csv
2026-09-03 17:49:20,686 INFO o.a.j.JMeter: Setting JMeter property: jmeter.save.saveservice.print_field_names=true
2026-09-03 17:49:20,686 INFO o.a.j.JMeter: Setting JMeter property: jmeter.save.saveservice.connect_time=true
2026-09-03 17:49:20,686 INFO o.a.j.JMeter: Setting JMeter property: jmeter.save.saveservice.latency=true
2026-09-03 17:49:20,686 INFO o.a.j.JMeter: Setting JMeter property: jmeter.save.saveservice.bytes=true
2026-09-03 17:49:20,686 INFO o.a.j.JMeter: Setting JMeter property: jmeter.save.saveservice.sent_bytes=true
2026-09-03 17:49:20,686 INFO o.a.j.JMeter: Setting JMeter property: jmeter.save.saveservice.thread_counts=true
2026-09-03 17:49:20,686 INFO o.a.j.JMeter: Setting JMeter property: jmeter.save.saveservice.assertion_results_failure_message=true
2026-09-03 17:49:20,686 INFO o.a.j.JMeter: Setting JMeter property: port=3001
2026-09-03 17:49:20,688 INFO o.a.j.JMeter: Copyright (c) 1998-2024 The Apache Software Foundation
2026-09-03 17:49:20,688 INFO o.a.j.JMeter: Version 5.6.3
2026-09-03 17:49:20,688 INFO o.a.j.JMeter: java.version=21.0.12.1
2026-09-03 17:49:20,688 INFO o.a.j.JMeter: java.vm.name=OpenJDK 64-Bit Server VM
2026-09-03 17:49:20,689 INFO o.a.j.JMeter: os.name=Mac OS X
2026-09-03 17:49:20,689 INFO o.a.j.JMeter: os.arch=aarch64
2026-09-03 17:49:20,689 INFO o.a.j.JMeter: os.version=26.5.1
2026-09-03 17:49:20,689 INFO o.a.j.JMeter: file.encoding=UTF-8
2026-09-03 17:49:20,689 INFO o.a.j.JMeter: java.awt.headless=true
2026-09-03 17:49:20,689 INFO o.a.j.JMeter: Max memory     =1073741824
2026-09-03 17:49:20,689 INFO o.a.j.JMeter: Available Processors =10
2026-09-03 17:49:20,693 INFO o.a.j.JMeter: Default Locale=English (EN)
2026-09-03 17:49:20,693 INFO o.a.j.JMeter: JMeter  Locale=English (EN)
2026-09-03 17:49:20,693 INFO o.a.j.JMeter: JMeterHome=/opt/homebrew/Cellar/jmeter/5.6.3/libexec
2026-09-03 17:49:20,693 INFO o.a.j.JMeter: user.dir  =/Users/kunda/Documents/hw/hw05
2026-09-03 17:49:20,693 INFO o.a.j.JMeter: PWD       =/Users/kunda/Documents/hw/hw05
2026-09-03 17:49:20,695 INFO o.a.j.JMeter: IP: 127.0.0.1 Name: MacBook-Air-cua-KunDa.local FullName: localhost
2026-09-03 17:49:20,702 INFO o.a.j.JMeter: Setting property 'jmeter.reportgenerator.outputdir' to:'/Users/kunda/Documents/hw/hw05/reports/23127035_Stress_20260903'
2026-09-03 17:49:20,703 INFO o.a.j.s.FileServer: Default base='/Users/kunda/Documents/hw/hw05'
2026-09-03 17:49:20,704 INFO o.a.j.s.FileServer: Set new base='/Users/kunda/Documents/hw/hw05/test-plans'
2026-09-03 17:49:20,775 INFO o.a.j.s.SaveService: Testplan (JMX) version: 2.2. Testlog (JTL) version: 2.2
2026-09-03 17:49:20,789 INFO o.a.j.s.SaveService: Using SaveService properties version 5.0
2026-09-03 17:49:20,790 INFO o.a.j.s.SaveService: Using SaveService properties file encoding UTF-8
2026-09-03 17:49:20,791 INFO o.a.j.s.SaveService: Loading file: /Users/kunda/Documents/hw/hw05/test-plans/23127035_Stress_20260903.jmx
2026-09-03 17:49:20,816 INFO o.a.j.p.h.s.HTTPSamplerBase: Parser for text/html is org.apache.jmeter.protocol.http.parser.LagartoBasedHtmlParser
2026-09-03 17:49:20,816 INFO o.a.j.p.h.s.HTTPSamplerBase: Parser for application/xhtml+xml is org.apache.jmeter.protocol.http.parser.LagartoBasedHtmlParser
2026-09-03 17:49:20,816 INFO o.a.j.p.h.s.HTTPSamplerBase: Parser for application/xml is org.apache.jmeter.protocol.http.parser.LagartoBasedHtmlParser
2026-09-03 17:49:20,816 INFO o.a.j.p.h.s.HTTPSamplerBase: Parser for text/xml is org.apache.jmeter.protocol.http.parser.LagartoBasedHtmlParser
2026-09-03 17:49:20,816 INFO o.a.j.p.h.s.HTTPSamplerBase: Parser for text/vnd.wap.wml is org.apache.jmeter.protocol.http.parser.RegexpHTMLParser
2026-09-03 17:49:20,816 INFO o.a.j.p.h.s.HTTPSamplerBase: Parser for text/css is org.apache.jmeter.protocol.http.parser.CssParser
2026-09-03 17:49:20,844 INFO o.a.j.JMeter: Creating summariser <summary>
2026-09-03 17:49:20,846 INFO o.a.j.r.d.ReportGenerator: ReportGenerator will use for Parsing the separator: ','
2026-09-03 17:49:20,846 INFO o.a.j.r.d.ReportGenerator: Will generate report at end of test from  results file: /Users/kunda/Documents/hw/hw05/results/23127035_Stress_20260903.jtl
2026-09-03 17:49:20,847 INFO o.a.j.r.d.ReportGenerator: Reading report generator properties from: /opt/homebrew/Cellar/jmeter/5.6.3/libexec/bin/reportgenerator.properties
2026-09-03 17:49:20,847 INFO o.a.j.r.d.ReportGenerator: Merging with JMeter properties
2026-09-03 17:49:20,848 INFO o.a.j.r.c.ReportGeneratorConfiguration: Property 'jmeter.reportgenerator.temp_dir' not found, using default value 'temp' instead.
2026-09-03 17:49:20,849 INFO o.a.j.r.c.ReportGeneratorConfiguration: Property 'jmeter.reportgenerator.apdex_per_transaction' not found, using default value 'null' instead.
2026-09-03 17:49:20,849 INFO o.a.j.r.c.ReportGeneratorConfiguration: apdex_per_transaction is empty, not APDEX per transaction customization
2026-09-03 17:49:20,849 INFO o.a.j.r.c.ReportGeneratorConfiguration: Property 'jmeter.reportgenerator.sample_filter' not found, using default value 'null' instead.
2026-09-03 17:49:20,849 INFO o.a.j.r.c.ReportGeneratorConfiguration: Property 'jmeter.reportgenerator.report_title' not found, using default value 'null' instead.
2026-09-03 17:49:20,849 INFO o.a.j.r.c.ReportGeneratorConfiguration: Property 'jmeter.reportgenerator.start_date' not found, using default value 'null' instead.
2026-09-03 17:49:20,849 INFO o.a.j.r.c.ReportGeneratorConfiguration: Property 'jmeter.reportgenerator.end_date' not found, using default value 'null' instead.
2026-09-03 17:49:20,849 INFO o.a.j.r.c.ReportGeneratorConfiguration: Property 'jmeter.reportgenerator.date_format' not found, using default value 'null' instead.
2026-09-03 17:49:20,849 INFO o.a.j.r.c.ReportGeneratorConfiguration: Will use date range start date: null, end date: null
2026-09-03 17:49:20,850 INFO o.a.j.r.c.ReportGeneratorConfiguration: Property 'jmeter.reportgenerator.graph.totalTPS.exclude_controllers' not found, using default value 'false' instead.
2026-09-03 17:49:20,851 INFO o.a.j.r.c.ReportGeneratorConfiguration: Property 'jmeter.reportgenerator.graph.activeThreadsOverTime.exclude_controllers' not found, using default value 'false' instead.
2026-09-03 17:49:20,851 INFO o.a.j.r.c.ReportGeneratorConfiguration: Property 'jmeter.reportgenerator.graph.timeVsThreads.exclude_controllers' not found, using default value 'false' instead.
2026-09-03 17:49:20,851 INFO o.a.j.r.c.ReportGeneratorConfiguration: Property 'jmeter.reportgenerator.graph.responseTimeDistribution.exclude_controllers' not found, using default value 'false' instead.
2026-09-03 17:49:20,851 INFO o.a.j.r.c.ReportGeneratorConfiguration: Property 'jmeter.reportgenerator.graph.transactionsPerSecond.exclude_controllers' not found, using default value 'false' instead.
2026-09-03 17:49:20,851 INFO o.a.j.r.c.ReportGeneratorConfiguration: Property 'jmeter.reportgenerator.graph.responseTimePercentiles.exclude_controllers' not found, using default value 'false' instead.
2026-09-03 17:49:20,851 INFO o.a.j.r.c.ReportGeneratorConfiguration: Property 'jmeter.reportgenerator.graph.responseTimePercentilesOverTime.exclude_controllers' not found, using default value 'false' instead.
2026-09-03 17:49:20,851 INFO o.a.j.r.c.ReportGeneratorConfiguration: Property 'jmeter.reportgenerator.graph.responseTimesOverTime.exclude_controllers' not found, using default value 'false' instead.
2026-09-03 17:49:20,851 INFO o.a.j.r.c.ReportGeneratorConfiguration: Property 'jmeter.reportgenerator.graph.connectTimeOverTime.exclude_controllers' not found, using default value 'false' instead.
2026-09-03 17:49:20,851 INFO o.a.j.r.c.ReportGeneratorConfiguration: Property 'jmeter.reportgenerator.graph.latenciesOverTime.exclude_controllers' not found, using default value 'false' instead.
2026-09-03 17:49:20,851 INFO o.a.j.r.c.ReportGeneratorConfiguration: Property 'jmeter.reportgenerator.exporter.json.filters_only_sample_series' not found, using default value 'true' instead.
2026-09-03 17:49:20,851 INFO o.a.j.r.c.ReportGeneratorConfiguration: Property 'jmeter.reportgenerator.exporter.json.series_filter' not found, using default value '' instead.
2026-09-03 17:49:20,851 INFO o.a.j.r.c.ReportGeneratorConfiguration: Property 'jmeter.reportgenerator.exporter.json.show_controllers_only' not found, using default value 'false' instead.
2026-09-03 17:49:20,851 INFO o.a.j.r.c.ReportGeneratorConfiguration: Property 'jmeter.reportgenerator.exporter.html.filters_only_sample_series' not found, using default value 'true' instead.
2026-09-03 17:49:20,851 INFO o.a.j.r.c.ReportGeneratorConfiguration: Property 'jmeter.reportgenerator.exporter.html.series_filter' not found, using default value '' instead.
2026-09-03 17:49:20,851 INFO o.a.j.r.c.ReportGeneratorConfiguration: Property 'jmeter.reportgenerator.exporter.html.show_controllers_only' not found, using default value 'false' instead.
2026-09-03 17:49:20,857 INFO o.a.j.e.StandardJMeterEngine: Running the test!
2026-09-03 17:49:20,857 INFO o.a.j.s.SampleEvent: List of sample_variables: []
2026-09-03 17:49:20,857 INFO o.a.j.s.SampleEvent: List of sample_variables: []
2026-09-03 17:49:20,858 INFO o.a.j.e.u.CompoundVariable: Note: Function class names must contain the string: '.functions.'
2026-09-03 17:49:20,858 INFO o.a.j.e.u.CompoundVariable: Note: Function class names must not contain the string: '.gui.'
2026-09-03 17:49:20,872 INFO o.a.j.r.ClassFinder: Will scan jar /opt/homebrew/Cellar/jmeter/5.6.3/libexec/lib/ext/jmeter-plugins-manager-1.9.jar with filter ExtendsClassFilter [parents=[interface org.apache.jmeter.functions.Function], inner=false, contains=null, notContains=null]. Consider exposing JMeter plugins via META-INF/services, and add JMeter-Skip-Class-Scanning=true manifest attribute so JMeter can skip classfile scanning
2026-09-03 17:49:20,985 INFO o.a.j.JMeter: Running test (1788432560985)
2026-09-03 17:49:20,993 INFO o.a.j.e.StandardJMeterEngine: Starting ThreadGroup: 1 : Stress stage 1 - 6 VUs
2026-09-03 17:49:20,994 INFO o.a.j.e.StandardJMeterEngine: Starting 6 threads for group Stress stage 1 - 6 VUs.
2026-09-03 17:49:20,994 INFO o.a.j.e.StandardJMeterEngine: Thread will continue on error
2026-09-03 17:49:20,994 INFO o.a.j.t.ThreadGroup: Starting thread group... number=1 threads=6 ramp-up=10 delayedStart=false
2026-09-03 17:49:20,996 INFO o.a.j.t.ThreadGroup: Started thread group number 1
2026-09-03 17:49:20,996 INFO o.a.j.e.StandardJMeterEngine: Starting ThreadGroup: 2 : Stress stage 2 - 12 VUs
2026-09-03 17:49:20,996 INFO o.a.j.e.StandardJMeterEngine: Starting 12 threads for group Stress stage 2 - 12 VUs.
2026-09-03 17:49:20,996 INFO o.a.j.e.StandardJMeterEngine: Thread will continue on error
2026-09-03 17:49:20,996 INFO o.a.j.t.ThreadGroup: Starting thread group... number=2 threads=12 ramp-up=10 delayedStart=false
2026-09-03 17:49:21,001 INFO o.a.j.t.JMeterThread: Thread started: Stress stage 1 - 6 VUs 1-1
2026-09-03 17:49:21,001 INFO o.a.j.s.FileServer: Stored: ../data/performance_users.csv
2026-09-03 17:49:21,001 INFO o.a.j.t.ThreadGroup: Started thread group number 2
2026-09-03 17:49:21,001 INFO o.a.j.e.StandardJMeterEngine: Starting ThreadGroup: 3 : Stress stage 3 - 24 VUs
2026-09-03 17:49:21,001 INFO o.a.j.e.StandardJMeterEngine: Starting 24 threads for group Stress stage 3 - 24 VUs.
2026-09-03 17:49:21,001 INFO o.a.j.e.StandardJMeterEngine: Thread will continue on error
2026-09-03 17:49:21,001 INFO o.a.j.t.ThreadGroup: Starting thread group... number=3 threads=24 ramp-up=10 delayedStart=false
2026-09-03 17:49:21,007 INFO o.a.j.t.ThreadGroup: Started thread group number 3
2026-09-03 17:49:21,007 INFO o.a.j.e.StandardJMeterEngine: All thread groups have been started
2026-09-03 17:49:21,636 INFO o.a.j.p.h.s.HTTPHCAbstractImpl: Local host = MacBook-Air-cua-KunDa.local
2026-09-03 17:49:21,642 INFO o.a.j.p.h.s.HTTPHC4Impl: HTTP request retry count = 0
2026-09-03 17:49:21,643 INFO o.a.j.s.SampleResult: Note: Sample TimeStamps are START times
2026-09-03 17:49:21,643 INFO o.a.j.s.SampleResult: sampleresult.default.encoding is set to UTF-8
2026-09-03 17:49:21,643 INFO o.a.j.s.SampleResult: sampleresult.useNanoTime=true
2026-09-03 17:49:21,643 INFO o.a.j.s.SampleResult: sampleresult.nanoThreadSleep=5000
2026-09-03 17:49:22,671 INFO o.a.j.t.JMeterThread: Thread started: Stress stage 1 - 6 VUs 1-2
2026-09-03 17:49:24,339 INFO o.a.j.t.JMeterThread: Thread started: Stress stage 1 - 6 VUs 1-3
2026-09-03 17:49:26,005 INFO o.a.j.t.JMeterThread: Thread started: Stress stage 1 - 6 VUs 1-4
2026-09-03 17:49:27,671 INFO o.a.j.t.JMeterThread: Thread started: Stress stage 1 - 6 VUs 1-5
2026-09-03 17:49:29,336 INFO o.a.j.t.JMeterThread: Thread started: Stress stage 1 - 6 VUs 1-6
2026-09-03 17:49:30,016 INFO o.a.j.r.Summariser: summary +     79 in 00:00:09 =    8.8/s Avg:     4 Min:     2 Max:    22 Err:     0 (0.00%) Active: 6 Started: 6 Finished: 0
2026-09-03 17:50:00,078 INFO o.a.j.r.Summariser: summary +    505 in 00:00:30 =   16.8/s Avg:     3 Min:     0 Max:     7 Err:     0 (0.00%) Active: 6 Started: 6 Finished: 0
2026-09-03 17:50:00,080 INFO o.a.j.r.Summariser: summary =    584 in 00:00:39 =   14.9/s Avg:     3 Min:     0 Max:    22 Err:     0 (0.00%)
2026-09-03 17:50:20,747 INFO o.a.j.t.JMeterThread: Thread finished: Stress stage 1 - 6 VUs 1-1
2026-09-03 17:50:20,819 INFO o.a.j.t.JMeterThread: Thread finished: Stress stage 1 - 6 VUs 1-6
2026-09-03 17:50:20,924 INFO o.a.j.t.JMeterThread: Thread finished: Stress stage 1 - 6 VUs 1-3
2026-09-03 17:50:20,930 INFO o.a.j.t.JMeterThread: Thread finished: Stress stage 1 - 6 VUs 1-5
2026-09-03 17:50:20,954 INFO o.a.j.t.JMeterThread: Thread finished: Stress stage 1 - 6 VUs 1-4
2026-09-03 17:50:20,954 INFO o.a.j.t.JMeterThread: Thread finished: Stress stage 1 - 6 VUs 1-2
2026-09-03 17:50:21,001 INFO o.a.j.t.JMeterThread: Thread started: Stress stage 2 - 12 VUs 2-1
2026-09-03 17:50:21,838 INFO o.a.j.t.JMeterThread: Thread started: Stress stage 2 - 12 VUs 2-2
2026-09-03 17:50:22,672 INFO o.a.j.t.JMeterThread: Thread started: Stress stage 2 - 12 VUs 2-3
2026-09-03 17:50:23,503 INFO o.a.j.t.JMeterThread: Thread started: Stress stage 2 - 12 VUs 2-4
2026-09-03 17:50:24,336 INFO o.a.j.t.JMeterThread: Thread started: Stress stage 2 - 12 VUs 2-5
2026-09-03 17:50:25,166 INFO o.a.j.t.JMeterThread: Thread started: Stress stage 2 - 12 VUs 2-6
2026-09-03 17:50:26,001 INFO o.a.j.t.JMeterThread: Thread started: Stress stage 2 - 12 VUs 2-7
2026-09-03 17:50:26,835 INFO o.a.j.t.JMeterThread: Thread started: Stress stage 2 - 12 VUs 2-8
2026-09-03 17:50:27,667 INFO o.a.j.t.JMeterThread: Thread started: Stress stage 2 - 12 VUs 2-9
2026-09-03 17:50:28,496 INFO o.a.j.t.JMeterThread: Thread started: Stress stage 2 - 12 VUs 2-10
2026-09-03 17:50:29,332 INFO o.a.j.t.JMeterThread: Thread started: Stress stage 2 - 12 VUs 2-11
2026-09-03 17:50:30,027 INFO o.a.j.r.Summariser: summary +    492 in 00:00:30 =   16.4/s Avg:     2 Min:     0 Max:    13 Err:     0 (0.00%) Active: 11 Started: 17 Finished: 6
2026-09-03 17:50:30,028 INFO o.a.j.r.Summariser: summary =   1076 in 00:01:09 =   15.6/s Avg:     2 Min:     0 Max:    22 Err:     0 (0.00%)
2026-09-03 17:50:30,164 INFO o.a.j.t.JMeterThread: Thread started: Stress stage 2 - 12 VUs 2-12
2026-09-03 17:51:00,070 INFO o.a.j.r.Summariser: summary +   1016 in 00:00:30 =   33.8/s Avg:     2 Min:     0 Max:     7 Err:     0 (0.00%) Active: 12 Started: 18 Finished: 6
2026-09-03 17:51:00,070 INFO o.a.j.r.Summariser: summary =   2092 in 00:01:39 =   21.1/s Avg:     2 Min:     0 Max:    22 Err:     0 (0.00%)
2026-09-03 17:51:20,524 INFO o.a.j.t.JMeterThread: Thread finished: Stress stage 2 - 12 VUs 2-9
2026-09-03 17:51:20,552 INFO o.a.j.t.JMeterThread: Thread finished: Stress stage 2 - 12 VUs 2-3
2026-09-03 17:51:20,602 INFO o.a.j.t.JMeterThread: Thread finished: Stress stage 2 - 12 VUs 2-11
2026-09-03 17:51:20,625 INFO o.a.j.t.JMeterThread: Thread finished: Stress stage 2 - 12 VUs 2-4
2026-09-03 17:51:20,809 INFO o.a.j.t.JMeterThread: Thread finished: Stress stage 2 - 12 VUs 2-2
2026-09-03 17:51:20,814 INFO o.a.j.t.JMeterThread: Thread finished: Stress stage 2 - 12 VUs 2-5
2026-09-03 17:51:20,820 INFO o.a.j.t.JMeterThread: Thread finished: Stress stage 2 - 12 VUs 2-12
2026-09-03 17:51:20,820 INFO o.a.j.t.JMeterThread: Thread finished: Stress stage 2 - 12 VUs 2-6
2026-09-03 17:51:20,847 INFO o.a.j.t.JMeterThread: Thread finished: Stress stage 2 - 12 VUs 2-8
2026-09-03 17:51:20,915 INFO o.a.j.t.JMeterThread: Thread finished: Stress stage 2 - 12 VUs 2-10
2026-09-03 17:51:20,925 INFO o.a.j.t.JMeterThread: Thread finished: Stress stage 2 - 12 VUs 2-7
2026-09-03 17:51:20,947 INFO o.a.j.t.JMeterThread: Thread finished: Stress stage 2 - 12 VUs 2-1
2026-09-03 17:51:21,004 INFO o.a.j.t.JMeterThread: Thread started: Stress stage 3 - 24 VUs 3-1
2026-09-03 17:51:21,427 INFO o.a.j.t.JMeterThread: Thread started: Stress stage 3 - 24 VUs 3-2
2026-09-03 17:51:21,846 INFO o.a.j.t.JMeterThread: Thread started: Stress stage 3 - 24 VUs 3-3
2026-09-03 17:51:22,260 INFO o.a.j.t.JMeterThread: Thread started: Stress stage 3 - 24 VUs 3-4
2026-09-03 17:51:22,677 INFO o.a.j.t.JMeterThread: Thread started: Stress stage 3 - 24 VUs 3-5
2026-09-03 17:51:23,097 INFO o.a.j.t.JMeterThread: Thread started: Stress stage 3 - 24 VUs 3-6
2026-09-03 17:51:23,513 INFO o.a.j.t.JMeterThread: Thread started: Stress stage 3 - 24 VUs 3-7
2026-09-03 17:51:23,930 INFO o.a.j.t.JMeterThread: Thread started: Stress stage 3 - 24 VUs 3-8
2026-09-03 17:51:24,347 INFO o.a.j.t.JMeterThread: Thread started: Stress stage 3 - 24 VUs 3-9
2026-09-03 17:51:24,763 INFO o.a.j.t.JMeterThread: Thread started: Stress stage 3 - 24 VUs 3-10
2026-09-03 17:51:25,176 INFO o.a.j.t.JMeterThread: Thread started: Stress stage 3 - 24 VUs 3-11
2026-09-03 17:51:25,591 INFO o.a.j.t.JMeterThread: Thread started: Stress stage 3 - 24 VUs 3-12
2026-09-03 17:51:26,012 INFO o.a.j.t.JMeterThread: Thread started: Stress stage 3 - 24 VUs 3-13
2026-09-03 17:51:26,429 INFO o.a.j.t.JMeterThread: Thread started: Stress stage 3 - 24 VUs 3-14
2026-09-03 17:51:26,846 INFO o.a.j.t.JMeterThread: Thread started: Stress stage 3 - 24 VUs 3-15
2026-09-03 17:51:27,266 INFO o.a.j.t.JMeterThread: Thread started: Stress stage 3 - 24 VUs 3-16
2026-09-03 17:51:27,679 INFO o.a.j.t.JMeterThread: Thread started: Stress stage 3 - 24 VUs 3-17
2026-09-03 17:51:28,097 INFO o.a.j.t.JMeterThread: Thread started: Stress stage 3 - 24 VUs 3-18
2026-09-03 17:51:28,513 INFO o.a.j.t.JMeterThread: Thread started: Stress stage 3 - 24 VUs 3-19
2026-09-03 17:51:28,935 INFO o.a.j.t.JMeterThread: Thread started: Stress stage 3 - 24 VUs 3-20
2026-09-03 17:51:29,351 INFO o.a.j.t.JMeterThread: Thread started: Stress stage 3 - 24 VUs 3-21
2026-09-03 17:51:29,765 INFO o.a.j.t.JMeterThread: Thread started: Stress stage 3 - 24 VUs 3-22
2026-09-03 17:51:30,023 INFO o.a.j.r.Summariser: summary +    960 in 00:00:30 =   32.0/s Avg:     2 Min:     0 Max:    12 Err:     0 (0.00%) Active: 22 Started: 40 Finished: 18
2026-09-03 17:51:30,024 INFO o.a.j.r.Summariser: summary =   3052 in 00:02:09 =   23.7/s Avg:     2 Min:     0 Max:    22 Err:     0 (0.00%)
2026-09-03 17:51:30,179 INFO o.a.j.t.JMeterThread: Thread started: Stress stage 3 - 24 VUs 3-23
2026-09-03 17:51:30,596 INFO o.a.j.t.JMeterThread: Thread started: Stress stage 3 - 24 VUs 3-24
2026-09-03 17:52:00,001 INFO o.a.j.r.Summariser: summary +   2032 in 00:00:30 =   67.8/s Avg:     2 Min:     0 Max:    13 Err:     0 (0.00%) Active: 24 Started: 42 Finished: 18
2026-09-03 17:52:00,002 INFO o.a.j.r.Summariser: summary =   5084 in 00:02:39 =   32.0/s Avg:     2 Min:     0 Max:    22 Err:     0 (0.00%)
2026-09-03 17:52:20,584 INFO o.a.j.t.JMeterThread: Thread finished: Stress stage 3 - 24 VUs 3-3
2026-09-03 17:52:20,687 INFO o.a.j.t.JMeterThread: Thread finished: Stress stage 3 - 24 VUs 3-9
2026-09-03 17:52:20,697 INFO o.a.j.t.JMeterThread: Thread finished: Stress stage 3 - 24 VUs 3-14
2026-09-03 17:52:20,699 INFO o.a.j.t.JMeterThread: Thread finished: Stress stage 3 - 24 VUs 3-5
2026-09-03 17:52:20,756 INFO o.a.j.t.JMeterThread: Thread finished: Stress stage 3 - 24 VUs 3-11
2026-09-03 17:52:20,770 INFO o.a.j.t.JMeterThread: Thread finished: Stress stage 3 - 24 VUs 3-22
2026-09-03 17:52:20,791 INFO o.a.j.t.JMeterThread: Thread finished: Stress stage 3 - 24 VUs 3-13
2026-09-03 17:52:20,791 INFO o.a.j.t.JMeterThread: Thread finished: Stress stage 3 - 24 VUs 3-10
2026-09-03 17:52:20,803 INFO o.a.j.t.JMeterThread: Thread finished: Stress stage 3 - 24 VUs 3-24
2026-09-03 17:52:20,825 INFO o.a.j.t.JMeterThread: Thread finished: Stress stage 3 - 24 VUs 3-16
2026-09-03 17:52:20,837 INFO o.a.j.t.JMeterThread: Thread finished: Stress stage 3 - 24 VUs 3-2
2026-09-03 17:52:20,838 INFO o.a.j.t.JMeterThread: Thread finished: Stress stage 3 - 24 VUs 3-7
2026-09-03 17:52:20,842 INFO o.a.j.t.JMeterThread: Thread finished: Stress stage 3 - 24 VUs 3-19
2026-09-03 17:52:20,854 INFO o.a.j.t.JMeterThread: Thread finished: Stress stage 3 - 24 VUs 3-8
2026-09-03 17:52:20,861 INFO o.a.j.t.JMeterThread: Thread finished: Stress stage 3 - 24 VUs 3-23
2026-09-03 17:52:20,898 INFO o.a.j.t.JMeterThread: Thread finished: Stress stage 3 - 24 VUs 3-15
2026-09-03 17:52:20,898 INFO o.a.j.t.JMeterThread: Thread finished: Stress stage 3 - 24 VUs 3-17
2026-09-03 17:52:20,917 INFO o.a.j.t.JMeterThread: Thread finished: Stress stage 3 - 24 VUs 3-4
2026-09-03 17:52:20,920 INFO o.a.j.t.JMeterThread: Thread finished: Stress stage 3 - 24 VUs 3-20
2026-09-03 17:52:20,944 INFO o.a.j.t.JMeterThread: Thread finished: Stress stage 3 - 24 VUs 3-12
2026-09-03 17:52:20,965 INFO o.a.j.t.JMeterThread: Thread finished: Stress stage 3 - 24 VUs 3-18
2026-09-03 17:52:20,979 INFO o.a.j.t.JMeterThread: Thread finished: Stress stage 3 - 24 VUs 3-6
2026-09-03 17:52:20,989 INFO o.a.j.t.JMeterThread: Thread finished: Stress stage 3 - 24 VUs 3-1
2026-09-03 17:52:21,006 INFO o.a.j.t.JMeterThread: Stopping because end time detected by thread: Stress stage 3 - 24 VUs 3-21
2026-09-03 17:52:21,006 INFO o.a.j.t.JMeterThread: Thread finished: Stress stage 3 - 24 VUs 3-21
2026-09-03 17:52:21,007 INFO o.a.j.e.StandardJMeterEngine: Notifying test listeners of end of test
2026-09-03 17:52:21,007 INFO o.a.j.s.FileServer: Close: ../data/performance_users.csv
2026-09-03 17:52:21,015 INFO o.a.j.r.Summariser: summary +   1405 in 00:00:21 =   66.9/s Avg:     2 Min:     0 Max:    23 Err:     0 (0.00%) Active: 0 Started: 42 Finished: 42
2026-09-03 17:52:21,015 INFO o.a.j.r.Summariser: summary =   6489 in 00:03:00 =   36.0/s Avg:     2 Min:     0 Max:    23 Err:     0 (0.00%)
2026-09-03 17:52:21,016 INFO o.a.j.JMeter: Generating Dashboard
2026-09-03 17:52:21,016 INFO o.a.j.r.d.ReportGenerator: Flushing result collector before report Generation
2026-09-03 17:52:21,036 INFO o.a.j.r.p.NormalizerSampleConsumer: Using format, 'ms', to parse timeStamp field
2026-09-03 17:52:21,150 INFO o.a.j.r.p.AbstractSampleConsumer: class org.apache.jmeter.report.processor.AggregateConsumer#stopProducing(): beginDate produced 0 samples
2026-09-03 17:52:21,150 INFO o.a.j.r.p.AbstractSampleConsumer: class org.apache.jmeter.report.processor.AggregateConsumer#stopProducing(): endDate produced 0 samples
2026-09-03 17:52:21,151 INFO o.a.j.r.p.AbstractSampleConsumer: class org.apache.jmeter.report.processor.ApdexSummaryConsumer#stopProducing(): apdexSummary produced 0 samples
2026-09-03 17:52:21,151 INFO o.a.j.r.p.AbstractSampleConsumer: class org.apache.jmeter.report.processor.RequestsSummaryConsumer#stopProducing(): requestsSummary produced 0 samples
2026-09-03 17:52:21,154 INFO o.a.j.r.p.AbstractSampleConsumer: class org.apache.jmeter.report.processor.StatisticsSummaryConsumer#stopProducing(): statisticsSummary produced 0 samples
2026-09-03 17:52:21,156 INFO o.a.j.r.p.AbstractSampleConsumer: class org.apache.jmeter.report.processor.Top5ErrorsBySamplerConsumer#stopProducing(): top5ErrorsBySampler produced 0 samples
2026-09-03 17:52:21,156 INFO o.a.j.r.p.AbstractSampleConsumer: class org.apache.jmeter.report.processor.ErrorsSummaryConsumer#stopProducing(): errorsSummary produced 0 samples
2026-09-03 17:52:21,156 INFO o.a.j.r.p.AbstractSampleConsumer: class org.apache.jmeter.report.processor.graph.impl.HitsPerSecondGraphConsumer#stopProducing(): hitsPerSecond produced 0 samples
2026-09-03 17:52:21,182 INFO o.a.j.r.p.AbstractSampleConsumer: class org.apache.jmeter.report.processor.graph.impl.LatencyVSRequestGraphConsumer#stopProducing(): latencyVsRequest produced 0 samples
2026-09-03 17:52:21,182 INFO o.a.j.r.p.AbstractSampleConsumer: class org.apache.jmeter.report.processor.graph.impl.SyntheticResponseTimeDistributionGraphConsumer#stopProducing(): syntheticResponseTimeDistribution produced 0 samples
2026-09-03 17:52:21,182 INFO o.a.j.r.p.AbstractSampleConsumer: class org.apache.jmeter.report.processor.graph.impl.BytesThroughputGraphConsumer#stopProducing(): bytesThroughputOverTime produced 0 samples
2026-09-03 17:52:21,183 INFO o.a.j.r.p.AbstractSampleConsumer: class org.apache.jmeter.report.processor.graph.impl.CodesPerSecondGraphConsumer#stopProducing(): codesPerSecond produced 0 samples
2026-09-03 17:52:21,202 INFO o.a.j.r.p.AbstractSampleConsumer: class org.apache.jmeter.report.processor.graph.impl.ResponseTimeVSRequestGraphConsumer#stopProducing(): responseTimeVsRequest produced 0 samples
2026-09-03 17:52:21,203 INFO o.a.j.r.p.AbstractSampleConsumer: class org.apache.jmeter.report.processor.FilterConsumer#stopProducing(): startIntervalControlerFilter produced 45423 samples
2026-09-03 17:52:21,203 INFO o.a.j.r.p.AbstractSampleConsumer: class org.apache.jmeter.report.processor.graph.impl.TotalTPSGraphConsumer#stopProducing(): totalTPS produced 0 samples
2026-09-03 17:52:21,203 INFO o.a.j.r.p.AbstractSampleConsumer: class org.apache.jmeter.report.processor.graph.impl.ActiveThreadsGraphConsumer#stopProducing(): activeThreadsOverTime produced 0 samples
2026-09-03 17:52:21,203 INFO o.a.j.r.p.AbstractSampleConsumer: class org.apache.jmeter.report.processor.graph.impl.TimeVSThreadGraphConsumer#stopProducing(): timeVsThreads produced 0 samples
2026-09-03 17:52:21,203 INFO o.a.j.r.p.AbstractSampleConsumer: class org.apache.jmeter.report.processor.graph.impl.ResponseTimeDistributionGraphConsumer#stopProducing(): responseTimeDistribution produced 0 samples
2026-09-03 17:52:21,203 INFO o.a.j.r.p.AbstractSampleConsumer: class org.apache.jmeter.report.processor.graph.impl.TransactionsPerSecondGraphConsumer#stopProducing(): transactionsPerSecond produced 0 samples
2026-09-03 17:52:21,203 INFO o.a.j.r.p.AbstractSampleConsumer: class org.apache.jmeter.report.processor.graph.impl.ResponseTimePercentilesGraphConsumer#stopProducing(): responseTimePercentiles produced 0 samples
2026-09-03 17:52:21,203 INFO o.a.j.r.p.AbstractSampleConsumer: class org.apache.jmeter.report.processor.graph.impl.ResponseTimePercentilesOverTimeGraphConsumer#stopProducing(): responseTimePercentilesOverTime produced 0 samples
2026-09-03 17:52:21,204 INFO o.a.j.r.p.AbstractSampleConsumer: class org.apache.jmeter.report.processor.graph.impl.ResponseTimeOverTimeGraphConsumer#stopProducing(): responseTimesOverTime produced 0 samples
2026-09-03 17:52:21,204 INFO o.a.j.r.p.AbstractSampleConsumer: class org.apache.jmeter.report.processor.graph.impl.ConnectTimeOverTimeGraphConsumer#stopProducing(): connectTimeOverTime produced 0 samples
2026-09-03 17:52:21,204 INFO o.a.j.r.p.AbstractSampleConsumer: class org.apache.jmeter.report.processor.graph.impl.LatencyOverTimeGraphConsumer#stopProducing(): latenciesOverTime produced 0 samples
2026-09-03 17:52:21,204 INFO o.a.j.r.p.AbstractSampleConsumer: class org.apache.jmeter.report.processor.FilterConsumer#stopProducing(): nameFilter produced 97335 samples
2026-09-03 17:52:21,204 INFO o.a.j.r.p.AbstractSampleConsumer: class org.apache.jmeter.report.processor.FilterConsumer#stopProducing(): dateRangeFilter produced 19467 samples
2026-09-03 17:52:21,204 INFO o.a.j.r.p.AbstractSampleConsumer: class org.apache.jmeter.report.processor.NormalizerSampleConsumer#stopProducing(): normalizer produced 6489 samples
2026-09-03 17:52:21,204 INFO o.a.j.r.p.CsvFileSampleSource: produce(): 6489 samples produced in 153ms on channel 0
2026-09-03 17:52:21,204 INFO o.a.j.r.d.ReportGenerator: Exporting data using exporter:'json' of className:'org.apache.jmeter.report.dashboard.JsonExporter'
2026-09-03 17:52:21,244 INFO o.a.j.r.d.JsonExporter: Found data for consumer statisticsSummary in context
2026-09-03 17:52:21,244 INFO o.a.j.r.d.JsonExporter: Creating statistics for overall
2026-09-03 17:52:21,244 INFO o.a.j.r.d.JsonExporter: Creating statistics for other transactions
2026-09-03 17:52:21,244 INFO o.a.j.r.d.JsonExporter: Checking output folder
2026-09-03 17:52:21,244 INFO o.a.j.r.d.JsonExporter: Writing statistics JSON to /Users/kunda/Documents/hw/hw05/reports/23127035_Stress_20260903/statistics.json
2026-09-03 17:52:21,271 INFO o.a.j.r.d.ReportGenerator: Exporting data using exporter:'html' of className:'org.apache.jmeter.report.dashboard.HtmlTemplateExporter'
2026-09-03 17:52:21,272 INFO o.a.j.r.d.HtmlTemplateExporter: Will generate dashboard in folder: /Users/kunda/Documents/hw/hw05/reports/23127035_Stress_20260903
2026-09-03 17:52:21,310 INFO o.a.j.r.d.HtmlTemplateExporter: Report will be generated in: /Users/kunda/Documents/hw/hw05/reports/23127035_Stress_20260903, creating folder structure
2026-09-03 17:52:21,311 INFO o.a.j.r.d.TemplateVisitor: Copying folder from '/opt/homebrew/Cellar/jmeter/5.6.3/libexec/bin/report-template' to '/Users/kunda/Documents/hw/hw05/reports/23127035_Stress_20260903', got message: /Users/kunda/Documents/hw/hw05/reports/23127035_Stress_20260903, found non empty folder with following content [/Users/kunda/Documents/hw/hw05/reports/23127035_Stress_20260903/statistics.json], will be ignored
2026-09-03 17:52:21,428 INFO o.a.j.JMeter: Dashboard generated
