2026-08-31 17:38:02,211 INFO o.a.j.u.JMeterUtils: Setting Locale to en_EN
2026-08-31 17:38:02,221 INFO o.a.j.JMeter: Loading user properties from: /opt/homebrew/Cellar/jmeter/5.6.3/libexec/bin/user.properties
2026-08-31 17:38:02,221 INFO o.a.j.JMeter: Loading system properties from: /opt/homebrew/Cellar/jmeter/5.6.3/libexec/bin/system.properties
2026-08-31 17:38:02,221 INFO o.a.j.JMeter: Setting JMeter property: jmeter.save.saveservice.output_format=csv
2026-08-31 17:38:02,221 INFO o.a.j.JMeter: Setting JMeter property: jmeter.save.saveservice.print_field_names=true
2026-08-31 17:38:02,222 INFO o.a.j.JMeter: Setting JMeter property: jmeter.save.saveservice.connect_time=true
2026-08-31 17:38:02,222 INFO o.a.j.JMeter: Setting JMeter property: jmeter.save.saveservice.latency=true
2026-08-31 17:38:02,222 INFO o.a.j.JMeter: Setting JMeter property: jmeter.save.saveservice.bytes=true
2026-08-31 17:38:02,222 INFO o.a.j.JMeter: Setting JMeter property: jmeter.save.saveservice.sent_bytes=true
2026-08-31 17:38:02,222 INFO o.a.j.JMeter: Setting JMeter property: jmeter.save.saveservice.thread_counts=true
2026-08-31 17:38:02,222 INFO o.a.j.JMeter: Setting JMeter property: jmeter.save.saveservice.assertion_results_failure_message=true
2026-08-31 17:38:02,224 INFO o.a.j.JMeter: Copyright (c) 1998-2024 The Apache Software Foundation
2026-08-31 17:38:02,224 INFO o.a.j.JMeter: Version 5.6.3
2026-08-31 17:38:02,224 INFO o.a.j.JMeter: java.version=21.0.12.1
2026-08-31 17:38:02,224 INFO o.a.j.JMeter: java.vm.name=OpenJDK 64-Bit Server VM
2026-08-31 17:38:02,224 INFO o.a.j.JMeter: os.name=Mac OS X
2026-08-31 17:38:02,224 INFO o.a.j.JMeter: os.arch=aarch64
2026-08-31 17:38:02,224 INFO o.a.j.JMeter: os.version=26.5.1
2026-08-31 17:38:02,224 INFO o.a.j.JMeter: file.encoding=UTF-8
2026-08-31 17:38:02,224 INFO o.a.j.JMeter: java.awt.headless=true
2026-08-31 17:38:02,224 INFO o.a.j.JMeter: Max memory     =1073741824
2026-08-31 17:38:02,224 INFO o.a.j.JMeter: Available Processors =10
2026-08-31 17:38:02,229 INFO o.a.j.JMeter: Default Locale=English (EN)
2026-08-31 17:38:02,229 INFO o.a.j.JMeter: JMeter  Locale=English (EN)
2026-08-31 17:38:02,229 INFO o.a.j.JMeter: JMeterHome=/opt/homebrew/Cellar/jmeter/5.6.3/libexec
2026-08-31 17:38:02,229 INFO o.a.j.JMeter: user.dir  =/Users/kunda/Documents/hw/hw05
2026-08-31 17:38:02,229 INFO o.a.j.JMeter: PWD       =/Users/kunda/Documents/hw/hw05
2026-08-31 17:38:02,230 INFO o.a.j.JMeter: IP: 127.0.0.1 Name: MacBook-Air-cua-KunDa.local FullName: localhost
2026-08-31 17:38:02,237 INFO o.a.j.JMeter: Setting property 'jmeter.reportgenerator.outputdir' to:'/Users/kunda/Documents/hw/hw05/reports/23127035_Stress_20260831'
2026-08-31 17:38:02,238 INFO o.a.j.s.FileServer: Default base='/Users/kunda/Documents/hw/hw05'
2026-08-31 17:38:02,239 INFO o.a.j.s.FileServer: Set new base='/Users/kunda/Documents/hw/hw05/test-plans'
2026-08-31 17:38:02,311 INFO o.a.j.s.SaveService: Testplan (JMX) version: 2.2. Testlog (JTL) version: 2.2
2026-08-31 17:38:02,326 INFO o.a.j.s.SaveService: Using SaveService properties version 5.0
2026-08-31 17:38:02,327 INFO o.a.j.s.SaveService: Using SaveService properties file encoding UTF-8
2026-08-31 17:38:02,328 INFO o.a.j.s.SaveService: Loading file: /Users/kunda/Documents/hw/hw05/test-plans/23127035_Stress_20260831.jmx
2026-08-31 17:38:02,355 INFO o.a.j.p.h.s.HTTPSamplerBase: Parser for text/html is org.apache.jmeter.protocol.http.parser.LagartoBasedHtmlParser
2026-08-31 17:38:02,355 INFO o.a.j.p.h.s.HTTPSamplerBase: Parser for application/xhtml+xml is org.apache.jmeter.protocol.http.parser.LagartoBasedHtmlParser
2026-08-31 17:38:02,355 INFO o.a.j.p.h.s.HTTPSamplerBase: Parser for application/xml is org.apache.jmeter.protocol.http.parser.LagartoBasedHtmlParser
2026-08-31 17:38:02,355 INFO o.a.j.p.h.s.HTTPSamplerBase: Parser for text/xml is org.apache.jmeter.protocol.http.parser.LagartoBasedHtmlParser
2026-08-31 17:38:02,355 INFO o.a.j.p.h.s.HTTPSamplerBase: Parser for text/vnd.wap.wml is org.apache.jmeter.protocol.http.parser.RegexpHTMLParser
2026-08-31 17:38:02,355 INFO o.a.j.p.h.s.HTTPSamplerBase: Parser for text/css is org.apache.jmeter.protocol.http.parser.CssParser
2026-08-31 17:38:02,386 INFO o.a.j.JMeter: Creating summariser <summary>
2026-08-31 17:38:02,388 INFO o.a.j.r.d.ReportGenerator: ReportGenerator will use for Parsing the separator: ','
2026-08-31 17:38:02,388 INFO o.a.j.r.d.ReportGenerator: Will generate report at end of test from  results file: /Users/kunda/Documents/hw/hw05/results/23127035_Stress_20260831.jtl
2026-08-31 17:38:02,388 INFO o.a.j.r.d.ReportGenerator: Reading report generator properties from: /opt/homebrew/Cellar/jmeter/5.6.3/libexec/bin/reportgenerator.properties
2026-08-31 17:38:02,388 INFO o.a.j.r.d.ReportGenerator: Merging with JMeter properties
2026-08-31 17:38:02,390 INFO o.a.j.r.c.ReportGeneratorConfiguration: Property 'jmeter.reportgenerator.temp_dir' not found, using default value 'temp' instead.
2026-08-31 17:38:02,390 INFO o.a.j.r.c.ReportGeneratorConfiguration: Property 'jmeter.reportgenerator.apdex_per_transaction' not found, using default value 'null' instead.
2026-08-31 17:38:02,390 INFO o.a.j.r.c.ReportGeneratorConfiguration: apdex_per_transaction is empty, not APDEX per transaction customization
2026-08-31 17:38:02,390 INFO o.a.j.r.c.ReportGeneratorConfiguration: Property 'jmeter.reportgenerator.sample_filter' not found, using default value 'null' instead.
2026-08-31 17:38:02,390 INFO o.a.j.r.c.ReportGeneratorConfiguration: Property 'jmeter.reportgenerator.report_title' not found, using default value 'null' instead.
2026-08-31 17:38:02,390 INFO o.a.j.r.c.ReportGeneratorConfiguration: Property 'jmeter.reportgenerator.start_date' not found, using default value 'null' instead.
2026-08-31 17:38:02,390 INFO o.a.j.r.c.ReportGeneratorConfiguration: Property 'jmeter.reportgenerator.end_date' not found, using default value 'null' instead.
2026-08-31 17:38:02,390 INFO o.a.j.r.c.ReportGeneratorConfiguration: Property 'jmeter.reportgenerator.date_format' not found, using default value 'null' instead.
2026-08-31 17:38:02,391 INFO o.a.j.r.c.ReportGeneratorConfiguration: Will use date range start date: null, end date: null
2026-08-31 17:38:02,392 INFO o.a.j.r.c.ReportGeneratorConfiguration: Property 'jmeter.reportgenerator.graph.totalTPS.exclude_controllers' not found, using default value 'false' instead.
2026-08-31 17:38:02,392 INFO o.a.j.r.c.ReportGeneratorConfiguration: Property 'jmeter.reportgenerator.graph.activeThreadsOverTime.exclude_controllers' not found, using default value 'false' instead.
2026-08-31 17:38:02,392 INFO o.a.j.r.c.ReportGeneratorConfiguration: Property 'jmeter.reportgenerator.graph.timeVsThreads.exclude_controllers' not found, using default value 'false' instead.
2026-08-31 17:38:02,392 INFO o.a.j.r.c.ReportGeneratorConfiguration: Property 'jmeter.reportgenerator.graph.responseTimeDistribution.exclude_controllers' not found, using default value 'false' instead.
2026-08-31 17:38:02,392 INFO o.a.j.r.c.ReportGeneratorConfiguration: Property 'jmeter.reportgenerator.graph.transactionsPerSecond.exclude_controllers' not found, using default value 'false' instead.
2026-08-31 17:38:02,392 INFO o.a.j.r.c.ReportGeneratorConfiguration: Property 'jmeter.reportgenerator.graph.responseTimePercentiles.exclude_controllers' not found, using default value 'false' instead.
2026-08-31 17:38:02,392 INFO o.a.j.r.c.ReportGeneratorConfiguration: Property 'jmeter.reportgenerator.graph.responseTimePercentilesOverTime.exclude_controllers' not found, using default value 'false' instead.
2026-08-31 17:38:02,392 INFO o.a.j.r.c.ReportGeneratorConfiguration: Property 'jmeter.reportgenerator.graph.responseTimesOverTime.exclude_controllers' not found, using default value 'false' instead.
2026-08-31 17:38:02,392 INFO o.a.j.r.c.ReportGeneratorConfiguration: Property 'jmeter.reportgenerator.graph.connectTimeOverTime.exclude_controllers' not found, using default value 'false' instead.
2026-08-31 17:38:02,392 INFO o.a.j.r.c.ReportGeneratorConfiguration: Property 'jmeter.reportgenerator.graph.latenciesOverTime.exclude_controllers' not found, using default value 'false' instead.
2026-08-31 17:38:02,392 INFO o.a.j.r.c.ReportGeneratorConfiguration: Property 'jmeter.reportgenerator.exporter.json.filters_only_sample_series' not found, using default value 'true' instead.
2026-08-31 17:38:02,392 INFO o.a.j.r.c.ReportGeneratorConfiguration: Property 'jmeter.reportgenerator.exporter.json.series_filter' not found, using default value '' instead.
2026-08-31 17:38:02,392 INFO o.a.j.r.c.ReportGeneratorConfiguration: Property 'jmeter.reportgenerator.exporter.json.show_controllers_only' not found, using default value 'false' instead.
2026-08-31 17:38:02,393 INFO o.a.j.r.c.ReportGeneratorConfiguration: Property 'jmeter.reportgenerator.exporter.html.filters_only_sample_series' not found, using default value 'true' instead.
2026-08-31 17:38:02,393 INFO o.a.j.r.c.ReportGeneratorConfiguration: Property 'jmeter.reportgenerator.exporter.html.series_filter' not found, using default value '' instead.
2026-08-31 17:38:02,393 INFO o.a.j.r.c.ReportGeneratorConfiguration: Property 'jmeter.reportgenerator.exporter.html.show_controllers_only' not found, using default value 'false' instead.
2026-08-31 17:38:02,398 INFO o.a.j.e.StandardJMeterEngine: Running the test!
2026-08-31 17:38:02,398 INFO o.a.j.s.SampleEvent: List of sample_variables: []
2026-08-31 17:38:02,398 INFO o.a.j.s.SampleEvent: List of sample_variables: []
2026-08-31 17:38:02,400 INFO o.a.j.e.u.CompoundVariable: Note: Function class names must contain the string: '.functions.'
2026-08-31 17:38:02,400 INFO o.a.j.e.u.CompoundVariable: Note: Function class names must not contain the string: '.gui.'
2026-08-31 17:38:02,415 INFO o.a.j.r.ClassFinder: Will scan jar /opt/homebrew/Cellar/jmeter/5.6.3/libexec/lib/ext/jmeter-plugins-manager-1.9.jar with filter ExtendsClassFilter [parents=[interface org.apache.jmeter.functions.Function], inner=false, contains=null, notContains=null]. Consider exposing JMeter plugins via META-INF/services, and add JMeter-Skip-Class-Scanning=true manifest attribute so JMeter can skip classfile scanning
2026-08-31 17:38:02,533 INFO o.a.j.JMeter: Running test (1788172682533)
2026-08-31 17:38:02,542 INFO o.a.j.e.StandardJMeterEngine: Starting ThreadGroup: 1 : Stress stage 1 - 6 VUs
2026-08-31 17:38:02,542 INFO o.a.j.e.StandardJMeterEngine: Starting 6 threads for group Stress stage 1 - 6 VUs.
2026-08-31 17:38:02,542 INFO o.a.j.e.StandardJMeterEngine: Thread will continue on error
2026-08-31 17:38:02,542 INFO o.a.j.t.ThreadGroup: Starting thread group... number=1 threads=6 ramp-up=10 delayedStart=false
2026-08-31 17:38:02,545 INFO o.a.j.t.ThreadGroup: Started thread group number 1
2026-08-31 17:38:02,546 INFO o.a.j.e.StandardJMeterEngine: Starting ThreadGroup: 2 : Stress stage 2 - 12 VUs
2026-08-31 17:38:02,546 INFO o.a.j.e.StandardJMeterEngine: Starting 12 threads for group Stress stage 2 - 12 VUs.
2026-08-31 17:38:02,546 INFO o.a.j.e.StandardJMeterEngine: Thread will continue on error
2026-08-31 17:38:02,546 INFO o.a.j.t.ThreadGroup: Starting thread group... number=2 threads=12 ramp-up=10 delayedStart=false
2026-08-31 17:38:02,549 INFO o.a.j.t.JMeterThread: Thread started: Stress stage 1 - 6 VUs 1-1
2026-08-31 17:38:02,550 INFO o.a.j.s.FileServer: Stored: ../data/performance_users.csv
2026-08-31 17:38:02,551 INFO o.a.j.t.ThreadGroup: Started thread group number 2
2026-08-31 17:38:02,552 INFO o.a.j.e.StandardJMeterEngine: Starting ThreadGroup: 3 : Stress stage 3 - 24 VUs
2026-08-31 17:38:02,552 INFO o.a.j.e.StandardJMeterEngine: Starting 24 threads for group Stress stage 3 - 24 VUs.
2026-08-31 17:38:02,552 INFO o.a.j.e.StandardJMeterEngine: Thread will continue on error
2026-08-31 17:38:02,552 INFO o.a.j.t.ThreadGroup: Starting thread group... number=3 threads=24 ramp-up=10 delayedStart=false
2026-08-31 17:38:02,558 INFO o.a.j.t.ThreadGroup: Started thread group number 3
2026-08-31 17:38:02,558 INFO o.a.j.e.StandardJMeterEngine: All thread groups have been started
2026-08-31 17:38:03,157 INFO o.a.j.p.h.s.HTTPHCAbstractImpl: Local host = MacBook-Air-cua-KunDa.local
2026-08-31 17:38:03,162 INFO o.a.j.p.h.s.HTTPHC4Impl: HTTP request retry count = 0
2026-08-31 17:38:03,163 INFO o.a.j.s.SampleResult: Note: Sample TimeStamps are START times
2026-08-31 17:38:03,163 INFO o.a.j.s.SampleResult: sampleresult.default.encoding is set to UTF-8
2026-08-31 17:38:03,164 INFO o.a.j.s.SampleResult: sampleresult.useNanoTime=true
2026-08-31 17:38:03,164 INFO o.a.j.s.SampleResult: sampleresult.nanoThreadSleep=5000
2026-08-31 17:38:03,239 INFO o.a.j.r.Summariser: summary +      1 in 00:00:01 =    1.4/s Avg:    19 Min:    19 Max:    19 Err:     0 (0.00%) Active: 1 Started: 1 Finished: 0
2026-08-31 17:38:04,219 INFO o.a.j.t.JMeterThread: Thread started: Stress stage 1 - 6 VUs 1-2
2026-08-31 17:38:05,886 INFO o.a.j.t.JMeterThread: Thread started: Stress stage 1 - 6 VUs 1-3
2026-08-31 17:38:07,553 INFO o.a.j.t.JMeterThread: Thread started: Stress stage 1 - 6 VUs 1-4
2026-08-31 17:38:09,216 INFO o.a.j.t.JMeterThread: Thread started: Stress stage 1 - 6 VUs 1-5
2026-08-31 17:38:10,884 INFO o.a.j.t.JMeterThread: Thread started: Stress stage 1 - 6 VUs 1-6
2026-08-31 17:38:30,011 INFO o.a.j.r.Summariser: summary +    383 in 00:00:27 =   14.3/s Avg:     3 Min:     0 Max:    25 Err:     0 (0.00%) Active: 6 Started: 6 Finished: 0
2026-08-31 17:38:30,012 INFO o.a.j.r.Summariser: summary =    384 in 00:00:27 =   14.0/s Avg:     3 Min:     0 Max:    25 Err:     0 (0.00%)
2026-08-31 17:39:00,140 INFO o.a.j.r.Summariser: summary +    509 in 00:00:30 =   16.9/s Avg:     2 Min:     0 Max:     5 Err:     0 (0.00%) Active: 6 Started: 6 Finished: 0
2026-08-31 17:39:00,142 INFO o.a.j.r.Summariser: summary =    893 in 00:00:58 =   15.5/s Avg:     2 Min:     0 Max:    25 Err:     0 (0.00%)
2026-08-31 17:39:02,313 INFO o.a.j.t.JMeterThread: Thread finished: Stress stage 1 - 6 VUs 1-3
2026-08-31 17:39:02,353 INFO o.a.j.t.JMeterThread: Thread finished: Stress stage 1 - 6 VUs 1-1
2026-08-31 17:39:02,362 INFO o.a.j.t.JMeterThread: Thread finished: Stress stage 1 - 6 VUs 1-5
2026-08-31 17:39:02,363 INFO o.a.j.t.JMeterThread: Thread finished: Stress stage 1 - 6 VUs 1-2
2026-08-31 17:39:02,437 INFO o.a.j.t.JMeterThread: Thread finished: Stress stage 1 - 6 VUs 1-6
2026-08-31 17:39:02,498 INFO o.a.j.t.JMeterThread: Thread finished: Stress stage 1 - 6 VUs 1-4
2026-08-31 17:39:02,551 INFO o.a.j.t.JMeterThread: Thread started: Stress stage 2 - 12 VUs 2-1
2026-08-31 17:39:03,386 INFO o.a.j.t.JMeterThread: Thread started: Stress stage 2 - 12 VUs 2-2
2026-08-31 17:39:04,217 INFO o.a.j.t.JMeterThread: Thread started: Stress stage 2 - 12 VUs 2-3
2026-08-31 17:39:05,054 INFO o.a.j.t.JMeterThread: Thread started: Stress stage 2 - 12 VUs 2-4
2026-08-31 17:39:05,888 INFO o.a.j.t.JMeterThread: Thread started: Stress stage 2 - 12 VUs 2-5
2026-08-31 17:39:06,719 INFO o.a.j.t.JMeterThread: Thread started: Stress stage 2 - 12 VUs 2-6
2026-08-31 17:39:07,553 INFO o.a.j.t.JMeterThread: Thread started: Stress stage 2 - 12 VUs 2-7
2026-08-31 17:39:08,386 INFO o.a.j.t.JMeterThread: Thread started: Stress stage 2 - 12 VUs 2-8
2026-08-31 17:39:09,218 INFO o.a.j.t.JMeterThread: Thread started: Stress stage 2 - 12 VUs 2-9
2026-08-31 17:39:10,051 INFO o.a.j.t.JMeterThread: Thread started: Stress stage 2 - 12 VUs 2-10
2026-08-31 17:39:10,884 INFO o.a.j.t.JMeterThread: Thread started: Stress stage 2 - 12 VUs 2-11
2026-08-31 17:39:11,713 INFO o.a.j.t.JMeterThread: Thread started: Stress stage 2 - 12 VUs 2-12
2026-08-31 17:39:30,008 INFO o.a.j.r.Summariser: summary +    805 in 00:00:30 =   27.0/s Avg:     2 Min:     0 Max:    13 Err:     0 (0.00%) Active: 12 Started: 18 Finished: 6
2026-08-31 17:39:30,011 INFO o.a.j.r.Summariser: summary =   1698 in 00:01:27 =   19.4/s Avg:     2 Min:     0 Max:    25 Err:     0 (0.00%)
2026-08-31 17:40:00,040 INFO o.a.j.r.Summariser: summary +   1009 in 00:00:30 =   33.6/s Avg:     2 Min:     0 Max:    12 Err:     0 (0.00%) Active: 12 Started: 18 Finished: 6
2026-08-31 17:40:00,041 INFO o.a.j.r.Summariser: summary =   2707 in 00:01:58 =   23.0/s Avg:     2 Min:     0 Max:    25 Err:     0 (0.00%)
2026-08-31 17:40:02,099 INFO o.a.j.t.JMeterThread: Thread finished: Stress stage 2 - 12 VUs 2-11
2026-08-31 17:40:02,266 INFO o.a.j.t.JMeterThread: Thread finished: Stress stage 2 - 12 VUs 2-3
2026-08-31 17:40:02,297 INFO o.a.j.t.JMeterThread: Thread finished: Stress stage 2 - 12 VUs 2-1
2026-08-31 17:40:02,338 INFO o.a.j.t.JMeterThread: Thread finished: Stress stage 2 - 12 VUs 2-8
2026-08-31 17:40:02,344 INFO o.a.j.t.JMeterThread: Thread finished: Stress stage 2 - 12 VUs 2-5
2026-08-31 17:40:02,356 INFO o.a.j.t.JMeterThread: Thread finished: Stress stage 2 - 12 VUs 2-6
2026-08-31 17:40:02,450 INFO o.a.j.t.JMeterThread: Thread finished: Stress stage 2 - 12 VUs 2-2
2026-08-31 17:40:02,489 INFO o.a.j.t.JMeterThread: Thread finished: Stress stage 2 - 12 VUs 2-12
2026-08-31 17:40:02,489 INFO o.a.j.t.JMeterThread: Thread finished: Stress stage 2 - 12 VUs 2-10
2026-08-31 17:40:02,497 INFO o.a.j.t.JMeterThread: Thread finished: Stress stage 2 - 12 VUs 2-9
2026-08-31 17:40:02,525 INFO o.a.j.t.JMeterThread: Thread finished: Stress stage 2 - 12 VUs 2-4
2026-08-31 17:40:02,525 INFO o.a.j.t.JMeterThread: Thread finished: Stress stage 2 - 12 VUs 2-7
2026-08-31 17:40:02,553 INFO o.a.j.t.JMeterThread: Thread started: Stress stage 3 - 24 VUs 3-1
2026-08-31 17:40:02,979 INFO o.a.j.t.JMeterThread: Thread started: Stress stage 3 - 24 VUs 3-2
2026-08-31 17:40:03,394 INFO o.a.j.t.JMeterThread: Thread started: Stress stage 3 - 24 VUs 3-3
2026-08-31 17:40:03,808 INFO o.a.j.t.JMeterThread: Thread started: Stress stage 3 - 24 VUs 3-4
2026-08-31 17:40:04,228 INFO o.a.j.t.JMeterThread: Thread started: Stress stage 3 - 24 VUs 3-5
2026-08-31 17:40:04,644 INFO o.a.j.t.JMeterThread: Thread started: Stress stage 3 - 24 VUs 3-6
2026-08-31 17:40:05,062 INFO o.a.j.t.JMeterThread: Thread started: Stress stage 3 - 24 VUs 3-7
2026-08-31 17:40:05,478 INFO o.a.j.t.JMeterThread: Thread started: Stress stage 3 - 24 VUs 3-8
2026-08-31 17:40:05,898 INFO o.a.j.t.JMeterThread: Thread started: Stress stage 3 - 24 VUs 3-9
2026-08-31 17:40:06,312 INFO o.a.j.t.JMeterThread: Thread started: Stress stage 3 - 24 VUs 3-10
2026-08-31 17:40:06,732 INFO o.a.j.t.JMeterThread: Thread started: Stress stage 3 - 24 VUs 3-11
2026-08-31 17:40:07,148 INFO o.a.j.t.JMeterThread: Thread started: Stress stage 3 - 24 VUs 3-12
2026-08-31 17:40:07,564 INFO o.a.j.t.JMeterThread: Thread started: Stress stage 3 - 24 VUs 3-13
2026-08-31 17:40:07,981 INFO o.a.j.t.JMeterThread: Thread started: Stress stage 3 - 24 VUs 3-14
2026-08-31 17:40:08,397 INFO o.a.j.t.JMeterThread: Thread started: Stress stage 3 - 24 VUs 3-15
2026-08-31 17:40:08,817 INFO o.a.j.t.JMeterThread: Thread started: Stress stage 3 - 24 VUs 3-16
2026-08-31 17:40:09,230 INFO o.a.j.t.JMeterThread: Thread started: Stress stage 3 - 24 VUs 3-17
2026-08-31 17:40:09,650 INFO o.a.j.t.JMeterThread: Thread started: Stress stage 3 - 24 VUs 3-18
2026-08-31 17:40:10,066 INFO o.a.j.t.JMeterThread: Thread started: Stress stage 3 - 24 VUs 3-19
2026-08-31 17:40:10,482 INFO o.a.j.t.JMeterThread: Thread started: Stress stage 3 - 24 VUs 3-20
2026-08-31 17:40:10,901 INFO o.a.j.t.JMeterThread: Thread started: Stress stage 3 - 24 VUs 3-21
2026-08-31 17:40:11,316 INFO o.a.j.t.JMeterThread: Thread started: Stress stage 3 - 24 VUs 3-22
2026-08-31 17:40:11,730 INFO o.a.j.t.JMeterThread: Thread started: Stress stage 3 - 24 VUs 3-23
2026-08-31 17:40:12,150 INFO o.a.j.t.JMeterThread: Thread started: Stress stage 3 - 24 VUs 3-24
2026-08-31 17:40:30,001 INFO o.a.j.r.Summariser: summary +   1590 in 00:00:30 =   53.1/s Avg:     2 Min:     0 Max:    18 Err:     0 (0.00%) Active: 24 Started: 42 Finished: 18
2026-08-31 17:40:30,002 INFO o.a.j.r.Summariser: summary =   4297 in 00:02:27 =   29.1/s Avg:     2 Min:     0 Max:    25 Err:     0 (0.00%)
2026-08-31 17:41:00,011 INFO o.a.j.r.Summariser: summary +   2008 in 00:00:30 =   66.9/s Avg:     2 Min:     0 Max:    32 Err:     0 (0.00%) Active: 24 Started: 42 Finished: 18
2026-08-31 17:41:00,012 INFO o.a.j.r.Summariser: summary =   6305 in 00:02:57 =   35.5/s Avg:     2 Min:     0 Max:    32 Err:     0 (0.00%)
2026-08-31 17:41:02,177 INFO o.a.j.t.JMeterThread: Thread finished: Stress stage 3 - 24 VUs 3-22
2026-08-31 17:41:02,234 INFO o.a.j.t.JMeterThread: Thread finished: Stress stage 3 - 24 VUs 3-14
2026-08-31 17:41:02,239 INFO o.a.j.t.JMeterThread: Thread finished: Stress stage 3 - 24 VUs 3-23
2026-08-31 17:41:02,247 INFO o.a.j.t.JMeterThread: Thread finished: Stress stage 3 - 24 VUs 3-8
2026-08-31 17:41:02,254 INFO o.a.j.t.JMeterThread: Thread finished: Stress stage 3 - 24 VUs 3-4
2026-08-31 17:41:02,274 INFO o.a.j.t.JMeterThread: Thread finished: Stress stage 3 - 24 VUs 3-5
2026-08-31 17:41:02,291 INFO o.a.j.t.JMeterThread: Thread finished: Stress stage 3 - 24 VUs 3-9
2026-08-31 17:41:02,294 INFO o.a.j.t.JMeterThread: Thread finished: Stress stage 3 - 24 VUs 3-15
2026-08-31 17:41:02,304 INFO o.a.j.t.JMeterThread: Thread finished: Stress stage 3 - 24 VUs 3-7
2026-08-31 17:41:02,313 INFO o.a.j.t.JMeterThread: Thread finished: Stress stage 3 - 24 VUs 3-12
2026-08-31 17:41:02,357 INFO o.a.j.t.JMeterThread: Thread finished: Stress stage 3 - 24 VUs 3-21
2026-08-31 17:41:02,388 INFO o.a.j.t.JMeterThread: Thread finished: Stress stage 3 - 24 VUs 3-17
2026-08-31 17:41:02,405 INFO o.a.j.t.JMeterThread: Thread finished: Stress stage 3 - 24 VUs 3-2
2026-08-31 17:41:02,429 INFO o.a.j.t.JMeterThread: Thread finished: Stress stage 3 - 24 VUs 3-1
2026-08-31 17:41:02,430 INFO o.a.j.t.JMeterThread: Thread finished: Stress stage 3 - 24 VUs 3-16
2026-08-31 17:41:02,437 INFO o.a.j.t.JMeterThread: Thread finished: Stress stage 3 - 24 VUs 3-6
2026-08-31 17:41:02,444 INFO o.a.j.t.JMeterThread: Thread finished: Stress stage 3 - 24 VUs 3-13
2026-08-31 17:41:02,451 INFO o.a.j.t.JMeterThread: Thread finished: Stress stage 3 - 24 VUs 3-11
2026-08-31 17:41:02,453 INFO o.a.j.t.JMeterThread: Thread finished: Stress stage 3 - 24 VUs 3-19
2026-08-31 17:41:02,457 INFO o.a.j.t.JMeterThread: Thread finished: Stress stage 3 - 24 VUs 3-3
2026-08-31 17:41:02,468 INFO o.a.j.t.JMeterThread: Thread finished: Stress stage 3 - 24 VUs 3-24
2026-08-31 17:41:02,515 INFO o.a.j.t.JMeterThread: Thread finished: Stress stage 3 - 24 VUs 3-10
2026-08-31 17:41:02,525 INFO o.a.j.t.JMeterThread: Thread finished: Stress stage 3 - 24 VUs 3-18
2026-08-31 17:41:02,545 INFO o.a.j.t.JMeterThread: Thread finished: Stress stage 3 - 24 VUs 3-20
2026-08-31 17:41:02,546 INFO o.a.j.e.StandardJMeterEngine: Notifying test listeners of end of test
2026-08-31 17:41:02,547 INFO o.a.j.s.FileServer: Close: ../data/performance_users.csv
2026-08-31 17:41:02,555 INFO o.a.j.r.Summariser: summary +    171 in 00:00:03 =   67.2/s Avg:     2 Min:     0 Max:     7 Err:     0 (0.00%) Active: 0 Started: 42 Finished: 42
2026-08-31 17:41:02,555 INFO o.a.j.r.Summariser: summary =   6476 in 00:03:00 =   36.0/s Avg:     2 Min:     0 Max:    32 Err:     0 (0.00%)
2026-08-31 17:41:02,556 INFO o.a.j.JMeter: Generating Dashboard
2026-08-31 17:41:02,556 INFO o.a.j.r.d.ReportGenerator: Flushing result collector before report Generation
2026-08-31 17:41:02,580 INFO o.a.j.r.p.NormalizerSampleConsumer: Using format, 'ms', to parse timeStamp field
2026-08-31 17:41:02,693 INFO o.a.j.r.p.AbstractSampleConsumer: class org.apache.jmeter.report.processor.AggregateConsumer#stopProducing(): beginDate produced 0 samples
2026-08-31 17:41:02,693 INFO o.a.j.r.p.AbstractSampleConsumer: class org.apache.jmeter.report.processor.AggregateConsumer#stopProducing(): endDate produced 0 samples
2026-08-31 17:41:02,695 INFO o.a.j.r.p.AbstractSampleConsumer: class org.apache.jmeter.report.processor.ApdexSummaryConsumer#stopProducing(): apdexSummary produced 0 samples
2026-08-31 17:41:02,695 INFO o.a.j.r.p.AbstractSampleConsumer: class org.apache.jmeter.report.processor.RequestsSummaryConsumer#stopProducing(): requestsSummary produced 0 samples
2026-08-31 17:41:02,698 INFO o.a.j.r.p.AbstractSampleConsumer: class org.apache.jmeter.report.processor.StatisticsSummaryConsumer#stopProducing(): statisticsSummary produced 0 samples
2026-08-31 17:41:02,700 INFO o.a.j.r.p.AbstractSampleConsumer: class org.apache.jmeter.report.processor.Top5ErrorsBySamplerConsumer#stopProducing(): top5ErrorsBySampler produced 0 samples
2026-08-31 17:41:02,700 INFO o.a.j.r.p.AbstractSampleConsumer: class org.apache.jmeter.report.processor.ErrorsSummaryConsumer#stopProducing(): errorsSummary produced 0 samples
2026-08-31 17:41:02,700 INFO o.a.j.r.p.AbstractSampleConsumer: class org.apache.jmeter.report.processor.graph.impl.HitsPerSecondGraphConsumer#stopProducing(): hitsPerSecond produced 0 samples
2026-08-31 17:41:02,728 INFO o.a.j.r.p.AbstractSampleConsumer: class org.apache.jmeter.report.processor.graph.impl.LatencyVSRequestGraphConsumer#stopProducing(): latencyVsRequest produced 0 samples
2026-08-31 17:41:02,729 INFO o.a.j.r.p.AbstractSampleConsumer: class org.apache.jmeter.report.processor.graph.impl.SyntheticResponseTimeDistributionGraphConsumer#stopProducing(): syntheticResponseTimeDistribution produced 0 samples
2026-08-31 17:41:02,729 INFO o.a.j.r.p.AbstractSampleConsumer: class org.apache.jmeter.report.processor.graph.impl.BytesThroughputGraphConsumer#stopProducing(): bytesThroughputOverTime produced 0 samples
2026-08-31 17:41:02,729 INFO o.a.j.r.p.AbstractSampleConsumer: class org.apache.jmeter.report.processor.graph.impl.CodesPerSecondGraphConsumer#stopProducing(): codesPerSecond produced 0 samples
2026-08-31 17:41:02,749 INFO o.a.j.r.p.AbstractSampleConsumer: class org.apache.jmeter.report.processor.graph.impl.ResponseTimeVSRequestGraphConsumer#stopProducing(): responseTimeVsRequest produced 0 samples
2026-08-31 17:41:02,749 INFO o.a.j.r.p.AbstractSampleConsumer: class org.apache.jmeter.report.processor.FilterConsumer#stopProducing(): startIntervalControlerFilter produced 45332 samples
2026-08-31 17:41:02,749 INFO o.a.j.r.p.AbstractSampleConsumer: class org.apache.jmeter.report.processor.graph.impl.TotalTPSGraphConsumer#stopProducing(): totalTPS produced 0 samples
2026-08-31 17:41:02,749 INFO o.a.j.r.p.AbstractSampleConsumer: class org.apache.jmeter.report.processor.graph.impl.ActiveThreadsGraphConsumer#stopProducing(): activeThreadsOverTime produced 0 samples
2026-08-31 17:41:02,749 INFO o.a.j.r.p.AbstractSampleConsumer: class org.apache.jmeter.report.processor.graph.impl.TimeVSThreadGraphConsumer#stopProducing(): timeVsThreads produced 0 samples
2026-08-31 17:41:02,750 INFO o.a.j.r.p.AbstractSampleConsumer: class org.apache.jmeter.report.processor.graph.impl.ResponseTimeDistributionGraphConsumer#stopProducing(): responseTimeDistribution produced 0 samples
2026-08-31 17:41:02,750 INFO o.a.j.r.p.AbstractSampleConsumer: class org.apache.jmeter.report.processor.graph.impl.TransactionsPerSecondGraphConsumer#stopProducing(): transactionsPerSecond produced 0 samples
2026-08-31 17:41:02,750 INFO o.a.j.r.p.AbstractSampleConsumer: class org.apache.jmeter.report.processor.graph.impl.ResponseTimePercentilesGraphConsumer#stopProducing(): responseTimePercentiles produced 0 samples
2026-08-31 17:41:02,750 INFO o.a.j.r.p.AbstractSampleConsumer: class org.apache.jmeter.report.processor.graph.impl.ResponseTimePercentilesOverTimeGraphConsumer#stopProducing(): responseTimePercentilesOverTime produced 0 samples
2026-08-31 17:41:02,751 INFO o.a.j.r.p.AbstractSampleConsumer: class org.apache.jmeter.report.processor.graph.impl.ResponseTimeOverTimeGraphConsumer#stopProducing(): responseTimesOverTime produced 0 samples
2026-08-31 17:41:02,751 INFO o.a.j.r.p.AbstractSampleConsumer: class org.apache.jmeter.report.processor.graph.impl.ConnectTimeOverTimeGraphConsumer#stopProducing(): connectTimeOverTime produced 0 samples
2026-08-31 17:41:02,751 INFO o.a.j.r.p.AbstractSampleConsumer: class org.apache.jmeter.report.processor.graph.impl.LatencyOverTimeGraphConsumer#stopProducing(): latenciesOverTime produced 0 samples
2026-08-31 17:41:02,751 INFO o.a.j.r.p.AbstractSampleConsumer: class org.apache.jmeter.report.processor.FilterConsumer#stopProducing(): nameFilter produced 97140 samples
2026-08-31 17:41:02,751 INFO o.a.j.r.p.AbstractSampleConsumer: class org.apache.jmeter.report.processor.FilterConsumer#stopProducing(): dateRangeFilter produced 19428 samples
2026-08-31 17:41:02,751 INFO o.a.j.r.p.AbstractSampleConsumer: class org.apache.jmeter.report.processor.NormalizerSampleConsumer#stopProducing(): normalizer produced 6476 samples
2026-08-31 17:41:02,751 INFO o.a.j.r.p.CsvFileSampleSource: produce(): 6476 samples produced in 158ms on channel 0
2026-08-31 17:41:02,751 INFO o.a.j.r.d.ReportGenerator: Exporting data using exporter:'json' of className:'org.apache.jmeter.report.dashboard.JsonExporter'
2026-08-31 17:41:02,789 INFO o.a.j.r.d.JsonExporter: Found data for consumer statisticsSummary in context
2026-08-31 17:41:02,789 INFO o.a.j.r.d.JsonExporter: Creating statistics for overall
2026-08-31 17:41:02,789 INFO o.a.j.r.d.JsonExporter: Creating statistics for other transactions
2026-08-31 17:41:02,789 INFO o.a.j.r.d.JsonExporter: Checking output folder
2026-08-31 17:41:02,790 INFO o.a.j.r.d.JsonExporter: Writing statistics JSON to /Users/kunda/Documents/hw/hw05/reports/23127035_Stress_20260831/statistics.json
2026-08-31 17:41:02,818 INFO o.a.j.r.d.ReportGenerator: Exporting data using exporter:'html' of className:'org.apache.jmeter.report.dashboard.HtmlTemplateExporter'
2026-08-31 17:41:02,819 INFO o.a.j.r.d.HtmlTemplateExporter: Will generate dashboard in folder: /Users/kunda/Documents/hw/hw05/reports/23127035_Stress_20260831
2026-08-31 17:41:02,864 INFO o.a.j.r.d.HtmlTemplateExporter: Report will be generated in: /Users/kunda/Documents/hw/hw05/reports/23127035_Stress_20260831, creating folder structure
2026-08-31 17:41:02,864 INFO o.a.j.r.d.TemplateVisitor: Copying folder from '/opt/homebrew/Cellar/jmeter/5.6.3/libexec/bin/report-template' to '/Users/kunda/Documents/hw/hw05/reports/23127035_Stress_20260831', got message: /Users/kunda/Documents/hw/hw05/reports/23127035_Stress_20260831, found non empty folder with following content [/Users/kunda/Documents/hw/hw05/reports/23127035_Stress_20260831/statistics.json], will be ignored
2026-08-31 17:41:02,992 INFO o.a.j.JMeter: Dashboard generated
