2026-08-31 17:35:22,611 INFO o.a.j.u.JMeterUtils: Setting Locale to en_EN
2026-08-31 17:35:22,621 INFO o.a.j.JMeter: Loading user properties from: /opt/homebrew/Cellar/jmeter/5.6.3/libexec/bin/user.properties
2026-08-31 17:35:22,622 INFO o.a.j.JMeter: Loading system properties from: /opt/homebrew/Cellar/jmeter/5.6.3/libexec/bin/system.properties
2026-08-31 17:35:22,622 INFO o.a.j.JMeter: Setting JMeter property: jmeter.save.saveservice.output_format=csv
2026-08-31 17:35:22,622 INFO o.a.j.JMeter: Setting JMeter property: jmeter.save.saveservice.print_field_names=true
2026-08-31 17:35:22,622 INFO o.a.j.JMeter: Setting JMeter property: jmeter.save.saveservice.connect_time=true
2026-08-31 17:35:22,622 INFO o.a.j.JMeter: Setting JMeter property: jmeter.save.saveservice.latency=true
2026-08-31 17:35:22,622 INFO o.a.j.JMeter: Setting JMeter property: jmeter.save.saveservice.bytes=true
2026-08-31 17:35:22,622 INFO o.a.j.JMeter: Setting JMeter property: jmeter.save.saveservice.sent_bytes=true
2026-08-31 17:35:22,622 INFO o.a.j.JMeter: Setting JMeter property: jmeter.save.saveservice.thread_counts=true
2026-08-31 17:35:22,622 INFO o.a.j.JMeter: Setting JMeter property: jmeter.save.saveservice.assertion_results_failure_message=true
2026-08-31 17:35:22,624 INFO o.a.j.JMeter: Copyright (c) 1998-2024 The Apache Software Foundation
2026-08-31 17:35:22,624 INFO o.a.j.JMeter: Version 5.6.3
2026-08-31 17:35:22,624 INFO o.a.j.JMeter: java.version=21.0.12.1
2026-08-31 17:35:22,624 INFO o.a.j.JMeter: java.vm.name=OpenJDK 64-Bit Server VM
2026-08-31 17:35:22,624 INFO o.a.j.JMeter: os.name=Mac OS X
2026-08-31 17:35:22,624 INFO o.a.j.JMeter: os.arch=aarch64
2026-08-31 17:35:22,624 INFO o.a.j.JMeter: os.version=26.5.1
2026-08-31 17:35:22,624 INFO o.a.j.JMeter: file.encoding=UTF-8
2026-08-31 17:35:22,625 INFO o.a.j.JMeter: java.awt.headless=true
2026-08-31 17:35:22,625 INFO o.a.j.JMeter: Max memory     =1073741824
2026-08-31 17:35:22,625 INFO o.a.j.JMeter: Available Processors =10
2026-08-31 17:35:22,629 INFO o.a.j.JMeter: Default Locale=English (EN)
2026-08-31 17:35:22,629 INFO o.a.j.JMeter: JMeter  Locale=English (EN)
2026-08-31 17:35:22,629 INFO o.a.j.JMeter: JMeterHome=/opt/homebrew/Cellar/jmeter/5.6.3/libexec
2026-08-31 17:35:22,629 INFO o.a.j.JMeter: user.dir  =/Users/kunda/Documents/hw/hw05
2026-08-31 17:35:22,629 INFO o.a.j.JMeter: PWD       =/Users/kunda/Documents/hw/hw05
2026-08-31 17:35:22,631 INFO o.a.j.JMeter: IP: 127.0.0.1 Name: MacBook-Air-cua-KunDa.local FullName: localhost
2026-08-31 17:35:22,637 INFO o.a.j.JMeter: Setting property 'jmeter.reportgenerator.outputdir' to:'/Users/kunda/Documents/hw/hw05/reports/23127035_Load_20260831'
2026-08-31 17:35:22,639 INFO o.a.j.s.FileServer: Default base='/Users/kunda/Documents/hw/hw05'
2026-08-31 17:35:22,639 INFO o.a.j.s.FileServer: Set new base='/Users/kunda/Documents/hw/hw05/test-plans'
2026-08-31 17:35:22,714 INFO o.a.j.s.SaveService: Testplan (JMX) version: 2.2. Testlog (JTL) version: 2.2
2026-08-31 17:35:22,728 INFO o.a.j.s.SaveService: Using SaveService properties version 5.0
2026-08-31 17:35:22,729 INFO o.a.j.s.SaveService: Using SaveService properties file encoding UTF-8
2026-08-31 17:35:22,730 INFO o.a.j.s.SaveService: Loading file: /Users/kunda/Documents/hw/hw05/test-plans/23127035_Load_20260831.jmx
2026-08-31 17:35:22,758 INFO o.a.j.p.h.s.HTTPSamplerBase: Parser for text/html is org.apache.jmeter.protocol.http.parser.LagartoBasedHtmlParser
2026-08-31 17:35:22,758 INFO o.a.j.p.h.s.HTTPSamplerBase: Parser for application/xhtml+xml is org.apache.jmeter.protocol.http.parser.LagartoBasedHtmlParser
2026-08-31 17:35:22,758 INFO o.a.j.p.h.s.HTTPSamplerBase: Parser for application/xml is org.apache.jmeter.protocol.http.parser.LagartoBasedHtmlParser
2026-08-31 17:35:22,758 INFO o.a.j.p.h.s.HTTPSamplerBase: Parser for text/xml is org.apache.jmeter.protocol.http.parser.LagartoBasedHtmlParser
2026-08-31 17:35:22,759 INFO o.a.j.p.h.s.HTTPSamplerBase: Parser for text/vnd.wap.wml is org.apache.jmeter.protocol.http.parser.RegexpHTMLParser
2026-08-31 17:35:22,759 INFO o.a.j.p.h.s.HTTPSamplerBase: Parser for text/css is org.apache.jmeter.protocol.http.parser.CssParser
2026-08-31 17:35:22,786 INFO o.a.j.JMeter: Creating summariser <summary>
2026-08-31 17:35:22,789 INFO o.a.j.r.d.ReportGenerator: ReportGenerator will use for Parsing the separator: ','
2026-08-31 17:35:22,789 INFO o.a.j.r.d.ReportGenerator: Will generate report at end of test from  results file: /Users/kunda/Documents/hw/hw05/results/23127035_Load_20260831.jtl
2026-08-31 17:35:22,789 INFO o.a.j.r.d.ReportGenerator: Reading report generator properties from: /opt/homebrew/Cellar/jmeter/5.6.3/libexec/bin/reportgenerator.properties
2026-08-31 17:35:22,789 INFO o.a.j.r.d.ReportGenerator: Merging with JMeter properties
2026-08-31 17:35:22,790 INFO o.a.j.r.c.ReportGeneratorConfiguration: Property 'jmeter.reportgenerator.temp_dir' not found, using default value 'temp' instead.
2026-08-31 17:35:22,791 INFO o.a.j.r.c.ReportGeneratorConfiguration: Property 'jmeter.reportgenerator.apdex_per_transaction' not found, using default value 'null' instead.
2026-08-31 17:35:22,791 INFO o.a.j.r.c.ReportGeneratorConfiguration: apdex_per_transaction is empty, not APDEX per transaction customization
2026-08-31 17:35:22,791 INFO o.a.j.r.c.ReportGeneratorConfiguration: Property 'jmeter.reportgenerator.sample_filter' not found, using default value 'null' instead.
2026-08-31 17:35:22,791 INFO o.a.j.r.c.ReportGeneratorConfiguration: Property 'jmeter.reportgenerator.report_title' not found, using default value 'null' instead.
2026-08-31 17:35:22,791 INFO o.a.j.r.c.ReportGeneratorConfiguration: Property 'jmeter.reportgenerator.start_date' not found, using default value 'null' instead.
2026-08-31 17:35:22,791 INFO o.a.j.r.c.ReportGeneratorConfiguration: Property 'jmeter.reportgenerator.end_date' not found, using default value 'null' instead.
2026-08-31 17:35:22,791 INFO o.a.j.r.c.ReportGeneratorConfiguration: Property 'jmeter.reportgenerator.date_format' not found, using default value 'null' instead.
2026-08-31 17:35:22,791 INFO o.a.j.r.c.ReportGeneratorConfiguration: Will use date range start date: null, end date: null
2026-08-31 17:35:22,793 INFO o.a.j.r.c.ReportGeneratorConfiguration: Property 'jmeter.reportgenerator.graph.totalTPS.exclude_controllers' not found, using default value 'false' instead.
2026-08-31 17:35:22,793 INFO o.a.j.r.c.ReportGeneratorConfiguration: Property 'jmeter.reportgenerator.graph.activeThreadsOverTime.exclude_controllers' not found, using default value 'false' instead.
2026-08-31 17:35:22,793 INFO o.a.j.r.c.ReportGeneratorConfiguration: Property 'jmeter.reportgenerator.graph.timeVsThreads.exclude_controllers' not found, using default value 'false' instead.
2026-08-31 17:35:22,793 INFO o.a.j.r.c.ReportGeneratorConfiguration: Property 'jmeter.reportgenerator.graph.responseTimeDistribution.exclude_controllers' not found, using default value 'false' instead.
2026-08-31 17:35:22,793 INFO o.a.j.r.c.ReportGeneratorConfiguration: Property 'jmeter.reportgenerator.graph.transactionsPerSecond.exclude_controllers' not found, using default value 'false' instead.
2026-08-31 17:35:22,793 INFO o.a.j.r.c.ReportGeneratorConfiguration: Property 'jmeter.reportgenerator.graph.responseTimePercentiles.exclude_controllers' not found, using default value 'false' instead.
2026-08-31 17:35:22,793 INFO o.a.j.r.c.ReportGeneratorConfiguration: Property 'jmeter.reportgenerator.graph.responseTimePercentilesOverTime.exclude_controllers' not found, using default value 'false' instead.
2026-08-31 17:35:22,793 INFO o.a.j.r.c.ReportGeneratorConfiguration: Property 'jmeter.reportgenerator.graph.responseTimesOverTime.exclude_controllers' not found, using default value 'false' instead.
2026-08-31 17:35:22,793 INFO o.a.j.r.c.ReportGeneratorConfiguration: Property 'jmeter.reportgenerator.graph.connectTimeOverTime.exclude_controllers' not found, using default value 'false' instead.
2026-08-31 17:35:22,793 INFO o.a.j.r.c.ReportGeneratorConfiguration: Property 'jmeter.reportgenerator.graph.latenciesOverTime.exclude_controllers' not found, using default value 'false' instead.
2026-08-31 17:35:22,793 INFO o.a.j.r.c.ReportGeneratorConfiguration: Property 'jmeter.reportgenerator.exporter.json.filters_only_sample_series' not found, using default value 'true' instead.
2026-08-31 17:35:22,793 INFO o.a.j.r.c.ReportGeneratorConfiguration: Property 'jmeter.reportgenerator.exporter.json.series_filter' not found, using default value '' instead.
2026-08-31 17:35:22,793 INFO o.a.j.r.c.ReportGeneratorConfiguration: Property 'jmeter.reportgenerator.exporter.json.show_controllers_only' not found, using default value 'false' instead.
2026-08-31 17:35:22,794 INFO o.a.j.r.c.ReportGeneratorConfiguration: Property 'jmeter.reportgenerator.exporter.html.filters_only_sample_series' not found, using default value 'true' instead.
2026-08-31 17:35:22,794 INFO o.a.j.r.c.ReportGeneratorConfiguration: Property 'jmeter.reportgenerator.exporter.html.series_filter' not found, using default value '' instead.
2026-08-31 17:35:22,794 INFO o.a.j.r.c.ReportGeneratorConfiguration: Property 'jmeter.reportgenerator.exporter.html.show_controllers_only' not found, using default value 'false' instead.
2026-08-31 17:35:22,799 INFO o.a.j.e.StandardJMeterEngine: Running the test!
2026-08-31 17:35:22,800 INFO o.a.j.s.SampleEvent: List of sample_variables: []
2026-08-31 17:35:22,800 INFO o.a.j.s.SampleEvent: List of sample_variables: []
2026-08-31 17:35:22,802 INFO o.a.j.e.u.CompoundVariable: Note: Function class names must contain the string: '.functions.'
2026-08-31 17:35:22,802 INFO o.a.j.e.u.CompoundVariable: Note: Function class names must not contain the string: '.gui.'
2026-08-31 17:35:22,819 INFO o.a.j.r.ClassFinder: Will scan jar /opt/homebrew/Cellar/jmeter/5.6.3/libexec/lib/ext/jmeter-plugins-manager-1.9.jar with filter ExtendsClassFilter [parents=[interface org.apache.jmeter.functions.Function], inner=false, contains=null, notContains=null]. Consider exposing JMeter plugins via META-INF/services, and add JMeter-Skip-Class-Scanning=true manifest attribute so JMeter can skip classfile scanning
2026-08-31 17:35:22,941 INFO o.a.j.JMeter: Running test (1788172522941)
2026-08-31 17:35:22,949 INFO o.a.j.e.StandardJMeterEngine: Starting ThreadGroup: 1 : Load - 6 VUs steady
2026-08-31 17:35:22,949 INFO o.a.j.e.StandardJMeterEngine: Starting 6 threads for group Load - 6 VUs steady.
2026-08-31 17:35:22,949 INFO o.a.j.e.StandardJMeterEngine: Thread will continue on error
2026-08-31 17:35:22,949 INFO o.a.j.t.ThreadGroup: Starting thread group... number=1 threads=6 ramp-up=15 delayedStart=false
2026-08-31 17:35:22,954 INFO o.a.j.t.ThreadGroup: Started thread group number 1
2026-08-31 17:35:22,954 INFO o.a.j.e.StandardJMeterEngine: All thread groups have been started
2026-08-31 17:35:22,955 INFO o.a.j.t.JMeterThread: Thread started: Load - 6 VUs steady 1-1
2026-08-31 17:35:22,955 INFO o.a.j.s.FileServer: Stored: ../data/performance_users.csv
2026-08-31 17:35:23,494 INFO o.a.j.p.h.s.HTTPHCAbstractImpl: Local host = MacBook-Air-cua-KunDa.local
2026-08-31 17:35:23,496 INFO o.a.j.p.h.s.HTTPHC4Impl: HTTP request retry count = 0
2026-08-31 17:35:23,497 INFO o.a.j.s.SampleResult: Note: Sample TimeStamps are START times
2026-08-31 17:35:23,497 INFO o.a.j.s.SampleResult: sampleresult.default.encoding is set to UTF-8
2026-08-31 17:35:23,497 INFO o.a.j.s.SampleResult: sampleresult.useNanoTime=true
2026-08-31 17:35:23,497 INFO o.a.j.s.SampleResult: sampleresult.nanoThreadSleep=5000
2026-08-31 17:35:25,458 INFO o.a.j.t.JMeterThread: Thread started: Load - 6 VUs steady 1-2
2026-08-31 17:35:27,955 INFO o.a.j.t.JMeterThread: Thread started: Load - 6 VUs steady 1-3
2026-08-31 17:35:30,231 INFO o.a.j.r.Summariser: summary +     38 in 00:00:07 =    5.2/s Avg:     4 Min:     2 Max:    24 Err:     0 (0.00%) Active: 3 Started: 3 Finished: 0
2026-08-31 17:35:30,457 INFO o.a.j.t.JMeterThread: Thread started: Load - 6 VUs steady 1-4
2026-08-31 17:35:32,957 INFO o.a.j.t.JMeterThread: Thread started: Load - 6 VUs steady 1-5
2026-08-31 17:35:35,456 INFO o.a.j.t.JMeterThread: Thread started: Load - 6 VUs steady 1-6
2026-08-31 17:36:00,013 INFO o.a.j.r.Summariser: summary +    478 in 00:00:30 =   16.0/s Avg:     2 Min:     0 Max:     9 Err:     0 (0.00%) Active: 6 Started: 6 Finished: 0
2026-08-31 17:36:00,014 INFO o.a.j.r.Summariser: summary =    516 in 00:00:37 =   13.9/s Avg:     2 Min:     0 Max:    24 Err:     0 (0.00%)
2026-08-31 17:36:30,041 INFO o.a.j.r.Summariser: summary +    503 in 00:00:30 =   16.8/s Avg:     2 Min:     0 Max:     9 Err:     0 (0.00%) Active: 6 Started: 6 Finished: 0
2026-08-31 17:36:30,041 INFO o.a.j.r.Summariser: summary =   1019 in 00:01:07 =   15.2/s Avg:     2 Min:     0 Max:    24 Err:     0 (0.00%)
2026-08-31 17:37:00,014 INFO o.a.j.r.Summariser: summary +    490 in 00:00:30 =   16.3/s Avg:     2 Min:     0 Max:     8 Err:     0 (0.00%) Active: 6 Started: 6 Finished: 0
2026-08-31 17:37:00,015 INFO o.a.j.r.Summariser: summary =   1509 in 00:01:37 =   15.5/s Avg:     2 Min:     0 Max:    24 Err:     0 (0.00%)
2026-08-31 17:37:22,703 INFO o.a.j.t.JMeterThread: Thread finished: Load - 6 VUs steady 1-6
2026-08-31 17:37:22,767 INFO o.a.j.t.JMeterThread: Thread finished: Load - 6 VUs steady 1-5
2026-08-31 17:37:22,788 INFO o.a.j.t.JMeterThread: Thread finished: Load - 6 VUs steady 1-4
2026-08-31 17:37:22,813 INFO o.a.j.t.JMeterThread: Thread finished: Load - 6 VUs steady 1-2
2026-08-31 17:37:22,884 INFO o.a.j.t.JMeterThread: Thread finished: Load - 6 VUs steady 1-1
2026-08-31 17:37:22,908 INFO o.a.j.t.JMeterThread: Thread finished: Load - 6 VUs steady 1-3
2026-08-31 17:37:22,908 INFO o.a.j.e.StandardJMeterEngine: Notifying test listeners of end of test
2026-08-31 17:37:22,908 INFO o.a.j.s.FileServer: Close: ../data/performance_users.csv
2026-08-31 17:37:22,910 INFO o.a.j.r.Summariser: summary +    387 in 00:00:23 =   16.9/s Avg:     2 Min:     0 Max:     6 Err:     0 (0.00%) Active: 0 Started: 6 Finished: 6
2026-08-31 17:37:22,910 INFO o.a.j.r.Summariser: summary =   1896 in 00:02:00 =   15.8/s Avg:     2 Min:     0 Max:    24 Err:     0 (0.00%)
2026-08-31 17:37:22,911 INFO o.a.j.JMeter: Generating Dashboard
2026-08-31 17:37:22,911 INFO o.a.j.r.d.ReportGenerator: Flushing result collector before report Generation
2026-08-31 17:37:22,918 INFO o.a.j.r.p.NormalizerSampleConsumer: Using format, 'ms', to parse timeStamp field
2026-08-31 17:37:22,973 INFO o.a.j.r.p.AbstractSampleConsumer: class org.apache.jmeter.report.processor.AggregateConsumer#stopProducing(): beginDate produced 0 samples
2026-08-31 17:37:22,973 INFO o.a.j.r.p.AbstractSampleConsumer: class org.apache.jmeter.report.processor.AggregateConsumer#stopProducing(): endDate produced 0 samples
2026-08-31 17:37:22,974 INFO o.a.j.r.p.AbstractSampleConsumer: class org.apache.jmeter.report.processor.ApdexSummaryConsumer#stopProducing(): apdexSummary produced 0 samples
2026-08-31 17:37:22,974 INFO o.a.j.r.p.AbstractSampleConsumer: class org.apache.jmeter.report.processor.RequestsSummaryConsumer#stopProducing(): requestsSummary produced 0 samples
2026-08-31 17:37:22,976 INFO o.a.j.r.p.AbstractSampleConsumer: class org.apache.jmeter.report.processor.StatisticsSummaryConsumer#stopProducing(): statisticsSummary produced 0 samples
2026-08-31 17:37:22,978 INFO o.a.j.r.p.AbstractSampleConsumer: class org.apache.jmeter.report.processor.Top5ErrorsBySamplerConsumer#stopProducing(): top5ErrorsBySampler produced 0 samples
2026-08-31 17:37:22,978 INFO o.a.j.r.p.AbstractSampleConsumer: class org.apache.jmeter.report.processor.ErrorsSummaryConsumer#stopProducing(): errorsSummary produced 0 samples
2026-08-31 17:37:22,978 INFO o.a.j.r.p.AbstractSampleConsumer: class org.apache.jmeter.report.processor.graph.impl.HitsPerSecondGraphConsumer#stopProducing(): hitsPerSecond produced 0 samples
2026-08-31 17:37:22,989 INFO o.a.j.r.p.AbstractSampleConsumer: class org.apache.jmeter.report.processor.graph.impl.LatencyVSRequestGraphConsumer#stopProducing(): latencyVsRequest produced 0 samples
2026-08-31 17:37:22,989 INFO o.a.j.r.p.AbstractSampleConsumer: class org.apache.jmeter.report.processor.graph.impl.SyntheticResponseTimeDistributionGraphConsumer#stopProducing(): syntheticResponseTimeDistribution produced 0 samples
2026-08-31 17:37:22,989 INFO o.a.j.r.p.AbstractSampleConsumer: class org.apache.jmeter.report.processor.graph.impl.BytesThroughputGraphConsumer#stopProducing(): bytesThroughputOverTime produced 0 samples
2026-08-31 17:37:22,989 INFO o.a.j.r.p.AbstractSampleConsumer: class org.apache.jmeter.report.processor.graph.impl.CodesPerSecondGraphConsumer#stopProducing(): codesPerSecond produced 0 samples
2026-08-31 17:37:22,996 INFO o.a.j.r.p.AbstractSampleConsumer: class org.apache.jmeter.report.processor.graph.impl.ResponseTimeVSRequestGraphConsumer#stopProducing(): responseTimeVsRequest produced 0 samples
2026-08-31 17:37:22,996 INFO o.a.j.r.p.AbstractSampleConsumer: class org.apache.jmeter.report.processor.FilterConsumer#stopProducing(): startIntervalControlerFilter produced 13272 samples
2026-08-31 17:37:22,996 INFO o.a.j.r.p.AbstractSampleConsumer: class org.apache.jmeter.report.processor.graph.impl.TotalTPSGraphConsumer#stopProducing(): totalTPS produced 0 samples
2026-08-31 17:37:22,996 INFO o.a.j.r.p.AbstractSampleConsumer: class org.apache.jmeter.report.processor.graph.impl.ActiveThreadsGraphConsumer#stopProducing(): activeThreadsOverTime produced 0 samples
2026-08-31 17:37:22,996 INFO o.a.j.r.p.AbstractSampleConsumer: class org.apache.jmeter.report.processor.graph.impl.TimeVSThreadGraphConsumer#stopProducing(): timeVsThreads produced 0 samples
2026-08-31 17:37:22,996 INFO o.a.j.r.p.AbstractSampleConsumer: class org.apache.jmeter.report.processor.graph.impl.ResponseTimeDistributionGraphConsumer#stopProducing(): responseTimeDistribution produced 0 samples
2026-08-31 17:37:22,997 INFO o.a.j.r.p.AbstractSampleConsumer: class org.apache.jmeter.report.processor.graph.impl.TransactionsPerSecondGraphConsumer#stopProducing(): transactionsPerSecond produced 0 samples
2026-08-31 17:37:22,997 INFO o.a.j.r.p.AbstractSampleConsumer: class org.apache.jmeter.report.processor.graph.impl.ResponseTimePercentilesGraphConsumer#stopProducing(): responseTimePercentiles produced 0 samples
2026-08-31 17:37:22,997 INFO o.a.j.r.p.AbstractSampleConsumer: class org.apache.jmeter.report.processor.graph.impl.ResponseTimePercentilesOverTimeGraphConsumer#stopProducing(): responseTimePercentilesOverTime produced 0 samples
2026-08-31 17:37:22,998 INFO o.a.j.r.p.AbstractSampleConsumer: class org.apache.jmeter.report.processor.graph.impl.ResponseTimeOverTimeGraphConsumer#stopProducing(): responseTimesOverTime produced 0 samples
2026-08-31 17:37:22,998 INFO o.a.j.r.p.AbstractSampleConsumer: class org.apache.jmeter.report.processor.graph.impl.ConnectTimeOverTimeGraphConsumer#stopProducing(): connectTimeOverTime produced 0 samples
2026-08-31 17:37:22,998 INFO o.a.j.r.p.AbstractSampleConsumer: class org.apache.jmeter.report.processor.graph.impl.LatencyOverTimeGraphConsumer#stopProducing(): latenciesOverTime produced 0 samples
2026-08-31 17:37:22,998 INFO o.a.j.r.p.AbstractSampleConsumer: class org.apache.jmeter.report.processor.FilterConsumer#stopProducing(): nameFilter produced 28440 samples
2026-08-31 17:37:22,998 INFO o.a.j.r.p.AbstractSampleConsumer: class org.apache.jmeter.report.processor.FilterConsumer#stopProducing(): dateRangeFilter produced 5688 samples
2026-08-31 17:37:22,998 INFO o.a.j.r.p.AbstractSampleConsumer: class org.apache.jmeter.report.processor.NormalizerSampleConsumer#stopProducing(): normalizer produced 1896 samples
2026-08-31 17:37:22,998 INFO o.a.j.r.p.CsvFileSampleSource: produce(): 1896 samples produced in 71ms on channel 0
2026-08-31 17:37:22,998 INFO o.a.j.r.d.ReportGenerator: Exporting data using exporter:'json' of className:'org.apache.jmeter.report.dashboard.JsonExporter'
2026-08-31 17:37:23,035 INFO o.a.j.r.d.JsonExporter: Found data for consumer statisticsSummary in context
2026-08-31 17:37:23,035 INFO o.a.j.r.d.JsonExporter: Creating statistics for overall
2026-08-31 17:37:23,035 INFO o.a.j.r.d.JsonExporter: Creating statistics for other transactions
2026-08-31 17:37:23,035 INFO o.a.j.r.d.JsonExporter: Checking output folder
2026-08-31 17:37:23,035 INFO o.a.j.r.d.JsonExporter: Writing statistics JSON to /Users/kunda/Documents/hw/hw05/reports/23127035_Load_20260831/statistics.json
2026-08-31 17:37:23,053 INFO o.a.j.r.d.ReportGenerator: Exporting data using exporter:'html' of className:'org.apache.jmeter.report.dashboard.HtmlTemplateExporter'
2026-08-31 17:37:23,054 INFO o.a.j.r.d.HtmlTemplateExporter: Will generate dashboard in folder: /Users/kunda/Documents/hw/hw05/reports/23127035_Load_20260831
2026-08-31 17:37:23,098 INFO o.a.j.r.d.HtmlTemplateExporter: Report will be generated in: /Users/kunda/Documents/hw/hw05/reports/23127035_Load_20260831, creating folder structure
2026-08-31 17:37:23,099 INFO o.a.j.r.d.TemplateVisitor: Copying folder from '/opt/homebrew/Cellar/jmeter/5.6.3/libexec/bin/report-template' to '/Users/kunda/Documents/hw/hw05/reports/23127035_Load_20260831', got message: /Users/kunda/Documents/hw/hw05/reports/23127035_Load_20260831, found non empty folder with following content [/Users/kunda/Documents/hw/hw05/reports/23127035_Load_20260831/statistics.json], will be ignored
2026-08-31 17:37:23,212 INFO o.a.j.JMeter: Dashboard generated
