2026-09-01 17:35:09,608 INFO o.a.j.u.JMeterUtils: Setting Locale to en_EN
2026-09-01 17:35:09,619 INFO o.a.j.JMeter: Loading user properties from: /opt/homebrew/Cellar/jmeter/5.6.3/libexec/bin/user.properties
2026-09-01 17:35:09,619 INFO o.a.j.JMeter: Loading system properties from: /opt/homebrew/Cellar/jmeter/5.6.3/libexec/bin/system.properties
2026-09-01 17:35:09,619 INFO o.a.j.JMeter: Setting JMeter property: jmeter.save.saveservice.output_format=csv
2026-09-01 17:35:09,619 INFO o.a.j.JMeter: Setting JMeter property: jmeter.save.saveservice.print_field_names=true
2026-09-01 17:35:09,619 INFO o.a.j.JMeter: Setting JMeter property: jmeter.save.saveservice.connect_time=true
2026-09-01 17:35:09,619 INFO o.a.j.JMeter: Setting JMeter property: jmeter.save.saveservice.latency=true
2026-09-01 17:35:09,619 INFO o.a.j.JMeter: Setting JMeter property: jmeter.save.saveservice.bytes=true
2026-09-01 17:35:09,619 INFO o.a.j.JMeter: Setting JMeter property: jmeter.save.saveservice.sent_bytes=true
2026-09-01 17:35:09,619 INFO o.a.j.JMeter: Setting JMeter property: jmeter.save.saveservice.thread_counts=true
2026-09-01 17:35:09,619 INFO o.a.j.JMeter: Setting JMeter property: jmeter.save.saveservice.assertion_results_failure_message=true
2026-09-01 17:35:09,619 INFO o.a.j.JMeter: Setting JMeter property: port=3001
2026-09-01 17:35:09,622 INFO o.a.j.JMeter: Copyright (c) 1998-2024 The Apache Software Foundation
2026-09-01 17:35:09,622 INFO o.a.j.JMeter: Version 5.6.3
2026-09-01 17:35:09,622 INFO o.a.j.JMeter: java.version=21.0.12.1
2026-09-01 17:35:09,622 INFO o.a.j.JMeter: java.vm.name=OpenJDK 64-Bit Server VM
2026-09-01 17:35:09,622 INFO o.a.j.JMeter: os.name=Mac OS X
2026-09-01 17:35:09,622 INFO o.a.j.JMeter: os.arch=aarch64
2026-09-01 17:35:09,622 INFO o.a.j.JMeter: os.version=26.5.1
2026-09-01 17:35:09,622 INFO o.a.j.JMeter: file.encoding=UTF-8
2026-09-01 17:35:09,622 INFO o.a.j.JMeter: java.awt.headless=true
2026-09-01 17:35:09,622 INFO o.a.j.JMeter: Max memory     =1073741824
2026-09-01 17:35:09,622 INFO o.a.j.JMeter: Available Processors =10
2026-09-01 17:35:09,627 INFO o.a.j.JMeter: Default Locale=English (EN)
2026-09-01 17:35:09,627 INFO o.a.j.JMeter: JMeter  Locale=English (EN)
2026-09-01 17:35:09,627 INFO o.a.j.JMeter: JMeterHome=/opt/homebrew/Cellar/jmeter/5.6.3/libexec
2026-09-01 17:35:09,627 INFO o.a.j.JMeter: user.dir  =/Users/kunda/Documents/hw/hw05
2026-09-01 17:35:09,627 INFO o.a.j.JMeter: PWD       =/Users/kunda/Documents/hw/hw05
2026-09-01 17:35:09,629 INFO o.a.j.JMeter: IP: 127.0.0.1 Name: MacBook-Air-cua-KunDa.local FullName: localhost
2026-09-01 17:35:09,637 INFO o.a.j.JMeter: Setting property 'jmeter.reportgenerator.outputdir' to:'/Users/kunda/Documents/hw/hw05/reports/23127035_Spike_20260831'
2026-09-01 17:35:09,638 INFO o.a.j.s.FileServer: Default base='/Users/kunda/Documents/hw/hw05'
2026-09-01 17:35:09,639 INFO o.a.j.s.FileServer: Set new base='/Users/kunda/Documents/hw/hw05/test-plans'
2026-09-01 17:35:09,714 INFO o.a.j.s.SaveService: Testplan (JMX) version: 2.2. Testlog (JTL) version: 2.2
2026-09-01 17:35:09,729 INFO o.a.j.s.SaveService: Using SaveService properties version 5.0
2026-09-01 17:35:09,730 INFO o.a.j.s.SaveService: Using SaveService properties file encoding UTF-8
2026-09-01 17:35:09,731 INFO o.a.j.s.SaveService: Loading file: /Users/kunda/Documents/hw/hw05/test-plans/23127035_Spike_20260831.jmx
2026-09-01 17:35:09,757 INFO o.a.j.p.h.s.HTTPSamplerBase: Parser for text/html is org.apache.jmeter.protocol.http.parser.LagartoBasedHtmlParser
2026-09-01 17:35:09,757 INFO o.a.j.p.h.s.HTTPSamplerBase: Parser for application/xhtml+xml is org.apache.jmeter.protocol.http.parser.LagartoBasedHtmlParser
2026-09-01 17:35:09,757 INFO o.a.j.p.h.s.HTTPSamplerBase: Parser for application/xml is org.apache.jmeter.protocol.http.parser.LagartoBasedHtmlParser
2026-09-01 17:35:09,758 INFO o.a.j.p.h.s.HTTPSamplerBase: Parser for text/xml is org.apache.jmeter.protocol.http.parser.LagartoBasedHtmlParser
2026-09-01 17:35:09,758 INFO o.a.j.p.h.s.HTTPSamplerBase: Parser for text/vnd.wap.wml is org.apache.jmeter.protocol.http.parser.RegexpHTMLParser
2026-09-01 17:35:09,758 INFO o.a.j.p.h.s.HTTPSamplerBase: Parser for text/css is org.apache.jmeter.protocol.http.parser.CssParser
2026-09-01 17:35:09,787 INFO o.a.j.JMeter: Creating summariser <summary>
2026-09-01 17:35:09,789 INFO o.a.j.r.d.ReportGenerator: ReportGenerator will use for Parsing the separator: ','
2026-09-01 17:35:09,789 INFO o.a.j.r.d.ReportGenerator: Will generate report at end of test from  results file: /Users/kunda/Documents/hw/hw05/results/23127035_Spike_20260831.jtl
2026-09-01 17:35:09,789 INFO o.a.j.r.d.ReportGenerator: Reading report generator properties from: /opt/homebrew/Cellar/jmeter/5.6.3/libexec/bin/reportgenerator.properties
2026-09-01 17:35:09,790 INFO o.a.j.r.d.ReportGenerator: Merging with JMeter properties
2026-09-01 17:35:09,791 INFO o.a.j.r.c.ReportGeneratorConfiguration: Property 'jmeter.reportgenerator.temp_dir' not found, using default value 'temp' instead.
2026-09-01 17:35:09,792 INFO o.a.j.r.c.ReportGeneratorConfiguration: Property 'jmeter.reportgenerator.apdex_per_transaction' not found, using default value 'null' instead.
2026-09-01 17:35:09,792 INFO o.a.j.r.c.ReportGeneratorConfiguration: apdex_per_transaction is empty, not APDEX per transaction customization
2026-09-01 17:35:09,792 INFO o.a.j.r.c.ReportGeneratorConfiguration: Property 'jmeter.reportgenerator.sample_filter' not found, using default value 'null' instead.
2026-09-01 17:35:09,792 INFO o.a.j.r.c.ReportGeneratorConfiguration: Property 'jmeter.reportgenerator.report_title' not found, using default value 'null' instead.
2026-09-01 17:35:09,792 INFO o.a.j.r.c.ReportGeneratorConfiguration: Property 'jmeter.reportgenerator.start_date' not found, using default value 'null' instead.
2026-09-01 17:35:09,792 INFO o.a.j.r.c.ReportGeneratorConfiguration: Property 'jmeter.reportgenerator.end_date' not found, using default value 'null' instead.
2026-09-01 17:35:09,792 INFO o.a.j.r.c.ReportGeneratorConfiguration: Property 'jmeter.reportgenerator.date_format' not found, using default value 'null' instead.
2026-09-01 17:35:09,792 INFO o.a.j.r.c.ReportGeneratorConfiguration: Will use date range start date: null, end date: null
2026-09-01 17:35:09,793 INFO o.a.j.r.c.ReportGeneratorConfiguration: Property 'jmeter.reportgenerator.graph.totalTPS.exclude_controllers' not found, using default value 'false' instead.
2026-09-01 17:35:09,793 INFO o.a.j.r.c.ReportGeneratorConfiguration: Property 'jmeter.reportgenerator.graph.activeThreadsOverTime.exclude_controllers' not found, using default value 'false' instead.
2026-09-01 17:35:09,793 INFO o.a.j.r.c.ReportGeneratorConfiguration: Property 'jmeter.reportgenerator.graph.timeVsThreads.exclude_controllers' not found, using default value 'false' instead.
2026-09-01 17:35:09,794 INFO o.a.j.r.c.ReportGeneratorConfiguration: Property 'jmeter.reportgenerator.graph.responseTimeDistribution.exclude_controllers' not found, using default value 'false' instead.
2026-09-01 17:35:09,794 INFO o.a.j.r.c.ReportGeneratorConfiguration: Property 'jmeter.reportgenerator.graph.transactionsPerSecond.exclude_controllers' not found, using default value 'false' instead.
2026-09-01 17:35:09,794 INFO o.a.j.r.c.ReportGeneratorConfiguration: Property 'jmeter.reportgenerator.graph.responseTimePercentiles.exclude_controllers' not found, using default value 'false' instead.
2026-09-01 17:35:09,794 INFO o.a.j.r.c.ReportGeneratorConfiguration: Property 'jmeter.reportgenerator.graph.responseTimePercentilesOverTime.exclude_controllers' not found, using default value 'false' instead.
2026-09-01 17:35:09,794 INFO o.a.j.r.c.ReportGeneratorConfiguration: Property 'jmeter.reportgenerator.graph.responseTimesOverTime.exclude_controllers' not found, using default value 'false' instead.
2026-09-01 17:35:09,794 INFO o.a.j.r.c.ReportGeneratorConfiguration: Property 'jmeter.reportgenerator.graph.connectTimeOverTime.exclude_controllers' not found, using default value 'false' instead.
2026-09-01 17:35:09,794 INFO o.a.j.r.c.ReportGeneratorConfiguration: Property 'jmeter.reportgenerator.graph.latenciesOverTime.exclude_controllers' not found, using default value 'false' instead.
2026-09-01 17:35:09,794 INFO o.a.j.r.c.ReportGeneratorConfiguration: Property 'jmeter.reportgenerator.exporter.json.filters_only_sample_series' not found, using default value 'true' instead.
2026-09-01 17:35:09,794 INFO o.a.j.r.c.ReportGeneratorConfiguration: Property 'jmeter.reportgenerator.exporter.json.series_filter' not found, using default value '' instead.
2026-09-01 17:35:09,794 INFO o.a.j.r.c.ReportGeneratorConfiguration: Property 'jmeter.reportgenerator.exporter.json.show_controllers_only' not found, using default value 'false' instead.
2026-09-01 17:35:09,794 INFO o.a.j.r.c.ReportGeneratorConfiguration: Property 'jmeter.reportgenerator.exporter.html.filters_only_sample_series' not found, using default value 'true' instead.
2026-09-01 17:35:09,794 INFO o.a.j.r.c.ReportGeneratorConfiguration: Property 'jmeter.reportgenerator.exporter.html.series_filter' not found, using default value '' instead.
2026-09-01 17:35:09,794 INFO o.a.j.r.c.ReportGeneratorConfiguration: Property 'jmeter.reportgenerator.exporter.html.show_controllers_only' not found, using default value 'false' instead.
2026-09-01 17:35:09,799 INFO o.a.j.e.StandardJMeterEngine: Running the test!
2026-09-01 17:35:09,800 INFO o.a.j.s.SampleEvent: List of sample_variables: []
2026-09-01 17:35:09,800 INFO o.a.j.s.SampleEvent: List of sample_variables: []
2026-09-01 17:35:09,801 INFO o.a.j.e.u.CompoundVariable: Note: Function class names must contain the string: '.functions.'
2026-09-01 17:35:09,801 INFO o.a.j.e.u.CompoundVariable: Note: Function class names must not contain the string: '.gui.'
2026-09-01 17:35:09,815 INFO o.a.j.r.ClassFinder: Will scan jar /opt/homebrew/Cellar/jmeter/5.6.3/libexec/lib/ext/jmeter-plugins-manager-1.9.jar with filter ExtendsClassFilter [parents=[interface org.apache.jmeter.functions.Function], inner=false, contains=null, notContains=null]. Consider exposing JMeter plugins via META-INF/services, and add JMeter-Skip-Class-Scanning=true manifest attribute so JMeter can skip classfile scanning
2026-09-01 17:35:09,934 INFO o.a.j.JMeter: Running test (1788258909934)
2026-09-01 17:35:09,942 INFO o.a.j.e.StandardJMeterEngine: Starting ThreadGroup: 1 : Spike baseline - 3 VUs
2026-09-01 17:35:09,942 INFO o.a.j.e.StandardJMeterEngine: Starting 3 threads for group Spike baseline - 3 VUs.
2026-09-01 17:35:09,943 INFO o.a.j.e.StandardJMeterEngine: Thread will continue on error
2026-09-01 17:35:09,943 INFO o.a.j.t.ThreadGroup: Starting thread group... number=1 threads=3 ramp-up=5 delayedStart=false
2026-09-01 17:35:09,945 INFO o.a.j.t.ThreadGroup: Started thread group number 1
2026-09-01 17:35:09,945 INFO o.a.j.e.StandardJMeterEngine: Starting ThreadGroup: 2 : Spike burst - 30 VUs
2026-09-01 17:35:09,945 INFO o.a.j.e.StandardJMeterEngine: Starting 30 threads for group Spike burst - 30 VUs.
2026-09-01 17:35:09,945 INFO o.a.j.e.StandardJMeterEngine: Thread will continue on error
2026-09-01 17:35:09,945 INFO o.a.j.t.ThreadGroup: Starting thread group... number=2 threads=30 ramp-up=1 delayedStart=false
2026-09-01 17:35:09,949 INFO o.a.j.t.JMeterThread: Thread started: Spike baseline - 3 VUs 1-1
2026-09-01 17:35:09,950 INFO o.a.j.s.FileServer: Stored: ../data/performance_users.csv
2026-09-01 17:35:09,953 INFO o.a.j.t.ThreadGroup: Started thread group number 2
2026-09-01 17:35:09,953 INFO o.a.j.e.StandardJMeterEngine: Starting ThreadGroup: 3 : Spike recovery - 3 VUs
2026-09-01 17:35:09,954 INFO o.a.j.e.StandardJMeterEngine: Starting 3 threads for group Spike recovery - 3 VUs.
2026-09-01 17:35:09,954 INFO o.a.j.e.StandardJMeterEngine: Thread will continue on error
2026-09-01 17:35:09,954 INFO o.a.j.t.ThreadGroup: Starting thread group... number=3 threads=3 ramp-up=1 delayedStart=false
2026-09-01 17:35:09,954 INFO o.a.j.t.ThreadGroup: Started thread group number 3
2026-09-01 17:35:09,954 INFO o.a.j.e.StandardJMeterEngine: All thread groups have been started
2026-09-01 17:35:10,567 INFO o.a.j.p.h.s.HTTPHCAbstractImpl: Local host = MacBook-Air-cua-KunDa.local
2026-09-01 17:35:10,572 INFO o.a.j.p.h.s.HTTPHC4Impl: HTTP request retry count = 0
2026-09-01 17:35:10,573 INFO o.a.j.s.SampleResult: Note: Sample TimeStamps are START times
2026-09-01 17:35:10,573 INFO o.a.j.s.SampleResult: sampleresult.default.encoding is set to UTF-8
2026-09-01 17:35:10,573 INFO o.a.j.s.SampleResult: sampleresult.useNanoTime=true
2026-09-01 17:35:10,573 INFO o.a.j.s.SampleResult: sampleresult.nanoThreadSleep=5000
2026-09-01 17:35:11,615 INFO o.a.j.t.JMeterThread: Thread started: Spike baseline - 3 VUs 1-2
2026-09-01 17:35:13,287 INFO o.a.j.t.JMeterThread: Thread started: Spike baseline - 3 VUs 1-3
2026-09-01 17:35:30,006 INFO o.a.j.r.Summariser: summary +    149 in 00:00:20 =    7.4/s Avg:     3 Min:     1 Max:    50 Err:     0 (0.00%) Active: 3 Started: 3 Finished: 0
2026-09-01 17:35:54,757 INFO o.a.j.t.JMeterThread: Thread finished: Spike baseline - 3 VUs 1-2
2026-09-01 17:35:54,809 INFO o.a.j.t.JMeterThread: Thread finished: Spike baseline - 3 VUs 1-3
2026-09-01 17:35:54,917 INFO o.a.j.t.JMeterThread: Thread finished: Spike baseline - 3 VUs 1-1
2026-09-01 17:35:54,950 INFO o.a.j.t.JMeterThread: Thread started: Spike burst - 30 VUs 2-1
2026-09-01 17:35:54,985 INFO o.a.j.t.JMeterThread: Thread started: Spike burst - 30 VUs 2-2
2026-09-01 17:35:55,018 INFO o.a.j.t.JMeterThread: Thread started: Spike burst - 30 VUs 2-3
2026-09-01 17:35:55,054 INFO o.a.j.t.JMeterThread: Thread started: Spike burst - 30 VUs 2-4
2026-09-01 17:35:55,083 INFO o.a.j.t.JMeterThread: Thread started: Spike burst - 30 VUs 2-5
2026-09-01 17:35:55,120 INFO o.a.j.t.JMeterThread: Thread started: Spike burst - 30 VUs 2-6
2026-09-01 17:35:55,152 INFO o.a.j.t.JMeterThread: Thread started: Spike burst - 30 VUs 2-7
2026-09-01 17:35:55,186 INFO o.a.j.t.JMeterThread: Thread started: Spike burst - 30 VUs 2-8
2026-09-01 17:35:55,219 INFO o.a.j.t.JMeterThread: Thread started: Spike burst - 30 VUs 2-9
2026-09-01 17:35:55,251 INFO o.a.j.t.JMeterThread: Thread started: Spike burst - 30 VUs 2-10
2026-09-01 17:35:55,285 INFO o.a.j.t.JMeterThread: Thread started: Spike burst - 30 VUs 2-11
2026-09-01 17:35:55,318 INFO o.a.j.t.JMeterThread: Thread started: Spike burst - 30 VUs 2-12
2026-09-01 17:35:55,349 INFO o.a.j.t.JMeterThread: Thread started: Spike burst - 30 VUs 2-13
2026-09-01 17:35:55,381 INFO o.a.j.t.JMeterThread: Thread started: Spike burst - 30 VUs 2-14
2026-09-01 17:35:55,418 INFO o.a.j.t.JMeterThread: Thread started: Spike burst - 30 VUs 2-15
2026-09-01 17:35:55,447 INFO o.a.j.t.JMeterThread: Thread started: Spike burst - 30 VUs 2-16
2026-09-01 17:35:55,484 INFO o.a.j.t.JMeterThread: Thread started: Spike burst - 30 VUs 2-17
2026-09-01 17:35:55,517 INFO o.a.j.t.JMeterThread: Thread started: Spike burst - 30 VUs 2-18
2026-09-01 17:35:55,547 INFO o.a.j.t.JMeterThread: Thread started: Spike burst - 30 VUs 2-19
2026-09-01 17:35:55,582 INFO o.a.j.t.JMeterThread: Thread started: Spike burst - 30 VUs 2-20
2026-09-01 17:35:55,613 INFO o.a.j.t.JMeterThread: Thread started: Spike burst - 30 VUs 2-21
2026-09-01 17:35:55,646 INFO o.a.j.t.JMeterThread: Thread started: Spike burst - 30 VUs 2-22
2026-09-01 17:35:55,679 INFO o.a.j.t.JMeterThread: Thread started: Spike burst - 30 VUs 2-23
2026-09-01 17:35:55,711 INFO o.a.j.t.JMeterThread: Thread started: Spike burst - 30 VUs 2-24
2026-09-01 17:35:55,743 INFO o.a.j.t.JMeterThread: Thread started: Spike burst - 30 VUs 2-25
2026-09-01 17:35:55,776 INFO o.a.j.t.JMeterThread: Thread started: Spike burst - 30 VUs 2-26
2026-09-01 17:35:55,811 INFO o.a.j.t.JMeterThread: Thread started: Spike burst - 30 VUs 2-27
2026-09-01 17:35:55,844 INFO o.a.j.t.JMeterThread: Thread started: Spike burst - 30 VUs 2-28
2026-09-01 17:35:55,879 INFO o.a.j.t.JMeterThread: Thread started: Spike burst - 30 VUs 2-29
2026-09-01 17:35:55,908 INFO o.a.j.t.JMeterThread: Thread started: Spike burst - 30 VUs 2-30
2026-09-01 17:36:00,004 INFO o.a.j.r.Summariser: summary +    587 in 00:00:30 =   19.6/s Avg:     1 Min:     0 Max:    13 Err:     0 (0.00%) Active: 30 Started: 33 Finished: 3
2026-09-01 17:36:00,004 INFO o.a.j.r.Summariser: summary =    736 in 00:00:50 =   14.7/s Avg:     2 Min:     0 Max:    50 Err:     0 (0.00%)
2026-09-01 17:36:24,490 INFO o.a.j.t.JMeterThread: Thread finished: Spike burst - 30 VUs 2-28
2026-09-01 17:36:24,503 INFO o.a.j.t.JMeterThread: Thread finished: Spike burst - 30 VUs 2-18
2026-09-01 17:36:24,543 INFO o.a.j.t.JMeterThread: Thread finished: Spike burst - 30 VUs 2-8
2026-09-01 17:36:24,580 INFO o.a.j.t.JMeterThread: Thread finished: Spike burst - 30 VUs 2-26
2026-09-01 17:36:24,620 INFO o.a.j.t.JMeterThread: Thread finished: Spike burst - 30 VUs 2-10
2026-09-01 17:36:24,629 INFO o.a.j.t.JMeterThread: Thread finished: Spike burst - 30 VUs 2-20
2026-09-01 17:36:24,658 INFO o.a.j.t.JMeterThread: Thread finished: Spike burst - 30 VUs 2-19
2026-09-01 17:36:24,676 INFO o.a.j.t.JMeterThread: Thread finished: Spike burst - 30 VUs 2-21
2026-09-01 17:36:24,682 INFO o.a.j.t.JMeterThread: Thread finished: Spike burst - 30 VUs 2-22
2026-09-01 17:36:24,686 INFO o.a.j.t.JMeterThread: Thread finished: Spike burst - 30 VUs 2-11
2026-09-01 17:36:24,719 INFO o.a.j.t.JMeterThread: Thread finished: Spike burst - 30 VUs 2-2
2026-09-01 17:36:24,721 INFO o.a.j.t.JMeterThread: Thread finished: Spike burst - 30 VUs 2-29
2026-09-01 17:36:24,726 INFO o.a.j.t.JMeterThread: Thread finished: Spike burst - 30 VUs 2-17
2026-09-01 17:36:24,726 INFO o.a.j.t.JMeterThread: Thread finished: Spike burst - 30 VUs 2-16
2026-09-01 17:36:24,731 INFO o.a.j.t.JMeterThread: Thread finished: Spike burst - 30 VUs 2-27
2026-09-01 17:36:24,732 INFO o.a.j.t.JMeterThread: Thread finished: Spike burst - 30 VUs 2-14
2026-09-01 17:36:24,739 INFO o.a.j.t.JMeterThread: Thread finished: Spike burst - 30 VUs 2-3
2026-09-01 17:36:24,769 INFO o.a.j.t.JMeterThread: Thread finished: Spike burst - 30 VUs 2-4
2026-09-01 17:36:24,769 INFO o.a.j.t.JMeterThread: Thread finished: Spike burst - 30 VUs 2-1
2026-09-01 17:36:24,783 INFO o.a.j.t.JMeterThread: Thread finished: Spike burst - 30 VUs 2-12
2026-09-01 17:36:24,808 INFO o.a.j.t.JMeterThread: Thread finished: Spike burst - 30 VUs 2-23
2026-09-01 17:36:24,808 INFO o.a.j.t.JMeterThread: Thread finished: Spike burst - 30 VUs 2-7
2026-09-01 17:36:24,809 INFO o.a.j.t.JMeterThread: Thread finished: Spike burst - 30 VUs 2-5
2026-09-01 17:36:24,818 INFO o.a.j.t.JMeterThread: Thread finished: Spike burst - 30 VUs 2-6
2026-09-01 17:36:24,825 INFO o.a.j.t.JMeterThread: Thread finished: Spike burst - 30 VUs 2-9
2026-09-01 17:36:24,840 INFO o.a.j.t.JMeterThread: Thread finished: Spike burst - 30 VUs 2-30
2026-09-01 17:36:24,868 INFO o.a.j.t.JMeterThread: Thread finished: Spike burst - 30 VUs 2-15
2026-09-01 17:36:24,876 INFO o.a.j.t.JMeterThread: Thread finished: Spike burst - 30 VUs 2-24
2026-09-01 17:36:24,912 INFO o.a.j.t.JMeterThread: Thread finished: Spike burst - 30 VUs 2-13
2026-09-01 17:36:24,951 INFO o.a.j.t.JMeterThread: Thread finished: Spike burst - 30 VUs 2-25
2026-09-01 17:36:24,959 INFO o.a.j.t.JMeterThread: Thread started: Spike recovery - 3 VUs 3-1
2026-09-01 17:36:25,293 INFO o.a.j.t.JMeterThread: Thread started: Spike recovery - 3 VUs 3-2
2026-09-01 17:36:25,630 INFO o.a.j.t.JMeterThread: Thread started: Spike recovery - 3 VUs 3-3
2026-09-01 17:36:30,092 INFO o.a.j.r.Summariser: summary +   2144 in 00:00:30 =   71.3/s Avg:     1 Min:     0 Max:    10 Err:     0 (0.00%) Active: 3 Started: 36 Finished: 33
2026-09-01 17:36:30,093 INFO o.a.j.r.Summariser: summary =   2880 in 00:01:20 =   35.9/s Avg:     1 Min:     0 Max:    50 Err:     0 (0.00%)
2026-09-01 17:37:00,188 INFO o.a.j.r.Summariser: summary +    255 in 00:00:30 =    8.5/s Avg:     2 Min:     0 Max:     5 Err:     0 (0.00%) Active: 3 Started: 36 Finished: 33
2026-09-01 17:37:00,190 INFO o.a.j.r.Summariser: summary =   3135 in 00:01:50 =   28.4/s Avg:     1 Min:     0 Max:    50 Err:     0 (0.00%)
2026-09-01 17:37:09,625 INFO o.a.j.t.JMeterThread: Thread finished: Spike recovery - 3 VUs 3-2
2026-09-01 17:37:09,783 INFO o.a.j.t.JMeterThread: Thread finished: Spike recovery - 3 VUs 3-3
2026-09-01 17:37:09,809 INFO o.a.j.t.JMeterThread: Thread finished: Spike recovery - 3 VUs 3-1
2026-09-01 17:37:09,810 INFO o.a.j.e.StandardJMeterEngine: Notifying test listeners of end of test
2026-09-01 17:37:09,810 INFO o.a.j.s.FileServer: Close: ../data/performance_users.csv
2026-09-01 17:37:09,818 INFO o.a.j.r.Summariser: summary +     81 in 00:00:10 =    8.4/s Avg:     2 Min:     0 Max:     5 Err:     0 (0.00%) Active: 0 Started: 36 Finished: 36
2026-09-01 17:37:09,818 INFO o.a.j.r.Summariser: summary =   3216 in 00:02:00 =   26.8/s Avg:     1 Min:     0 Max:    50 Err:     0 (0.00%)
2026-09-01 17:37:09,819 INFO o.a.j.JMeter: Generating Dashboard
2026-09-01 17:37:09,819 INFO o.a.j.r.d.ReportGenerator: Flushing result collector before report Generation
2026-09-01 17:37:09,834 INFO o.a.j.r.p.NormalizerSampleConsumer: Using format, 'ms', to parse timeStamp field
2026-09-01 17:37:09,909 INFO o.a.j.r.p.AbstractSampleConsumer: class org.apache.jmeter.report.processor.AggregateConsumer#stopProducing(): beginDate produced 0 samples
2026-09-01 17:37:09,909 INFO o.a.j.r.p.AbstractSampleConsumer: class org.apache.jmeter.report.processor.AggregateConsumer#stopProducing(): endDate produced 0 samples
2026-09-01 17:37:09,909 INFO o.a.j.r.p.AbstractSampleConsumer: class org.apache.jmeter.report.processor.ApdexSummaryConsumer#stopProducing(): apdexSummary produced 0 samples
2026-09-01 17:37:09,910 INFO o.a.j.r.p.AbstractSampleConsumer: class org.apache.jmeter.report.processor.RequestsSummaryConsumer#stopProducing(): requestsSummary produced 0 samples
2026-09-01 17:37:09,912 INFO o.a.j.r.p.AbstractSampleConsumer: class org.apache.jmeter.report.processor.StatisticsSummaryConsumer#stopProducing(): statisticsSummary produced 0 samples
2026-09-01 17:37:09,913 INFO o.a.j.r.p.AbstractSampleConsumer: class org.apache.jmeter.report.processor.Top5ErrorsBySamplerConsumer#stopProducing(): top5ErrorsBySampler produced 0 samples
2026-09-01 17:37:09,913 INFO o.a.j.r.p.AbstractSampleConsumer: class org.apache.jmeter.report.processor.ErrorsSummaryConsumer#stopProducing(): errorsSummary produced 0 samples
2026-09-01 17:37:09,913 INFO o.a.j.r.p.AbstractSampleConsumer: class org.apache.jmeter.report.processor.graph.impl.HitsPerSecondGraphConsumer#stopProducing(): hitsPerSecond produced 0 samples
2026-09-01 17:37:09,932 INFO o.a.j.r.p.AbstractSampleConsumer: class org.apache.jmeter.report.processor.graph.impl.LatencyVSRequestGraphConsumer#stopProducing(): latencyVsRequest produced 0 samples
2026-09-01 17:37:09,932 INFO o.a.j.r.p.AbstractSampleConsumer: class org.apache.jmeter.report.processor.graph.impl.SyntheticResponseTimeDistributionGraphConsumer#stopProducing(): syntheticResponseTimeDistribution produced 0 samples
2026-09-01 17:37:09,932 INFO o.a.j.r.p.AbstractSampleConsumer: class org.apache.jmeter.report.processor.graph.impl.BytesThroughputGraphConsumer#stopProducing(): bytesThroughputOverTime produced 0 samples
2026-09-01 17:37:09,932 INFO o.a.j.r.p.AbstractSampleConsumer: class org.apache.jmeter.report.processor.graph.impl.CodesPerSecondGraphConsumer#stopProducing(): codesPerSecond produced 0 samples
2026-09-01 17:37:09,940 INFO o.a.j.r.p.AbstractSampleConsumer: class org.apache.jmeter.report.processor.graph.impl.ResponseTimeVSRequestGraphConsumer#stopProducing(): responseTimeVsRequest produced 0 samples
2026-09-01 17:37:09,940 INFO o.a.j.r.p.AbstractSampleConsumer: class org.apache.jmeter.report.processor.FilterConsumer#stopProducing(): startIntervalControlerFilter produced 22512 samples
2026-09-01 17:37:09,940 INFO o.a.j.r.p.AbstractSampleConsumer: class org.apache.jmeter.report.processor.graph.impl.TotalTPSGraphConsumer#stopProducing(): totalTPS produced 0 samples
2026-09-01 17:37:09,940 INFO o.a.j.r.p.AbstractSampleConsumer: class org.apache.jmeter.report.processor.graph.impl.ActiveThreadsGraphConsumer#stopProducing(): activeThreadsOverTime produced 0 samples
2026-09-01 17:37:09,940 INFO o.a.j.r.p.AbstractSampleConsumer: class org.apache.jmeter.report.processor.graph.impl.TimeVSThreadGraphConsumer#stopProducing(): timeVsThreads produced 0 samples
2026-09-01 17:37:09,940 INFO o.a.j.r.p.AbstractSampleConsumer: class org.apache.jmeter.report.processor.graph.impl.ResponseTimeDistributionGraphConsumer#stopProducing(): responseTimeDistribution produced 0 samples
2026-09-01 17:37:09,940 INFO o.a.j.r.p.AbstractSampleConsumer: class org.apache.jmeter.report.processor.graph.impl.TransactionsPerSecondGraphConsumer#stopProducing(): transactionsPerSecond produced 0 samples
2026-09-01 17:37:09,940 INFO o.a.j.r.p.AbstractSampleConsumer: class org.apache.jmeter.report.processor.graph.impl.ResponseTimePercentilesGraphConsumer#stopProducing(): responseTimePercentiles produced 0 samples
2026-09-01 17:37:09,941 INFO o.a.j.r.p.AbstractSampleConsumer: class org.apache.jmeter.report.processor.graph.impl.ResponseTimePercentilesOverTimeGraphConsumer#stopProducing(): responseTimePercentilesOverTime produced 0 samples
2026-09-01 17:37:09,941 INFO o.a.j.r.p.AbstractSampleConsumer: class org.apache.jmeter.report.processor.graph.impl.ResponseTimeOverTimeGraphConsumer#stopProducing(): responseTimesOverTime produced 0 samples
2026-09-01 17:37:09,941 INFO o.a.j.r.p.AbstractSampleConsumer: class org.apache.jmeter.report.processor.graph.impl.ConnectTimeOverTimeGraphConsumer#stopProducing(): connectTimeOverTime produced 0 samples
2026-09-01 17:37:09,941 INFO o.a.j.r.p.AbstractSampleConsumer: class org.apache.jmeter.report.processor.graph.impl.LatencyOverTimeGraphConsumer#stopProducing(): latenciesOverTime produced 0 samples
2026-09-01 17:37:09,941 INFO o.a.j.r.p.AbstractSampleConsumer: class org.apache.jmeter.report.processor.FilterConsumer#stopProducing(): nameFilter produced 48240 samples
2026-09-01 17:37:09,941 INFO o.a.j.r.p.AbstractSampleConsumer: class org.apache.jmeter.report.processor.FilterConsumer#stopProducing(): dateRangeFilter produced 9648 samples
2026-09-01 17:37:09,941 INFO o.a.j.r.p.AbstractSampleConsumer: class org.apache.jmeter.report.processor.NormalizerSampleConsumer#stopProducing(): normalizer produced 3216 samples
2026-09-01 17:37:09,942 INFO o.a.j.r.p.CsvFileSampleSource: produce(): 3216 samples produced in 96ms on channel 0
2026-09-01 17:37:09,942 INFO o.a.j.r.d.ReportGenerator: Exporting data using exporter:'json' of className:'org.apache.jmeter.report.dashboard.JsonExporter'
2026-09-01 17:37:09,980 INFO o.a.j.r.d.JsonExporter: Found data for consumer statisticsSummary in context
2026-09-01 17:37:09,980 INFO o.a.j.r.d.JsonExporter: Creating statistics for overall
2026-09-01 17:37:09,981 INFO o.a.j.r.d.JsonExporter: Creating statistics for other transactions
2026-09-01 17:37:09,981 INFO o.a.j.r.d.JsonExporter: Checking output folder
2026-09-01 17:37:09,981 INFO o.a.j.r.d.JsonExporter: Writing statistics JSON to /Users/kunda/Documents/hw/hw05/reports/23127035_Spike_20260831/statistics.json
2026-09-01 17:37:10,005 INFO o.a.j.r.d.ReportGenerator: Exporting data using exporter:'html' of className:'org.apache.jmeter.report.dashboard.HtmlTemplateExporter'
2026-09-01 17:37:10,006 INFO o.a.j.r.d.HtmlTemplateExporter: Will generate dashboard in folder: /Users/kunda/Documents/hw/hw05/reports/23127035_Spike_20260831
2026-09-01 17:37:10,043 INFO o.a.j.r.d.HtmlTemplateExporter: Report will be generated in: /Users/kunda/Documents/hw/hw05/reports/23127035_Spike_20260831, creating folder structure
2026-09-01 17:37:10,044 INFO o.a.j.r.d.TemplateVisitor: Copying folder from '/opt/homebrew/Cellar/jmeter/5.6.3/libexec/bin/report-template' to '/Users/kunda/Documents/hw/hw05/reports/23127035_Spike_20260831', got message: /Users/kunda/Documents/hw/hw05/reports/23127035_Spike_20260831, found non empty folder with following content [/Users/kunda/Documents/hw/hw05/reports/23127035_Spike_20260831/statistics.json], will be ignored
2026-09-01 17:37:10,154 INFO o.a.j.JMeter: Dashboard generated
