WARNING: package sun.awt.X11 not in java.desktop
WARN StatusConsoleListener The use of package scanning to locate plugins is deprecated and will be removed in a future release
WARN StatusConsoleListener The use of package scanning to locate plugins is deprecated and will be removed in a future release
WARN StatusConsoleListener The use of package scanning to locate plugins is deprecated and will be removed in a future release
WARN StatusConsoleListener The use of package scanning to locate plugins is deprecated and will be removed in a future release
Creating summariser <summary>
Created the tree successfully using /Users/kunda/Documents/hw/hw05/test-plans/23127035_Load_20260831.jmx
Starting standalone test @ 2026 Aug 31 17:35:22 ICT (1788172522795)
Waiting for possible Shutdown/StopTestNow/HeapDump/ThreadDump message on port 4445
summary +     38 in 00:00:07 =    5.2/s Avg:     4 Min:     2 Max:    24 Err:     0 (0.00%) Active: 3 Started: 3 Finished: 0
summary +    478 in 00:00:30 =   16.0/s Avg:     2 Min:     0 Max:     9 Err:     0 (0.00%) Active: 6 Started: 6 Finished: 0
summary =    516 in 00:00:37 =   13.9/s Avg:     2 Min:     0 Max:    24 Err:     0 (0.00%)
summary +    503 in 00:00:30 =   16.8/s Avg:     2 Min:     0 Max:     9 Err:     0 (0.00%) Active: 6 Started: 6 Finished: 0
summary =   1019 in 00:01:07 =   15.2/s Avg:     2 Min:     0 Max:    24 Err:     0 (0.00%)
summary +    490 in 00:00:30 =   16.3/s Avg:     2 Min:     0 Max:     8 Err:     0 (0.00%) Active: 6 Started: 6 Finished: 0
summary =   1509 in 00:01:37 =   15.5/s Avg:     2 Min:     0 Max:    24 Err:     0 (0.00%)
summary +    387 in 00:00:23 =   16.9/s Avg:     2 Min:     0 Max:     6 Err:     0 (0.00%) Active: 0 Started: 6 Finished: 6
summary =   1896 in 00:02:00 =   15.8/s Avg:     2 Min:     0 Max:    24 Err:     0 (0.00%)
Tidying up ...    @ 2026 Aug 31 17:37:22 ICT (1788172642910)
... end of run
