WARNING: package sun.awt.X11 not in java.desktop
WARN StatusConsoleListener The use of package scanning to locate plugins is deprecated and will be removed in a future release
WARN StatusConsoleListener The use of package scanning to locate plugins is deprecated and will be removed in a future release
WARN StatusConsoleListener The use of package scanning to locate plugins is deprecated and will be removed in a future release
WARN StatusConsoleListener The use of package scanning to locate plugins is deprecated and will be removed in a future release
Creating summariser <summary>
Created the tree successfully using /Users/kunda/Documents/hw/hw05/test-plans/23127035_Load_20260903.jmx
Starting standalone test @ 2026 Sep 3 17:43:16 ICT (1788432196806)
Waiting for possible Shutdown/StopTestNow/HeapDump/ThreadDump message on port 4445
summary +    103 in 00:00:13 =    7.9/s Avg:     3 Min:     1 Max:    22 Err:     0 (0.00%) Active: 6 Started: 6 Finished: 0
summary +    492 in 00:00:30 =   16.4/s Avg:     3 Min:     1 Max:     7 Err:     0 (0.00%) Active: 6 Started: 6 Finished: 0
summary =    595 in 00:00:43 =   13.8/s Avg:     3 Min:     1 Max:    22 Err:     0 (0.00%)
summary +    510 in 00:00:30 =   17.0/s Avg:     2 Min:     0 Max:    10 Err:     0 (0.00%) Active: 6 Started: 6 Finished: 0
summary =   1105 in 00:01:13 =   15.1/s Avg:     2 Min:     0 Max:    22 Err:     0 (0.00%)
summary +    510 in 00:00:30 =   17.0/s Avg:     2 Min:     0 Max:     7 Err:     0 (0.00%) Active: 6 Started: 6 Finished: 0
summary =   1615 in 00:01:43 =   15.7/s Avg:     2 Min:     0 Max:    22 Err:     0 (0.00%)
summary +    287 in 00:00:17 =   17.0/s Avg:     2 Min:     0 Max:     6 Err:     0 (0.00%) Active: 0 Started: 6 Finished: 6
summary =   1902 in 00:02:00 =   15.9/s Avg:     2 Min:     0 Max:    22 Err:     0 (0.00%)
Tidying up ...    @ 2026 Sep 3 17:45:16 ICT (1788432316895)
... end of run
