WARNING: package sun.awt.X11 not in java.desktop
WARN StatusConsoleListener The use of package scanning to locate plugins is deprecated and will be removed in a future release
WARN StatusConsoleListener The use of package scanning to locate plugins is deprecated and will be removed in a future release
WARN StatusConsoleListener The use of package scanning to locate plugins is deprecated and will be removed in a future release
WARN StatusConsoleListener The use of package scanning to locate plugins is deprecated and will be removed in a future release
Creating summariser <summary>
Created the tree successfully using /Users/kunda/Documents/hw/hw05/test-plans/23127035_Spike_20260903.jmx
Starting standalone test @ 2026 Sep 3 17:59:45 ICT (1788433185678)
Waiting for possible Shutdown/StopTestNow/HeapDump/ThreadDump message on port 4445
summary +    101 in 00:00:14 =    7.1/s Avg:     4 Min:     0 Max:    20 Err:     0 (0.00%) Active: 3 Started: 3 Finished: 0
summary +    249 in 00:00:30 =    8.3/s Avg:     3 Min:     1 Max:     8 Err:     0 (0.00%) Active: 3 Started: 3 Finished: 0
summary =    350 in 00:00:44 =    7.9/s Avg:     3 Min:     0 Max:    20 Err:     0 (0.00%)
summary +   2401 in 00:00:30 =   80.0/s Avg:     2 Min:     0 Max:    14 Err:     0 (0.00%) Active: 30 Started: 33 Finished: 3
summary =   2751 in 00:01:14 =   37.1/s Avg:     2 Min:     0 Max:    20 Err:     0 (0.00%)
summary +    319 in 00:00:30 =   10.6/s Avg:     2 Min:     0 Max:    11 Err:     0 (0.00%) Active: 3 Started: 36 Finished: 33
summary =   3070 in 00:01:44 =   29.5/s Avg:     2 Min:     0 Max:    20 Err:     0 (0.00%)
summary +    138 in 00:00:16 =    8.9/s Avg:     2 Min:     0 Max:     5 Err:     0 (0.00%) Active: 0 Started: 36 Finished: 36
summary =   3208 in 00:02:00 =   26.8/s Avg:     2 Min:     0 Max:    20 Err:     0 (0.00%)
Tidying up ...    @ 2026 Sep 3 18:01:45 ICT (1788433305577)
... end of run
