WARNING: package sun.awt.X11 not in java.desktop
WARN StatusConsoleListener The use of package scanning to locate plugins is deprecated and will be removed in a future release
WARN StatusConsoleListener The use of package scanning to locate plugins is deprecated and will be removed in a future release
WARN StatusConsoleListener The use of package scanning to locate plugins is deprecated and will be removed in a future release
WARN StatusConsoleListener The use of package scanning to locate plugins is deprecated and will be removed in a future release
Creating summariser <summary>
Created the tree successfully using /Users/kunda/Documents/hw/hw05/test-plans/23127035_Load_20260831.jmx
Starting standalone test @ 2026 Sep 1 17:29:26 ICT (1788258566642)
Waiting for possible Shutdown/StopTestNow/HeapDump/ThreadDump message on port 4445
summary +      8 in 00:00:03 =    2.4/s Avg:     7 Min:     4 Max:    19 Err:     0 (0.00%) Active: 2 Started: 2 Finished: 0
summary +    432 in 00:00:30 =   14.3/s Avg:     2 Min:     0 Max:     8 Err:     0 (0.00%) Active: 6 Started: 6 Finished: 0
summary =    440 in 00:00:33 =   13.2/s Avg:     3 Min:     0 Max:    19 Err:     0 (0.00%)
summary +    507 in 00:00:30 =   17.0/s Avg:     2 Min:     0 Max:     8 Err:     0 (0.00%) Active: 6 Started: 6 Finished: 0
summary =    947 in 00:01:03 =   15.0/s Avg:     2 Min:     0 Max:    19 Err:     0 (0.00%)
summary +    515 in 00:00:30 =   17.1/s Avg:     2 Min:     0 Max:    72 Err:     0 (0.00%) Active: 6 Started: 6 Finished: 0
summary =   1462 in 00:01:33 =   15.7/s Avg:     2 Min:     0 Max:    72 Err:     0 (0.00%)
summary +    450 in 00:00:27 =   16.9/s Avg:     2 Min:     0 Max:    12 Err:     0 (0.00%) Active: 0 Started: 6 Finished: 6
summary =   1912 in 00:02:00 =   15.9/s Avg:     2 Min:     0 Max:    72 Err:     0 (0.00%)
Tidying up ...    @ 2026 Sep 1 17:31:26 ICT (1788258686797)
... end of run
