2026-09-03 18:04:56,358 INFO o.a.j.u.JMeterUtils: Setting Locale to en_EN
2026-09-03 18:04:56,367 INFO o.a.j.JMeter: Loading user properties from: /opt/homebrew/Cellar/jmeter/5.6.3/libexec/bin/user.properties
2026-09-03 18:04:56,367 INFO o.a.j.JMeter: Loading system properties from: /opt/homebrew/Cellar/jmeter/5.6.3/libexec/bin/system.properties
2026-09-03 18:04:56,368 INFO o.a.j.JMeter: Setting JMeter property: jmeter.save.saveservice.output_format=csv
2026-09-03 18:04:56,368 INFO o.a.j.JMeter: Setting JMeter property: jmeter.save.saveservice.print_field_names=true
2026-09-03 18:04:56,368 INFO o.a.j.JMeter: Setting JMeter property: jmeter.save.saveservice.connect_time=true
2026-09-03 18:04:56,368 INFO o.a.j.JMeter: Setting JMeter property: jmeter.save.saveservice.latency=true
2026-09-03 18:04:56,368 INFO o.a.j.JMeter: Setting JMeter property: jmeter.save.saveservice.bytes=true
2026-09-03 18:04:56,368 INFO o.a.j.JMeter: Setting JMeter property: jmeter.save.saveservice.sent_bytes=true
2026-09-03 18:04:56,368 INFO o.a.j.JMeter: Setting JMeter property: jmeter.save.saveservice.thread_counts=true
2026-09-03 18:04:56,368 INFO o.a.j.JMeter: Setting JMeter property: jmeter.save.saveservice.assertion_results_failure_message=true
2026-09-03 18:04:56,368 INFO o.a.j.JMeter: Setting JMeter property: port=3001
2026-09-03 18:04:56,370 INFO o.a.j.JMeter: Copyright (c) 1998-2024 The Apache Software Foundation
2026-09-03 18:04:56,370 INFO o.a.j.JMeter: Version 5.6.3
2026-09-03 18:04:56,370 INFO o.a.j.JMeter: java.version=21.0.12.1
2026-09-03 18:04:56,370 INFO o.a.j.JMeter: java.vm.name=OpenJDK 64-Bit Server VM
2026-09-03 18:04:56,370 INFO o.a.j.JMeter: os.name=Mac OS X
2026-09-03 18:04:56,370 INFO o.a.j.JMeter: os.arch=aarch64
2026-09-03 18:04:56,370 INFO o.a.j.JMeter: os.version=26.5.1
2026-09-03 18:04:56,370 INFO o.a.j.JMeter: file.encoding=UTF-8
2026-09-03 18:04:56,370 INFO o.a.j.JMeter: java.awt.headless=true
2026-09-03 18:04:56,370 INFO o.a.j.JMeter: Max memory     =1073741824
2026-09-03 18:04:56,370 INFO o.a.j.JMeter: Available Processors =10
2026-09-03 18:04:56,373 INFO o.a.j.JMeter: Default Locale=English (EN)
2026-09-03 18:04:56,373 INFO o.a.j.JMeter: JMeter  Locale=English (EN)
2026-09-03 18:04:56,373 INFO o.a.j.JMeter: JMeterHome=/opt/homebrew/Cellar/jmeter/5.6.3/libexec
2026-09-03 18:04:56,373 INFO o.a.j.JMeter: user.dir  =/Users/kunda/Documents/hw/hw05
2026-09-03 18:04:56,373 INFO o.a.j.JMeter: PWD       =/Users/kunda/Documents/hw/hw05
2026-09-03 18:04:56,375 INFO o.a.j.JMeter: IP: 127.0.0.1 Name: MacBook-Air-cua-KunDa.local FullName: localhost
2026-09-03 18:04:56,382 INFO o.a.j.JMeter: Setting property 'jmeter.reportgenerator.outputdir' to:'/Users/kunda/Documents/hw/hw05/reports/23127035_Soak_20260903'
2026-09-03 18:04:56,383 INFO o.a.j.s.FileServer: Default base='/Users/kunda/Documents/hw/hw05'
2026-09-03 18:04:56,383 INFO o.a.j.s.FileServer: Set new base='/Users/kunda/Documents/hw/hw05/test-plans'
2026-09-03 18:04:56,445 INFO o.a.j.s.SaveService: Testplan (JMX) version: 2.2. Testlog (JTL) version: 2.2
2026-09-03 18:04:56,456 INFO o.a.j.s.SaveService: Using SaveService properties version 5.0
2026-09-03 18:04:56,457 INFO o.a.j.s.SaveService: Using SaveService properties file encoding UTF-8
2026-09-03 18:04:56,458 INFO o.a.j.s.SaveService: Loading file: /Users/kunda/Documents/hw/hw05/test-plans/23127035_Soak_20260903.jmx
2026-09-03 18:04:56,483 INFO o.a.j.p.h.s.HTTPSamplerBase: Parser for text/html is org.apache.jmeter.protocol.http.parser.LagartoBasedHtmlParser
2026-09-03 18:04:56,483 INFO o.a.j.p.h.s.HTTPSamplerBase: Parser for application/xhtml+xml is org.apache.jmeter.protocol.http.parser.LagartoBasedHtmlParser
2026-09-03 18:04:56,483 INFO o.a.j.p.h.s.HTTPSamplerBase: Parser for application/xml is org.apache.jmeter.protocol.http.parser.LagartoBasedHtmlParser
2026-09-03 18:04:56,483 INFO o.a.j.p.h.s.HTTPSamplerBase: Parser for text/xml is org.apache.jmeter.protocol.http.parser.LagartoBasedHtmlParser
2026-09-03 18:04:56,483 INFO o.a.j.p.h.s.HTTPSamplerBase: Parser for text/vnd.wap.wml is org.apache.jmeter.protocol.http.parser.RegexpHTMLParser
2026-09-03 18:04:56,483 INFO o.a.j.p.h.s.HTTPSamplerBase: Parser for text/css is org.apache.jmeter.protocol.http.parser.CssParser
2026-09-03 18:04:56,500 INFO o.a.j.JMeter: Creating summariser <summary>
2026-09-03 18:04:56,505 INFO o.a.j.r.d.ReportGenerator: ReportGenerator will use for Parsing the separator: ','
2026-09-03 18:04:56,505 INFO o.a.j.r.d.ReportGenerator: Will generate report at end of test from  results file: /Users/kunda/Documents/hw/hw05/results/23127035_Soak_20260903.jtl
2026-09-03 18:04:56,505 INFO o.a.j.r.d.ReportGenerator: Reading report generator properties from: /opt/homebrew/Cellar/jmeter/5.6.3/libexec/bin/reportgenerator.properties
2026-09-03 18:04:56,505 INFO o.a.j.r.d.ReportGenerator: Merging with JMeter properties
2026-09-03 18:04:56,506 INFO o.a.j.r.c.ReportGeneratorConfiguration: Property 'jmeter.reportgenerator.temp_dir' not found, using default value 'temp' instead.
2026-09-03 18:04:56,507 INFO o.a.j.r.c.ReportGeneratorConfiguration: Property 'jmeter.reportgenerator.apdex_per_transaction' not found, using default value 'null' instead.
2026-09-03 18:04:56,507 INFO o.a.j.r.c.ReportGeneratorConfiguration: apdex_per_transaction is empty, not APDEX per transaction customization
2026-09-03 18:04:56,507 INFO o.a.j.r.c.ReportGeneratorConfiguration: Property 'jmeter.reportgenerator.sample_filter' not found, using default value 'null' instead.
2026-09-03 18:04:56,507 INFO o.a.j.r.c.ReportGeneratorConfiguration: Property 'jmeter.reportgenerator.report_title' not found, using default value 'null' instead.
2026-09-03 18:04:56,507 INFO o.a.j.r.c.ReportGeneratorConfiguration: Property 'jmeter.reportgenerator.start_date' not found, using default value 'null' instead.
2026-09-03 18:04:56,507 INFO o.a.j.r.c.ReportGeneratorConfiguration: Property 'jmeter.reportgenerator.end_date' not found, using default value 'null' instead.
2026-09-03 18:04:56,507 INFO o.a.j.r.c.ReportGeneratorConfiguration: Property 'jmeter.reportgenerator.date_format' not found, using default value 'null' instead.
2026-09-03 18:04:56,507 INFO o.a.j.r.c.ReportGeneratorConfiguration: Will use date range start date: null, end date: null
2026-09-03 18:04:56,509 INFO o.a.j.r.c.ReportGeneratorConfiguration: Property 'jmeter.reportgenerator.graph.totalTPS.exclude_controllers' not found, using default value 'false' instead.
2026-09-03 18:04:56,509 INFO o.a.j.r.c.ReportGeneratorConfiguration: Property 'jmeter.reportgenerator.graph.activeThreadsOverTime.exclude_controllers' not found, using default value 'false' instead.
2026-09-03 18:04:56,509 INFO o.a.j.r.c.ReportGeneratorConfiguration: Property 'jmeter.reportgenerator.graph.timeVsThreads.exclude_controllers' not found, using default value 'false' instead.
2026-09-03 18:04:56,509 INFO o.a.j.r.c.ReportGeneratorConfiguration: Property 'jmeter.reportgenerator.graph.responseTimeDistribution.exclude_controllers' not found, using default value 'false' instead.
2026-09-03 18:04:56,509 INFO o.a.j.r.c.ReportGeneratorConfiguration: Property 'jmeter.reportgenerator.graph.transactionsPerSecond.exclude_controllers' not found, using default value 'false' instead.
2026-09-03 18:04:56,509 INFO o.a.j.r.c.ReportGeneratorConfiguration: Property 'jmeter.reportgenerator.graph.responseTimePercentiles.exclude_controllers' not found, using default value 'false' instead.
2026-09-03 18:04:56,509 INFO o.a.j.r.c.ReportGeneratorConfiguration: Property 'jmeter.reportgenerator.graph.responseTimePercentilesOverTime.exclude_controllers' not found, using default value 'false' instead.
2026-09-03 18:04:56,509 INFO o.a.j.r.c.ReportGeneratorConfiguration: Property 'jmeter.reportgenerator.graph.responseTimesOverTime.exclude_controllers' not found, using default value 'false' instead.
2026-09-03 18:04:56,509 INFO o.a.j.r.c.ReportGeneratorConfiguration: Property 'jmeter.reportgenerator.graph.connectTimeOverTime.exclude_controllers' not found, using default value 'false' instead.
2026-09-03 18:04:56,509 INFO o.a.j.r.c.ReportGeneratorConfiguration: Property 'jmeter.reportgenerator.graph.latenciesOverTime.exclude_controllers' not found, using default value 'false' instead.
2026-09-03 18:04:56,509 INFO o.a.j.r.c.ReportGeneratorConfiguration: Property 'jmeter.reportgenerator.exporter.json.filters_only_sample_series' not found, using default value 'true' instead.
2026-09-03 18:04:56,509 INFO o.a.j.r.c.ReportGeneratorConfiguration: Property 'jmeter.reportgenerator.exporter.json.series_filter' not found, using default value '' instead.
2026-09-03 18:04:56,509 INFO o.a.j.r.c.ReportGeneratorConfiguration: Property 'jmeter.reportgenerator.exporter.json.show_controllers_only' not found, using default value 'false' instead.
2026-09-03 18:04:56,510 INFO o.a.j.r.c.ReportGeneratorConfiguration: Property 'jmeter.reportgenerator.exporter.html.filters_only_sample_series' not found, using default value 'true' instead.
2026-09-03 18:04:56,510 INFO o.a.j.r.c.ReportGeneratorConfiguration: Property 'jmeter.reportgenerator.exporter.html.series_filter' not found, using default value '' instead.
2026-09-03 18:04:56,510 INFO o.a.j.r.c.ReportGeneratorConfiguration: Property 'jmeter.reportgenerator.exporter.html.show_controllers_only' not found, using default value 'false' instead.
2026-09-03 18:04:56,513 INFO o.a.j.e.StandardJMeterEngine: Running the test!
2026-09-03 18:04:56,513 INFO o.a.j.s.SampleEvent: List of sample_variables: []
2026-09-03 18:04:56,513 INFO o.a.j.s.SampleEvent: List of sample_variables: []
2026-09-03 18:04:56,515 INFO o.a.j.e.u.CompoundVariable: Note: Function class names must contain the string: '.functions.'
2026-09-03 18:04:56,515 INFO o.a.j.e.u.CompoundVariable: Note: Function class names must not contain the string: '.gui.'
2026-09-03 18:04:56,528 INFO o.a.j.r.ClassFinder: Will scan jar /opt/homebrew/Cellar/jmeter/5.6.3/libexec/lib/ext/jmeter-plugins-manager-1.9.jar with filter ExtendsClassFilter [parents=[interface org.apache.jmeter.functions.Function], inner=false, contains=null, notContains=null]. Consider exposing JMeter plugins via META-INF/services, and add JMeter-Skip-Class-Scanning=true manifest attribute so JMeter can skip classfile scanning
2026-09-03 18:04:56,638 INFO o.a.j.JMeter: Running test (1788433496638)
2026-09-03 18:04:56,646 INFO o.a.j.e.StandardJMeterEngine: Starting ThreadGroup: 1 : Soak - 30 VUs sustained
2026-09-03 18:04:56,646 INFO o.a.j.e.StandardJMeterEngine: Starting 30 threads for group Soak - 30 VUs sustained.
2026-09-03 18:04:56,646 INFO o.a.j.e.StandardJMeterEngine: Thread will continue on error
2026-09-03 18:04:56,646 INFO o.a.j.t.ThreadGroup: Starting thread group... number=1 threads=30 ramp-up=30 delayedStart=false
2026-09-03 18:04:56,652 INFO o.a.j.t.JMeterThread: Thread started: Soak - 30 VUs sustained 1-1
2026-09-03 18:04:56,653 INFO o.a.j.s.FileServer: Stored: ../data/performance_users.csv
2026-09-03 18:04:56,657 INFO o.a.j.t.ThreadGroup: Started thread group number 1
2026-09-03 18:04:56,657 INFO o.a.j.e.StandardJMeterEngine: All thread groups have been started
2026-09-03 18:04:57,235 INFO o.a.j.p.h.s.HTTPHCAbstractImpl: Local host = MacBook-Air-cua-KunDa.local
2026-09-03 18:04:57,242 INFO o.a.j.p.h.s.HTTPHC4Impl: HTTP request retry count = 0
2026-09-03 18:04:57,243 INFO o.a.j.s.SampleResult: Note: Sample TimeStamps are START times
2026-09-03 18:04:57,244 INFO o.a.j.s.SampleResult: sampleresult.default.encoding is set to UTF-8
2026-09-03 18:04:57,244 INFO o.a.j.s.SampleResult: sampleresult.useNanoTime=true
2026-09-03 18:04:57,244 INFO o.a.j.s.SampleResult: sampleresult.nanoThreadSleep=5000
2026-09-03 18:04:57,656 INFO o.a.j.t.JMeterThread: Thread started: Soak - 30 VUs sustained 1-2
2026-09-03 18:04:58,653 INFO o.a.j.t.JMeterThread: Thread started: Soak - 30 VUs sustained 1-3
2026-09-03 18:04:59,655 INFO o.a.j.t.JMeterThread: Thread started: Soak - 30 VUs sustained 1-4
2026-09-03 18:05:00,090 INFO o.a.j.r.Summariser: summary +     17 in 00:00:03 =    4.9/s Avg:     5 Min:     3 Max:    19 Err:     0 (0.00%) Active: 4 Started: 4 Finished: 0
2026-09-03 18:05:00,655 INFO o.a.j.t.JMeterThread: Thread started: Soak - 30 VUs sustained 1-5
2026-09-03 18:05:01,652 INFO o.a.j.t.JMeterThread: Thread started: Soak - 30 VUs sustained 1-6
2026-09-03 18:05:02,651 INFO o.a.j.t.JMeterThread: Thread started: Soak - 30 VUs sustained 1-7
2026-09-03 18:05:03,654 INFO o.a.j.t.JMeterThread: Thread started: Soak - 30 VUs sustained 1-8
2026-09-03 18:05:04,654 INFO o.a.j.t.JMeterThread: Thread started: Soak - 30 VUs sustained 1-9
2026-09-03 18:05:05,652 INFO o.a.j.t.JMeterThread: Thread started: Soak - 30 VUs sustained 1-10
2026-09-03 18:05:06,648 INFO o.a.j.t.JMeterThread: Thread started: Soak - 30 VUs sustained 1-11
2026-09-03 18:05:07,647 INFO o.a.j.t.JMeterThread: Thread started: Soak - 30 VUs sustained 1-12
2026-09-03 18:05:08,650 INFO o.a.j.t.JMeterThread: Thread started: Soak - 30 VUs sustained 1-13
2026-09-03 18:05:09,647 INFO o.a.j.t.JMeterThread: Thread started: Soak - 30 VUs sustained 1-14
2026-09-03 18:05:10,647 INFO o.a.j.t.JMeterThread: Thread started: Soak - 30 VUs sustained 1-15
2026-09-03 18:05:11,650 INFO o.a.j.t.JMeterThread: Thread started: Soak - 30 VUs sustained 1-16
2026-09-03 18:05:12,653 INFO o.a.j.t.JMeterThread: Thread started: Soak - 30 VUs sustained 1-17
2026-09-03 18:05:13,651 INFO o.a.j.t.JMeterThread: Thread started: Soak - 30 VUs sustained 1-18
2026-09-03 18:05:14,648 INFO o.a.j.t.JMeterThread: Thread started: Soak - 30 VUs sustained 1-19
2026-09-03 18:05:15,648 INFO o.a.j.t.JMeterThread: Thread started: Soak - 30 VUs sustained 1-20
2026-09-03 18:05:16,651 INFO o.a.j.t.JMeterThread: Thread started: Soak - 30 VUs sustained 1-21
2026-09-03 18:05:17,649 INFO o.a.j.t.JMeterThread: Thread started: Soak - 30 VUs sustained 1-22
2026-09-03 18:05:18,652 INFO o.a.j.t.JMeterThread: Thread started: Soak - 30 VUs sustained 1-23
2026-09-03 18:05:19,648 INFO o.a.j.t.JMeterThread: Thread started: Soak - 30 VUs sustained 1-24
2026-09-03 18:05:20,657 INFO o.a.j.t.JMeterThread: Thread started: Soak - 30 VUs sustained 1-25
2026-09-03 18:05:21,647 INFO o.a.j.t.JMeterThread: Thread started: Soak - 30 VUs sustained 1-26
2026-09-03 18:05:22,648 INFO o.a.j.t.JMeterThread: Thread started: Soak - 30 VUs sustained 1-27
2026-09-03 18:05:23,650 INFO o.a.j.t.JMeterThread: Thread started: Soak - 30 VUs sustained 1-28
2026-09-03 18:05:24,648 INFO o.a.j.t.JMeterThread: Thread started: Soak - 30 VUs sustained 1-29
2026-09-03 18:05:25,649 INFO o.a.j.t.JMeterThread: Thread started: Soak - 30 VUs sustained 1-30
2026-09-03 18:05:30,004 INFO o.a.j.r.Summariser: summary +   1560 in 00:00:30 =   52.1/s Avg:     2 Min:     0 Max:    11 Err:     0 (0.00%) Active: 30 Started: 30 Finished: 0
2026-09-03 18:05:30,005 INFO o.a.j.r.Summariser: summary =   1577 in 00:00:33 =   47.3/s Avg:     2 Min:     0 Max:    19 Err:     0 (0.00%)
2026-09-03 18:06:00,012 INFO o.a.j.r.Summariser: summary +   2530 in 00:00:30 =   84.3/s Avg:     2 Min:     0 Max:    20 Err:     0 (0.00%) Active: 30 Started: 30 Finished: 0
2026-09-03 18:06:00,013 INFO o.a.j.r.Summariser: summary =   4107 in 00:01:03 =   64.8/s Avg:     2 Min:     0 Max:    20 Err:     0 (0.00%)
2026-09-03 18:06:30,017 INFO o.a.j.r.Summariser: summary +   2530 in 00:00:30 =   84.3/s Avg:     1 Min:     0 Max:    11 Err:     0 (0.00%) Active: 30 Started: 30 Finished: 0
2026-09-03 18:06:30,018 INFO o.a.j.r.Summariser: summary =   6637 in 00:01:33 =   71.1/s Avg:     2 Min:     0 Max:    20 Err:     0 (0.00%)
2026-09-03 18:07:00,006 INFO o.a.j.r.Summariser: summary +   2550 in 00:00:30 =   85.0/s Avg:     1 Min:     0 Max:    20 Err:     0 (0.00%) Active: 30 Started: 30 Finished: 0
2026-09-03 18:07:00,007 INFO o.a.j.r.Summariser: summary =   9187 in 00:02:03 =   74.5/s Avg:     2 Min:     0 Max:    20 Err:     0 (0.00%)
2026-09-03 18:07:30,001 INFO o.a.j.r.Summariser: summary +   2525 in 00:00:30 =   84.2/s Avg:     1 Min:     0 Max:    13 Err:     0 (0.00%) Active: 30 Started: 30 Finished: 0
2026-09-03 18:07:30,002 INFO o.a.j.r.Summariser: summary =  11712 in 00:02:33 =   76.4/s Avg:     2 Min:     0 Max:    20 Err:     0 (0.00%)
2026-09-03 18:08:00,014 INFO o.a.j.r.Summariser: summary +   2536 in 00:00:30 =   84.5/s Avg:     2 Min:     0 Max:    20 Err:     0 (0.00%) Active: 30 Started: 30 Finished: 0
2026-09-03 18:08:00,015 INFO o.a.j.r.Summariser: summary =  14248 in 00:03:03 =   77.7/s Avg:     2 Min:     0 Max:    20 Err:     0 (0.00%)
2026-09-03 18:08:30,000 INFO o.a.j.r.Summariser: summary +   2513 in 00:00:30 =   83.8/s Avg:     2 Min:     0 Max:    12 Err:     0 (0.00%) Active: 30 Started: 30 Finished: 0
2026-09-03 18:08:30,002 INFO o.a.j.r.Summariser: summary =  16761 in 00:03:33 =   78.6/s Avg:     2 Min:     0 Max:    20 Err:     0 (0.00%)
2026-09-03 18:09:00,007 INFO o.a.j.r.Summariser: summary +   2521 in 00:00:30 =   84.0/s Avg:     1 Min:     0 Max:    33 Err:     0 (0.00%) Active: 30 Started: 30 Finished: 0
2026-09-03 18:09:00,008 INFO o.a.j.r.Summariser: summary =  19282 in 00:04:03 =   79.2/s Avg:     2 Min:     0 Max:    33 Err:     0 (0.00%)
2026-09-03 18:09:30,009 INFO o.a.j.r.Summariser: summary +   2534 in 00:00:30 =   84.5/s Avg:     1 Min:     0 Max:     8 Err:     0 (0.00%) Active: 30 Started: 30 Finished: 0
2026-09-03 18:09:30,010 INFO o.a.j.r.Summariser: summary =  21816 in 00:04:33 =   79.8/s Avg:     2 Min:     0 Max:    33 Err:     0 (0.00%)
2026-09-03 18:10:00,022 INFO o.a.j.r.Summariser: summary +   2538 in 00:00:30 =   84.6/s Avg:     2 Min:     0 Max:     7 Err:     0 (0.00%) Active: 30 Started: 30 Finished: 0
2026-09-03 18:10:00,023 INFO o.a.j.r.Summariser: summary =  24354 in 00:05:03 =   80.3/s Avg:     2 Min:     0 Max:    33 Err:     0 (0.00%)
2026-09-03 18:10:30,033 INFO o.a.j.r.Summariser: summary +   2538 in 00:00:30 =   84.6/s Avg:     2 Min:     0 Max:    14 Err:     0 (0.00%) Active: 30 Started: 30 Finished: 0
2026-09-03 18:10:30,034 INFO o.a.j.r.Summariser: summary =  26892 in 00:05:33 =   80.7/s Avg:     2 Min:     0 Max:    33 Err:     0 (0.00%)
2026-09-03 18:11:00,022 INFO o.a.j.r.Summariser: summary +   2515 in 00:00:30 =   83.9/s Avg:     2 Min:     0 Max:    16 Err:     0 (0.00%) Active: 30 Started: 30 Finished: 0
2026-09-03 18:11:00,023 INFO o.a.j.r.Summariser: summary =  29407 in 00:06:03 =   80.9/s Avg:     2 Min:     0 Max:    33 Err:     0 (0.00%)
2026-09-03 18:11:30,009 INFO o.a.j.r.Summariser: summary +   2521 in 00:00:30 =   84.1/s Avg:     2 Min:     0 Max:    10 Err:     0 (0.00%) Active: 30 Started: 30 Finished: 0
2026-09-03 18:11:30,009 INFO o.a.j.r.Summariser: summary =  31928 in 00:06:33 =   81.2/s Avg:     2 Min:     0 Max:    33 Err:     0 (0.00%)
2026-09-03 18:12:00,000 INFO o.a.j.r.Summariser: summary +   2508 in 00:00:30 =   83.6/s Avg:     2 Min:     0 Max:     8 Err:     0 (0.00%) Active: 30 Started: 30 Finished: 0
2026-09-03 18:12:00,001 INFO o.a.j.r.Summariser: summary =  34436 in 00:07:03 =   81.3/s Avg:     2 Min:     0 Max:    33 Err:     0 (0.00%)
2026-09-03 18:12:30,003 INFO o.a.j.r.Summariser: summary +   2512 in 00:00:30 =   83.7/s Avg:     2 Min:     0 Max:    17 Err:     0 (0.00%) Active: 30 Started: 30 Finished: 0
2026-09-03 18:12:30,004 INFO o.a.j.r.Summariser: summary =  36948 in 00:07:33 =   81.5/s Avg:     2 Min:     0 Max:    33 Err:     0 (0.00%)
2026-09-03 18:13:00,022 INFO o.a.j.r.Summariser: summary +   2498 in 00:00:30 =   83.2/s Avg:     2 Min:     0 Max:    11 Err:     0 (0.00%) Active: 30 Started: 30 Finished: 0
2026-09-03 18:13:00,022 INFO o.a.j.r.Summariser: summary =  39446 in 00:08:03 =   81.6/s Avg:     2 Min:     0 Max:    33 Err:     0 (0.00%)
2026-09-03 18:13:30,005 INFO o.a.j.r.Summariser: summary +   2528 in 00:00:30 =   84.3/s Avg:     2 Min:     0 Max:    10 Err:     0 (0.00%) Active: 30 Started: 30 Finished: 0
2026-09-03 18:13:30,007 INFO o.a.j.r.Summariser: summary =  41974 in 00:08:33 =   81.8/s Avg:     2 Min:     0 Max:    33 Err:     0 (0.00%)
2026-09-03 18:14:00,016 INFO o.a.j.r.Summariser: summary +   2516 in 00:00:30 =   83.8/s Avg:     2 Min:     0 Max:     8 Err:     0 (0.00%) Active: 30 Started: 30 Finished: 0
2026-09-03 18:14:00,016 INFO o.a.j.r.Summariser: summary =  44490 in 00:09:03 =   81.9/s Avg:     2 Min:     0 Max:    33 Err:     0 (0.00%)
2026-09-03 18:14:30,001 INFO o.a.j.r.Summariser: summary +   2505 in 00:00:30 =   83.5/s Avg:     2 Min:     0 Max:    12 Err:     0 (0.00%) Active: 30 Started: 30 Finished: 0
2026-09-03 18:14:30,002 INFO o.a.j.r.Summariser: summary =  46995 in 00:09:33 =   82.0/s Avg:     2 Min:     0 Max:    33 Err:     0 (0.00%)
2026-09-03 18:14:35,111 INFO o.a.j.t.JMeterThread: Thread is done: Soak - 30 VUs sustained 1-1
2026-09-03 18:14:35,112 INFO o.a.j.t.JMeterThread: Thread finished: Soak - 30 VUs sustained 1-1
2026-09-03 18:14:41,319 INFO o.a.j.t.JMeterThread: Thread is done: Soak - 30 VUs sustained 1-2
2026-09-03 18:14:41,320 INFO o.a.j.t.JMeterThread: Thread finished: Soak - 30 VUs sustained 1-2
2026-09-03 18:14:42,050 INFO o.a.j.t.JMeterThread: Thread is done: Soak - 30 VUs sustained 1-4
2026-09-03 18:14:42,050 INFO o.a.j.t.JMeterThread: Thread finished: Soak - 30 VUs sustained 1-4
2026-09-03 18:14:45,488 INFO o.a.j.t.JMeterThread: Thread is done: Soak - 30 VUs sustained 1-5
2026-09-03 18:14:45,490 INFO o.a.j.t.JMeterThread: Thread finished: Soak - 30 VUs sustained 1-5
2026-09-03 18:14:48,365 INFO o.a.j.t.JMeterThread: Thread is done: Soak - 30 VUs sustained 1-8
2026-09-03 18:14:48,365 INFO o.a.j.t.JMeterThread: Thread finished: Soak - 30 VUs sustained 1-8
2026-09-03 18:14:48,516 INFO o.a.j.t.JMeterThread: Thread is done: Soak - 30 VUs sustained 1-10
2026-09-03 18:14:48,516 INFO o.a.j.t.JMeterThread: Thread finished: Soak - 30 VUs sustained 1-10
2026-09-03 18:14:48,755 INFO o.a.j.t.JMeterThread: Thread is done: Soak - 30 VUs sustained 1-3
2026-09-03 18:14:48,755 INFO o.a.j.t.JMeterThread: Thread finished: Soak - 30 VUs sustained 1-3
2026-09-03 18:14:50,450 INFO o.a.j.t.JMeterThread: Thread is done: Soak - 30 VUs sustained 1-12
2026-09-03 18:14:50,450 INFO o.a.j.t.JMeterThread: Thread finished: Soak - 30 VUs sustained 1-12
2026-09-03 18:14:50,533 INFO o.a.j.t.JMeterThread: Thread is done: Soak - 30 VUs sustained 1-7
2026-09-03 18:14:50,533 INFO o.a.j.t.JMeterThread: Thread finished: Soak - 30 VUs sustained 1-7
2026-09-03 18:14:53,142 INFO o.a.j.t.JMeterThread: Thread is done: Soak - 30 VUs sustained 1-13
2026-09-03 18:14:53,142 INFO o.a.j.t.JMeterThread: Thread finished: Soak - 30 VUs sustained 1-13
2026-09-03 18:14:53,338 INFO o.a.j.t.JMeterThread: Thread is done: Soak - 30 VUs sustained 1-19
2026-09-03 18:14:53,338 INFO o.a.j.t.JMeterThread: Thread finished: Soak - 30 VUs sustained 1-19
2026-09-03 18:14:53,470 INFO o.a.j.t.JMeterThread: Thread is done: Soak - 30 VUs sustained 1-18
2026-09-03 18:14:53,470 INFO o.a.j.t.JMeterThread: Thread finished: Soak - 30 VUs sustained 1-18
2026-09-03 18:14:53,617 INFO o.a.j.t.JMeterThread: Thread is done: Soak - 30 VUs sustained 1-14
2026-09-03 18:14:53,617 INFO o.a.j.t.JMeterThread: Thread finished: Soak - 30 VUs sustained 1-14
2026-09-03 18:14:53,728 INFO o.a.j.t.JMeterThread: Thread is done: Soak - 30 VUs sustained 1-6
2026-09-03 18:14:53,729 INFO o.a.j.t.JMeterThread: Thread finished: Soak - 30 VUs sustained 1-6
2026-09-03 18:14:54,842 INFO o.a.j.t.JMeterThread: Thread is done: Soak - 30 VUs sustained 1-16
2026-09-03 18:14:54,843 INFO o.a.j.t.JMeterThread: Thread finished: Soak - 30 VUs sustained 1-16
2026-09-03 18:14:54,895 INFO o.a.j.t.JMeterThread: Thread is done: Soak - 30 VUs sustained 1-11
2026-09-03 18:14:54,896 INFO o.a.j.t.JMeterThread: Thread finished: Soak - 30 VUs sustained 1-11
2026-09-03 18:14:55,477 INFO o.a.j.t.JMeterThread: Thread is done: Soak - 30 VUs sustained 1-9
2026-09-03 18:14:55,477 INFO o.a.j.t.JMeterThread: Thread finished: Soak - 30 VUs sustained 1-9
2026-09-03 18:14:55,683 INFO o.a.j.t.JMeterThread: Thread is done: Soak - 30 VUs sustained 1-15
2026-09-03 18:14:55,684 INFO o.a.j.t.JMeterThread: Thread finished: Soak - 30 VUs sustained 1-15
2026-09-03 18:14:59,268 INFO o.a.j.t.JMeterThread: Thread is done: Soak - 30 VUs sustained 1-22
2026-09-03 18:14:59,269 INFO o.a.j.t.JMeterThread: Thread finished: Soak - 30 VUs sustained 1-22
2026-09-03 18:14:59,809 INFO o.a.j.t.JMeterThread: Thread is done: Soak - 30 VUs sustained 1-17
2026-09-03 18:14:59,810 INFO o.a.j.t.JMeterThread: Thread finished: Soak - 30 VUs sustained 1-17
2026-09-03 18:15:00,004 INFO o.a.j.r.Summariser: summary +   2013 in 00:00:30 =   67.1/s Avg:     2 Min:     0 Max:     9 Err:     0 (0.00%) Active: 10 Started: 30 Finished: 20
2026-09-03 18:15:00,004 INFO o.a.j.r.Summariser: summary =  49008 in 00:10:03 =   81.2/s Avg:     2 Min:     0 Max:    33 Err:     0 (0.00%)
2026-09-03 18:15:01,286 INFO o.a.j.t.JMeterThread: Thread is done: Soak - 30 VUs sustained 1-29
2026-09-03 18:15:01,287 INFO o.a.j.t.JMeterThread: Thread finished: Soak - 30 VUs sustained 1-29
2026-09-03 18:15:01,637 INFO o.a.j.t.JMeterThread: Thread is done: Soak - 30 VUs sustained 1-20
2026-09-03 18:15:01,637 INFO o.a.j.t.JMeterThread: Thread finished: Soak - 30 VUs sustained 1-20
2026-09-03 18:15:02,866 INFO o.a.j.t.JMeterThread: Thread is done: Soak - 30 VUs sustained 1-23
2026-09-03 18:15:02,866 INFO o.a.j.t.JMeterThread: Thread finished: Soak - 30 VUs sustained 1-23
2026-09-03 18:15:04,386 INFO o.a.j.t.JMeterThread: Thread is done: Soak - 30 VUs sustained 1-21
2026-09-03 18:15:04,386 INFO o.a.j.t.JMeterThread: Thread finished: Soak - 30 VUs sustained 1-21
2026-09-03 18:15:07,508 INFO o.a.j.t.JMeterThread: Thread is done: Soak - 30 VUs sustained 1-24
2026-09-03 18:15:07,509 INFO o.a.j.t.JMeterThread: Thread finished: Soak - 30 VUs sustained 1-24
2026-09-03 18:15:08,131 INFO o.a.j.t.JMeterThread: Thread is done: Soak - 30 VUs sustained 1-25
2026-09-03 18:15:08,131 INFO o.a.j.t.JMeterThread: Thread finished: Soak - 30 VUs sustained 1-25
2026-09-03 18:15:09,635 INFO o.a.j.t.JMeterThread: Thread is done: Soak - 30 VUs sustained 1-26
2026-09-03 18:15:09,636 INFO o.a.j.t.JMeterThread: Thread finished: Soak - 30 VUs sustained 1-26
2026-09-03 18:15:10,311 INFO o.a.j.t.JMeterThread: Thread is done: Soak - 30 VUs sustained 1-27
2026-09-03 18:15:10,311 INFO o.a.j.t.JMeterThread: Thread finished: Soak - 30 VUs sustained 1-27
2026-09-03 18:15:10,895 INFO o.a.j.t.JMeterThread: Thread is done: Soak - 30 VUs sustained 1-30
2026-09-03 18:15:10,895 INFO o.a.j.t.JMeterThread: Thread finished: Soak - 30 VUs sustained 1-30
2026-09-03 18:15:11,098 INFO o.a.j.t.JMeterThread: Thread is done: Soak - 30 VUs sustained 1-28
2026-09-03 18:15:11,099 INFO o.a.j.t.JMeterThread: Thread finished: Soak - 30 VUs sustained 1-28
2026-09-03 18:15:11,099 INFO o.a.j.e.StandardJMeterEngine: Notifying test listeners of end of test
2026-09-03 18:15:11,100 INFO o.a.j.s.FileServer: Close: ../data/performance_users.csv
2026-09-03 18:15:11,110 INFO o.a.j.r.Summariser: summary +    192 in 00:00:11 =   17.3/s Avg:     2 Min:     0 Max:     6 Err:     0 (0.00%) Active: 0 Started: 30 Finished: 30
2026-09-03 18:15:11,110 INFO o.a.j.r.Summariser: summary =  49200 in 00:10:14 =   80.1/s Avg:     2 Min:     0 Max:    33 Err:     0 (0.00%)
2026-09-03 18:15:11,111 INFO o.a.j.JMeter: Generating Dashboard
2026-09-03 18:15:11,111 INFO o.a.j.r.d.ReportGenerator: Flushing result collector before report Generation
2026-09-03 18:15:11,132 INFO o.a.j.r.p.NormalizerSampleConsumer: Using format, 'ms', to parse timeStamp field
2026-09-03 18:15:11,608 INFO o.a.j.r.p.AbstractSampleConsumer: class org.apache.jmeter.report.processor.AggregateConsumer#stopProducing(): beginDate produced 0 samples
2026-09-03 18:15:11,608 INFO o.a.j.r.p.AbstractSampleConsumer: class org.apache.jmeter.report.processor.AggregateConsumer#stopProducing(): endDate produced 0 samples
2026-09-03 18:15:11,609 INFO o.a.j.r.p.AbstractSampleConsumer: class org.apache.jmeter.report.processor.ApdexSummaryConsumer#stopProducing(): apdexSummary produced 0 samples
2026-09-03 18:15:11,609 INFO o.a.j.r.p.AbstractSampleConsumer: class org.apache.jmeter.report.processor.RequestsSummaryConsumer#stopProducing(): requestsSummary produced 0 samples
2026-09-03 18:15:11,614 INFO o.a.j.r.p.AbstractSampleConsumer: class org.apache.jmeter.report.processor.StatisticsSummaryConsumer#stopProducing(): statisticsSummary produced 0 samples
2026-09-03 18:15:11,616 INFO o.a.j.r.p.AbstractSampleConsumer: class org.apache.jmeter.report.processor.Top5ErrorsBySamplerConsumer#stopProducing(): top5ErrorsBySampler produced 0 samples
2026-09-03 18:15:11,616 INFO o.a.j.r.p.AbstractSampleConsumer: class org.apache.jmeter.report.processor.ErrorsSummaryConsumer#stopProducing(): errorsSummary produced 0 samples
2026-09-03 18:15:11,616 INFO o.a.j.r.p.AbstractSampleConsumer: class org.apache.jmeter.report.processor.graph.impl.HitsPerSecondGraphConsumer#stopProducing(): hitsPerSecond produced 0 samples
2026-09-03 18:15:11,726 INFO o.a.j.r.p.AbstractSampleConsumer: class org.apache.jmeter.report.processor.graph.impl.LatencyVSRequestGraphConsumer#stopProducing(): latencyVsRequest produced 0 samples
2026-09-03 18:15:11,727 INFO o.a.j.r.p.AbstractSampleConsumer: class org.apache.jmeter.report.processor.graph.impl.SyntheticResponseTimeDistributionGraphConsumer#stopProducing(): syntheticResponseTimeDistribution produced 0 samples
2026-09-03 18:15:11,727 INFO o.a.j.r.p.AbstractSampleConsumer: class org.apache.jmeter.report.processor.graph.impl.BytesThroughputGraphConsumer#stopProducing(): bytesThroughputOverTime produced 0 samples
2026-09-03 18:15:11,727 INFO o.a.j.r.p.AbstractSampleConsumer: class org.apache.jmeter.report.processor.graph.impl.CodesPerSecondGraphConsumer#stopProducing(): codesPerSecond produced 0 samples
2026-09-03 18:15:11,797 INFO o.a.j.r.p.AbstractSampleConsumer: class org.apache.jmeter.report.processor.graph.impl.ResponseTimeVSRequestGraphConsumer#stopProducing(): responseTimeVsRequest produced 0 samples
2026-09-03 18:15:11,798 INFO o.a.j.r.p.AbstractSampleConsumer: class org.apache.jmeter.report.processor.FilterConsumer#stopProducing(): startIntervalControlerFilter produced 344400 samples
2026-09-03 18:15:11,798 INFO o.a.j.r.p.AbstractSampleConsumer: class org.apache.jmeter.report.processor.graph.impl.TotalTPSGraphConsumer#stopProducing(): totalTPS produced 0 samples
2026-09-03 18:15:11,798 INFO o.a.j.r.p.AbstractSampleConsumer: class org.apache.jmeter.report.processor.graph.impl.ActiveThreadsGraphConsumer#stopProducing(): activeThreadsOverTime produced 0 samples
2026-09-03 18:15:11,798 INFO o.a.j.r.p.AbstractSampleConsumer: class org.apache.jmeter.report.processor.graph.impl.TimeVSThreadGraphConsumer#stopProducing(): timeVsThreads produced 0 samples
2026-09-03 18:15:11,798 INFO o.a.j.r.p.AbstractSampleConsumer: class org.apache.jmeter.report.processor.graph.impl.ResponseTimeDistributionGraphConsumer#stopProducing(): responseTimeDistribution produced 0 samples
2026-09-03 18:15:11,798 INFO o.a.j.r.p.AbstractSampleConsumer: class org.apache.jmeter.report.processor.graph.impl.TransactionsPerSecondGraphConsumer#stopProducing(): transactionsPerSecond produced 0 samples
2026-09-03 18:15:11,798 INFO o.a.j.r.p.AbstractSampleConsumer: class org.apache.jmeter.report.processor.graph.impl.ResponseTimePercentilesGraphConsumer#stopProducing(): responseTimePercentiles produced 0 samples
2026-09-03 18:15:11,798 INFO o.a.j.r.p.AbstractSampleConsumer: class org.apache.jmeter.report.processor.graph.impl.ResponseTimePercentilesOverTimeGraphConsumer#stopProducing(): responseTimePercentilesOverTime produced 0 samples
2026-09-03 18:15:11,800 INFO o.a.j.r.p.AbstractSampleConsumer: class org.apache.jmeter.report.processor.graph.impl.ResponseTimeOverTimeGraphConsumer#stopProducing(): responseTimesOverTime produced 0 samples
2026-09-03 18:15:11,800 INFO o.a.j.r.p.AbstractSampleConsumer: class org.apache.jmeter.report.processor.graph.impl.ConnectTimeOverTimeGraphConsumer#stopProducing(): connectTimeOverTime produced 0 samples
2026-09-03 18:15:11,800 INFO o.a.j.r.p.AbstractSampleConsumer: class org.apache.jmeter.report.processor.graph.impl.LatencyOverTimeGraphConsumer#stopProducing(): latenciesOverTime produced 0 samples
2026-09-03 18:15:11,800 INFO o.a.j.r.p.AbstractSampleConsumer: class org.apache.jmeter.report.processor.FilterConsumer#stopProducing(): nameFilter produced 738000 samples
2026-09-03 18:15:11,800 INFO o.a.j.r.p.AbstractSampleConsumer: class org.apache.jmeter.report.processor.FilterConsumer#stopProducing(): dateRangeFilter produced 147600 samples
2026-09-03 18:15:11,800 INFO o.a.j.r.p.AbstractSampleConsumer: class org.apache.jmeter.report.processor.NormalizerSampleConsumer#stopProducing(): normalizer produced 49200 samples
2026-09-03 18:15:11,800 INFO o.a.j.r.p.CsvFileSampleSource: produce(): 49200 samples produced in 657ms on channel 0
2026-09-03 18:15:11,800 INFO o.a.j.r.d.ReportGenerator: Exporting data using exporter:'json' of className:'org.apache.jmeter.report.dashboard.JsonExporter'
2026-09-03 18:15:11,838 INFO o.a.j.r.d.JsonExporter: Found data for consumer statisticsSummary in context
2026-09-03 18:15:11,838 INFO o.a.j.r.d.JsonExporter: Creating statistics for overall
2026-09-03 18:15:11,838 INFO o.a.j.r.d.JsonExporter: Creating statistics for other transactions
2026-09-03 18:15:11,839 INFO o.a.j.r.d.JsonExporter: Checking output folder
2026-09-03 18:15:11,839 INFO o.a.j.r.d.JsonExporter: Writing statistics JSON to /Users/kunda/Documents/hw/hw05/reports/23127035_Soak_20260903/statistics.json
2026-09-03 18:15:11,864 INFO o.a.j.r.d.ReportGenerator: Exporting data using exporter:'html' of className:'org.apache.jmeter.report.dashboard.HtmlTemplateExporter'
2026-09-03 18:15:11,865 INFO o.a.j.r.d.HtmlTemplateExporter: Will generate dashboard in folder: /Users/kunda/Documents/hw/hw05/reports/23127035_Soak_20260903
2026-09-03 18:15:11,903 INFO o.a.j.r.d.HtmlTemplateExporter: Report will be generated in: /Users/kunda/Documents/hw/hw05/reports/23127035_Soak_20260903, creating folder structure
2026-09-03 18:15:11,904 INFO o.a.j.r.d.TemplateVisitor: Copying folder from '/opt/homebrew/Cellar/jmeter/5.6.3/libexec/bin/report-template' to '/Users/kunda/Documents/hw/hw05/reports/23127035_Soak_20260903', got message: /Users/kunda/Documents/hw/hw05/reports/23127035_Soak_20260903, found non empty folder with following content [/Users/kunda/Documents/hw/hw05/reports/23127035_Soak_20260903/statistics.json], will be ignored
2026-09-03 18:15:12,016 INFO o.a.j.JMeter: Dashboard generated
