WARNING: package sun.awt.X11 not in java.desktop
WARN StatusConsoleListener The use of package scanning to locate plugins is deprecated and will be removed in a future release
WARN StatusConsoleListener The use of package scanning to locate plugins is deprecated and will be removed in a future release
WARN StatusConsoleListener The use of package scanning to locate plugins is deprecated and will be removed in a future release
WARN StatusConsoleListener The use of package scanning to locate plugins is deprecated and will be removed in a future release
Creating summariser <summary>
Created the tree successfully using /Users/kunda/Documents/hw/hw05/test-plans/23127035_Stress_20260831.jmx
Starting standalone test @ 2026 Sep 1 17:31:44 ICT (1788258704133)
Waiting for possible Shutdown/StopTestNow/HeapDump/ThreadDump message on port 4445
summary +    188 in 00:00:16 =   11.9/s Avg:     2 Min:     0 Max:    19 Err:     0 (0.00%) Active: 6 Started: 6 Finished: 0
summary +    504 in 00:00:30 =   16.8/s Avg:     2 Min:     0 Max:     7 Err:     0 (0.00%) Active: 6 Started: 6 Finished: 0
summary =    692 in 00:00:46 =   15.1/s Avg:     2 Min:     0 Max:    19 Err:     0 (0.00%)
summary +    612 in 00:00:30 =   20.4/s Avg:     1 Min:     0 Max:    13 Err:     0 (0.00%) Active: 12 Started: 18 Finished: 6
summary =   1304 in 00:01:16 =   17.2/s Avg:     1 Min:     0 Max:    19 Err:     0 (0.00%)
summary +   1009 in 00:00:30 =   33.6/s Avg:     1 Min:     0 Max:    18 Err:     0 (0.00%) Active: 12 Started: 18 Finished: 6
summary =   2313 in 00:01:46 =   21.9/s Avg:     1 Min:     0 Max:    19 Err:     0 (0.00%)
summary +   1215 in 00:00:30 =   40.6/s Avg:     1 Min:     0 Max:     9 Err:     0 (0.00%) Active: 24 Started: 42 Finished: 18
summary =   3528 in 00:02:16 =   26.0/s Avg:     1 Min:     0 Max:    19 Err:     0 (0.00%)
summary +   2021 in 00:00:30 =   67.4/s Avg:     1 Min:     0 Max:    14 Err:     0 (0.00%) Active: 24 Started: 42 Finished: 18
summary =   5549 in 00:02:46 =   33.5/s Avg:     1 Min:     0 Max:    19 Err:     0 (0.00%)
summary +    965 in 00:00:14 =   67.6/s Avg:     1 Min:     0 Max:     6 Err:     0 (0.00%) Active: 0 Started: 42 Finished: 42
summary =   6514 in 00:03:00 =   36.2/s Avg:     1 Min:     0 Max:    19 Err:     0 (0.00%)
Tidying up ...    @ 2026 Sep 1 17:34:44 ICT (1788258884288)
... end of run
