2026-09-01 17:31:43,946 INFO o.a.j.u.JMeterUtils: Setting Locale to en_EN
2026-09-01 17:31:43,956 INFO o.a.j.JMeter: Loading user properties from: /opt/homebrew/Cellar/jmeter/5.6.3/libexec/bin/user.properties
2026-09-01 17:31:43,957 INFO o.a.j.JMeter: Loading system properties from: /opt/homebrew/Cellar/jmeter/5.6.3/libexec/bin/system.properties
2026-09-01 17:31:43,957 INFO o.a.j.JMeter: Setting JMeter property: jmeter.save.saveservice.output_format=csv
2026-09-01 17:31:43,957 INFO o.a.j.JMeter: Setting JMeter property: jmeter.save.saveservice.print_field_names=true
2026-09-01 17:31:43,957 INFO o.a.j.JMeter: Setting JMeter property: jmeter.save.saveservice.connect_time=true
2026-09-01 17:31:43,957 INFO o.a.j.JMeter: Setting JMeter property: jmeter.save.saveservice.latency=true
2026-09-01 17:31:43,957 INFO o.a.j.JMeter: Setting JMeter property: jmeter.save.saveservice.bytes=true
2026-09-01 17:31:43,957 INFO o.a.j.JMeter: Setting JMeter property: jmeter.save.saveservice.sent_bytes=true
2026-09-01 17:31:43,957 INFO o.a.j.JMeter: Setting JMeter property: jmeter.save.saveservice.thread_counts=true
2026-09-01 17:31:43,957 INFO o.a.j.JMeter: Setting JMeter property: jmeter.save.saveservice.assertion_results_failure_message=true
2026-09-01 17:31:43,957 INFO o.a.j.JMeter: Setting JMeter property: port=3001
2026-09-01 17:31:43,960 INFO o.a.j.JMeter: Copyright (c) 1998-2024 The Apache Software Foundation
2026-09-01 17:31:43,960 INFO o.a.j.JMeter: Version 5.6.3
2026-09-01 17:31:43,960 INFO o.a.j.JMeter: java.version=21.0.12.1
2026-09-01 17:31:43,960 INFO o.a.j.JMeter: java.vm.name=OpenJDK 64-Bit Server VM
2026-09-01 17:31:43,960 INFO o.a.j.JMeter: os.name=Mac OS X
2026-09-01 17:31:43,960 INFO o.a.j.JMeter: os.arch=aarch64
2026-09-01 17:31:43,960 INFO o.a.j.JMeter: os.version=26.5.1
2026-09-01 17:31:43,960 INFO o.a.j.JMeter: file.encoding=UTF-8
2026-09-01 17:31:43,960 INFO o.a.j.JMeter: java.awt.headless=true
2026-09-01 17:31:43,960 INFO o.a.j.JMeter: Max memory     =1073741824
2026-09-01 17:31:43,960 INFO o.a.j.JMeter: Available Processors =10
2026-09-01 17:31:43,964 INFO o.a.j.JMeter: Default Locale=English (EN)
2026-09-01 17:31:43,965 INFO o.a.j.JMeter: JMeter  Locale=English (EN)
2026-09-01 17:31:43,965 INFO o.a.j.JMeter: JMeterHome=/opt/homebrew/Cellar/jmeter/5.6.3/libexec
2026-09-01 17:31:43,965 INFO o.a.j.JMeter: user.dir  =/Users/kunda/Documents/hw/hw05
2026-09-01 17:31:43,965 INFO o.a.j.JMeter: PWD       =/Users/kunda/Documents/hw/hw05
2026-09-01 17:31:43,967 INFO o.a.j.JMeter: IP: 127.0.0.1 Name: MacBook-Air-cua-KunDa.local FullName: localhost
2026-09-01 17:31:43,973 INFO o.a.j.JMeter: Setting property 'jmeter.reportgenerator.outputdir' to:'/Users/kunda/Documents/hw/hw05/reports/23127035_Stress_20260831'
2026-09-01 17:31:43,975 INFO o.a.j.s.FileServer: Default base='/Users/kunda/Documents/hw/hw05'
2026-09-01 17:31:43,975 INFO o.a.j.s.FileServer: Set new base='/Users/kunda/Documents/hw/hw05/test-plans'
2026-09-01 17:31:44,054 INFO o.a.j.s.SaveService: Testplan (JMX) version: 2.2. Testlog (JTL) version: 2.2
2026-09-01 17:31:44,068 INFO o.a.j.s.SaveService: Using SaveService properties version 5.0
2026-09-01 17:31:44,069 INFO o.a.j.s.SaveService: Using SaveService properties file encoding UTF-8
2026-09-01 17:31:44,070 INFO o.a.j.s.SaveService: Loading file: /Users/kunda/Documents/hw/hw05/test-plans/23127035_Stress_20260831.jmx
2026-09-01 17:31:44,096 INFO o.a.j.p.h.s.HTTPSamplerBase: Parser for text/html is org.apache.jmeter.protocol.http.parser.LagartoBasedHtmlParser
2026-09-01 17:31:44,096 INFO o.a.j.p.h.s.HTTPSamplerBase: Parser for application/xhtml+xml is org.apache.jmeter.protocol.http.parser.LagartoBasedHtmlParser
2026-09-01 17:31:44,096 INFO o.a.j.p.h.s.HTTPSamplerBase: Parser for application/xml is org.apache.jmeter.protocol.http.parser.LagartoBasedHtmlParser
2026-09-01 17:31:44,096 INFO o.a.j.p.h.s.HTTPSamplerBase: Parser for text/xml is org.apache.jmeter.protocol.http.parser.LagartoBasedHtmlParser
2026-09-01 17:31:44,096 INFO o.a.j.p.h.s.HTTPSamplerBase: Parser for text/vnd.wap.wml is org.apache.jmeter.protocol.http.parser.RegexpHTMLParser
2026-09-01 17:31:44,096 INFO o.a.j.p.h.s.HTTPSamplerBase: Parser for text/css is org.apache.jmeter.protocol.http.parser.CssParser
2026-09-01 17:31:44,125 INFO o.a.j.JMeter: Creating summariser <summary>
2026-09-01 17:31:44,127 INFO o.a.j.r.d.ReportGenerator: ReportGenerator will use for Parsing the separator: ','
2026-09-01 17:31:44,127 INFO o.a.j.r.d.ReportGenerator: Will generate report at end of test from  results file: /Users/kunda/Documents/hw/hw05/results/23127035_Stress_20260831.jtl
2026-09-01 17:31:44,127 INFO o.a.j.r.d.ReportGenerator: Reading report generator properties from: /opt/homebrew/Cellar/jmeter/5.6.3/libexec/bin/reportgenerator.properties
2026-09-01 17:31:44,127 INFO o.a.j.r.d.ReportGenerator: Merging with JMeter properties
2026-09-01 17:31:44,129 INFO o.a.j.r.c.ReportGeneratorConfiguration: Property 'jmeter.reportgenerator.temp_dir' not found, using default value 'temp' instead.
2026-09-01 17:31:44,129 INFO o.a.j.r.c.ReportGeneratorConfiguration: Property 'jmeter.reportgenerator.apdex_per_transaction' not found, using default value 'null' instead.
2026-09-01 17:31:44,129 INFO o.a.j.r.c.ReportGeneratorConfiguration: apdex_per_transaction is empty, not APDEX per transaction customization
2026-09-01 17:31:44,129 INFO o.a.j.r.c.ReportGeneratorConfiguration: Property 'jmeter.reportgenerator.sample_filter' not found, using default value 'null' instead.
2026-09-01 17:31:44,129 INFO o.a.j.r.c.ReportGeneratorConfiguration: Property 'jmeter.reportgenerator.report_title' not found, using default value 'null' instead.
2026-09-01 17:31:44,129 INFO o.a.j.r.c.ReportGeneratorConfiguration: Property 'jmeter.reportgenerator.start_date' not found, using default value 'null' instead.
2026-09-01 17:31:44,129 INFO o.a.j.r.c.ReportGeneratorConfiguration: Property 'jmeter.reportgenerator.end_date' not found, using default value 'null' instead.
2026-09-01 17:31:44,129 INFO o.a.j.r.c.ReportGeneratorConfiguration: Property 'jmeter.reportgenerator.date_format' not found, using default value 'null' instead.
2026-09-01 17:31:44,130 INFO o.a.j.r.c.ReportGeneratorConfiguration: Will use date range start date: null, end date: null
2026-09-01 17:31:44,131 INFO o.a.j.r.c.ReportGeneratorConfiguration: Property 'jmeter.reportgenerator.graph.totalTPS.exclude_controllers' not found, using default value 'false' instead.
2026-09-01 17:31:44,131 INFO o.a.j.r.c.ReportGeneratorConfiguration: Property 'jmeter.reportgenerator.graph.activeThreadsOverTime.exclude_controllers' not found, using default value 'false' instead.
2026-09-01 17:31:44,131 INFO o.a.j.r.c.ReportGeneratorConfiguration: Property 'jmeter.reportgenerator.graph.timeVsThreads.exclude_controllers' not found, using default value 'false' instead.
2026-09-01 17:31:44,131 INFO o.a.j.r.c.ReportGeneratorConfiguration: Property 'jmeter.reportgenerator.graph.responseTimeDistribution.exclude_controllers' not found, using default value 'false' instead.
2026-09-01 17:31:44,131 INFO o.a.j.r.c.ReportGeneratorConfiguration: Property 'jmeter.reportgenerator.graph.transactionsPerSecond.exclude_controllers' not found, using default value 'false' instead.
2026-09-01 17:31:44,131 INFO o.a.j.r.c.ReportGeneratorConfiguration: Property 'jmeter.reportgenerator.graph.responseTimePercentiles.exclude_controllers' not found, using default value 'false' instead.
2026-09-01 17:31:44,131 INFO o.a.j.r.c.ReportGeneratorConfiguration: Property 'jmeter.reportgenerator.graph.responseTimePercentilesOverTime.exclude_controllers' not found, using default value 'false' instead.
2026-09-01 17:31:44,131 INFO o.a.j.r.c.ReportGeneratorConfiguration: Property 'jmeter.reportgenerator.graph.responseTimesOverTime.exclude_controllers' not found, using default value 'false' instead.
2026-09-01 17:31:44,131 INFO o.a.j.r.c.ReportGeneratorConfiguration: Property 'jmeter.reportgenerator.graph.connectTimeOverTime.exclude_controllers' not found, using default value 'false' instead.
2026-09-01 17:31:44,131 INFO o.a.j.r.c.ReportGeneratorConfiguration: Property 'jmeter.reportgenerator.graph.latenciesOverTime.exclude_controllers' not found, using default value 'false' instead.
2026-09-01 17:31:44,132 INFO o.a.j.r.c.ReportGeneratorConfiguration: Property 'jmeter.reportgenerator.exporter.json.filters_only_sample_series' not found, using default value 'true' instead.
2026-09-01 17:31:44,132 INFO o.a.j.r.c.ReportGeneratorConfiguration: Property 'jmeter.reportgenerator.exporter.json.series_filter' not found, using default value '' instead.
2026-09-01 17:31:44,132 INFO o.a.j.r.c.ReportGeneratorConfiguration: Property 'jmeter.reportgenerator.exporter.json.show_controllers_only' not found, using default value 'false' instead.
2026-09-01 17:31:44,132 INFO o.a.j.r.c.ReportGeneratorConfiguration: Property 'jmeter.reportgenerator.exporter.html.filters_only_sample_series' not found, using default value 'true' instead.
2026-09-01 17:31:44,132 INFO o.a.j.r.c.ReportGeneratorConfiguration: Property 'jmeter.reportgenerator.exporter.html.series_filter' not found, using default value '' instead.
2026-09-01 17:31:44,132 INFO o.a.j.r.c.ReportGeneratorConfiguration: Property 'jmeter.reportgenerator.exporter.html.show_controllers_only' not found, using default value 'false' instead.
2026-09-01 17:31:44,137 INFO o.a.j.e.StandardJMeterEngine: Running the test!
2026-09-01 17:31:44,137 INFO o.a.j.s.SampleEvent: List of sample_variables: []
2026-09-01 17:31:44,137 INFO o.a.j.s.SampleEvent: List of sample_variables: []
2026-09-01 17:31:44,139 INFO o.a.j.e.u.CompoundVariable: Note: Function class names must contain the string: '.functions.'
2026-09-01 17:31:44,139 INFO o.a.j.e.u.CompoundVariable: Note: Function class names must not contain the string: '.gui.'
2026-09-01 17:31:44,153 INFO o.a.j.r.ClassFinder: Will scan jar /opt/homebrew/Cellar/jmeter/5.6.3/libexec/lib/ext/jmeter-plugins-manager-1.9.jar with filter ExtendsClassFilter [parents=[interface org.apache.jmeter.functions.Function], inner=false, contains=null, notContains=null]. Consider exposing JMeter plugins via META-INF/services, and add JMeter-Skip-Class-Scanning=true manifest attribute so JMeter can skip classfile scanning
2026-09-01 17:31:44,278 INFO o.a.j.JMeter: Running test (1788258704278)
2026-09-01 17:31:44,286 INFO o.a.j.e.StandardJMeterEngine: Starting ThreadGroup: 1 : Stress stage 1 - 6 VUs
2026-09-01 17:31:44,286 INFO o.a.j.e.StandardJMeterEngine: Starting 6 threads for group Stress stage 1 - 6 VUs.
2026-09-01 17:31:44,286 INFO o.a.j.e.StandardJMeterEngine: Thread will continue on error
2026-09-01 17:31:44,287 INFO o.a.j.t.ThreadGroup: Starting thread group... number=1 threads=6 ramp-up=10 delayedStart=false
2026-09-01 17:31:44,290 INFO o.a.j.t.ThreadGroup: Started thread group number 1
2026-09-01 17:31:44,290 INFO o.a.j.e.StandardJMeterEngine: Starting ThreadGroup: 2 : Stress stage 2 - 12 VUs
2026-09-01 17:31:44,290 INFO o.a.j.e.StandardJMeterEngine: Starting 12 threads for group Stress stage 2 - 12 VUs.
2026-09-01 17:31:44,290 INFO o.a.j.e.StandardJMeterEngine: Thread will continue on error
2026-09-01 17:31:44,290 INFO o.a.j.t.ThreadGroup: Starting thread group... number=2 threads=12 ramp-up=10 delayedStart=false
2026-09-01 17:31:44,292 INFO o.a.j.t.JMeterThread: Thread started: Stress stage 1 - 6 VUs 1-1
2026-09-01 17:31:44,293 INFO o.a.j.s.FileServer: Stored: ../data/performance_users.csv
2026-09-01 17:31:44,295 INFO o.a.j.t.ThreadGroup: Started thread group number 2
2026-09-01 17:31:44,295 INFO o.a.j.e.StandardJMeterEngine: Starting ThreadGroup: 3 : Stress stage 3 - 24 VUs
2026-09-01 17:31:44,295 INFO o.a.j.e.StandardJMeterEngine: Starting 24 threads for group Stress stage 3 - 24 VUs.
2026-09-01 17:31:44,295 INFO o.a.j.e.StandardJMeterEngine: Thread will continue on error
2026-09-01 17:31:44,295 INFO o.a.j.t.ThreadGroup: Starting thread group... number=3 threads=24 ramp-up=10 delayedStart=false
2026-09-01 17:31:44,300 INFO o.a.j.t.ThreadGroup: Started thread group number 3
2026-09-01 17:31:44,300 INFO o.a.j.e.StandardJMeterEngine: All thread groups have been started
2026-09-01 17:31:44,942 INFO o.a.j.p.h.s.HTTPHCAbstractImpl: Local host = MacBook-Air-cua-KunDa.local
2026-09-01 17:31:44,948 INFO o.a.j.p.h.s.HTTPHC4Impl: HTTP request retry count = 0
2026-09-01 17:31:44,948 INFO o.a.j.s.SampleResult: Note: Sample TimeStamps are START times
2026-09-01 17:31:44,948 INFO o.a.j.s.SampleResult: sampleresult.default.encoding is set to UTF-8
2026-09-01 17:31:44,949 INFO o.a.j.s.SampleResult: sampleresult.useNanoTime=true
2026-09-01 17:31:44,949 INFO o.a.j.s.SampleResult: sampleresult.nanoThreadSleep=5000
2026-09-01 17:31:45,964 INFO o.a.j.t.JMeterThread: Thread started: Stress stage 1 - 6 VUs 1-2
2026-09-01 17:31:47,630 INFO o.a.j.t.JMeterThread: Thread started: Stress stage 1 - 6 VUs 1-3
2026-09-01 17:31:49,296 INFO o.a.j.t.JMeterThread: Thread started: Stress stage 1 - 6 VUs 1-4
2026-09-01 17:31:50,960 INFO o.a.j.t.JMeterThread: Thread started: Stress stage 1 - 6 VUs 1-5
2026-09-01 17:31:52,630 INFO o.a.j.t.JMeterThread: Thread started: Stress stage 1 - 6 VUs 1-6
2026-09-01 17:32:00,057 INFO o.a.j.r.Summariser: summary +    188 in 00:00:16 =   11.9/s Avg:     2 Min:     0 Max:    19 Err:     0 (0.00%) Active: 6 Started: 6 Finished: 0
2026-09-01 17:32:30,041 INFO o.a.j.r.Summariser: summary +    504 in 00:00:30 =   16.8/s Avg:     2 Min:     0 Max:     7 Err:     0 (0.00%) Active: 6 Started: 6 Finished: 0
2026-09-01 17:32:30,043 INFO o.a.j.r.Summariser: summary =    692 in 00:00:46 =   15.1/s Avg:     2 Min:     0 Max:    19 Err:     0 (0.00%)
2026-09-01 17:32:44,008 INFO o.a.j.t.JMeterThread: Thread finished: Stress stage 1 - 6 VUs 1-3
2026-09-01 17:32:44,008 INFO o.a.j.t.JMeterThread: Thread finished: Stress stage 1 - 6 VUs 1-5
2026-09-01 17:32:44,010 INFO o.a.j.t.JMeterThread: Thread finished: Stress stage 1 - 6 VUs 1-6
2026-09-01 17:32:44,095 INFO o.a.j.t.JMeterThread: Thread finished: Stress stage 1 - 6 VUs 1-4
2026-09-01 17:32:44,145 INFO o.a.j.t.JMeterThread: Thread finished: Stress stage 1 - 6 VUs 1-1
2026-09-01 17:32:44,200 INFO o.a.j.t.JMeterThread: Thread finished: Stress stage 1 - 6 VUs 1-2
2026-09-01 17:32:44,296 INFO o.a.j.t.JMeterThread: Thread started: Stress stage 2 - 12 VUs 2-1
2026-09-01 17:32:45,134 INFO o.a.j.t.JMeterThread: Thread started: Stress stage 2 - 12 VUs 2-2
2026-09-01 17:32:45,963 INFO o.a.j.t.JMeterThread: Thread started: Stress stage 2 - 12 VUs 2-3
2026-09-01 17:32:46,799 INFO o.a.j.t.JMeterThread: Thread started: Stress stage 2 - 12 VUs 2-4
2026-09-01 17:32:47,631 INFO o.a.j.t.JMeterThread: Thread started: Stress stage 2 - 12 VUs 2-5
2026-09-01 17:32:48,464 INFO o.a.j.t.JMeterThread: Thread started: Stress stage 2 - 12 VUs 2-6
2026-09-01 17:32:49,299 INFO o.a.j.t.JMeterThread: Thread started: Stress stage 2 - 12 VUs 2-7
2026-09-01 17:32:50,128 INFO o.a.j.t.JMeterThread: Thread started: Stress stage 2 - 12 VUs 2-8
2026-09-01 17:32:50,960 INFO o.a.j.t.JMeterThread: Thread started: Stress stage 2 - 12 VUs 2-9
2026-09-01 17:32:51,795 INFO o.a.j.t.JMeterThread: Thread started: Stress stage 2 - 12 VUs 2-10
2026-09-01 17:32:52,627 INFO o.a.j.t.JMeterThread: Thread started: Stress stage 2 - 12 VUs 2-11
2026-09-01 17:32:53,463 INFO o.a.j.t.JMeterThread: Thread started: Stress stage 2 - 12 VUs 2-12
2026-09-01 17:33:00,020 INFO o.a.j.r.Summariser: summary +    612 in 00:00:30 =   20.4/s Avg:     1 Min:     0 Max:    13 Err:     0 (0.00%) Active: 12 Started: 18 Finished: 6
2026-09-01 17:33:00,021 INFO o.a.j.r.Summariser: summary =   1304 in 00:01:16 =   17.2/s Avg:     1 Min:     0 Max:    19 Err:     0 (0.00%)
2026-09-01 17:33:30,041 INFO o.a.j.r.Summariser: summary +   1009 in 00:00:30 =   33.6/s Avg:     1 Min:     0 Max:    18 Err:     0 (0.00%) Active: 12 Started: 18 Finished: 6
2026-09-01 17:33:30,042 INFO o.a.j.r.Summariser: summary =   2313 in 00:01:46 =   21.9/s Avg:     1 Min:     0 Max:    19 Err:     0 (0.00%)
2026-09-01 17:33:43,965 INFO o.a.j.t.JMeterThread: Thread finished: Stress stage 2 - 12 VUs 2-5
2026-09-01 17:33:44,041 INFO o.a.j.t.JMeterThread: Thread finished: Stress stage 2 - 12 VUs 2-10
2026-09-01 17:33:44,058 INFO o.a.j.t.JMeterThread: Thread finished: Stress stage 2 - 12 VUs 2-1
2026-09-01 17:33:44,076 INFO o.a.j.t.JMeterThread: Thread finished: Stress stage 2 - 12 VUs 2-7
2026-09-01 17:33:44,088 INFO o.a.j.t.JMeterThread: Thread finished: Stress stage 2 - 12 VUs 2-9
2026-09-01 17:33:44,146 INFO o.a.j.t.JMeterThread: Thread finished: Stress stage 2 - 12 VUs 2-12
2026-09-01 17:33:44,161 INFO o.a.j.t.JMeterThread: Thread finished: Stress stage 2 - 12 VUs 2-8
2026-09-01 17:33:44,161 INFO o.a.j.t.JMeterThread: Thread finished: Stress stage 2 - 12 VUs 2-4
2026-09-01 17:33:44,174 INFO o.a.j.t.JMeterThread: Thread finished: Stress stage 2 - 12 VUs 2-6
2026-09-01 17:33:44,174 INFO o.a.j.t.JMeterThread: Thread finished: Stress stage 2 - 12 VUs 2-3
2026-09-01 17:33:44,188 INFO o.a.j.t.JMeterThread: Thread finished: Stress stage 2 - 12 VUs 2-11
2026-09-01 17:33:44,294 INFO o.a.j.t.JMeterThread: Stopping because end time detected by thread: Stress stage 2 - 12 VUs 2-2
2026-09-01 17:33:44,295 INFO o.a.j.t.JMeterThread: Thread finished: Stress stage 2 - 12 VUs 2-2
2026-09-01 17:33:44,299 INFO o.a.j.t.JMeterThread: Thread started: Stress stage 3 - 24 VUs 3-1
2026-09-01 17:33:44,716 INFO o.a.j.t.JMeterThread: Thread started: Stress stage 3 - 24 VUs 3-2
2026-09-01 17:33:45,138 INFO o.a.j.t.JMeterThread: Thread started: Stress stage 3 - 24 VUs 3-3
2026-09-01 17:33:45,553 INFO o.a.j.t.JMeterThread: Thread started: Stress stage 3 - 24 VUs 3-4
2026-09-01 17:33:45,973 INFO o.a.j.t.JMeterThread: Thread started: Stress stage 3 - 24 VUs 3-5
2026-09-01 17:33:46,386 INFO o.a.j.t.JMeterThread: Thread started: Stress stage 3 - 24 VUs 3-6
2026-09-01 17:33:46,803 INFO o.a.j.t.JMeterThread: Thread started: Stress stage 3 - 24 VUs 3-7
2026-09-01 17:33:47,222 INFO o.a.j.t.JMeterThread: Thread started: Stress stage 3 - 24 VUs 3-8
2026-09-01 17:33:47,638 INFO o.a.j.t.JMeterThread: Thread started: Stress stage 3 - 24 VUs 3-9
2026-09-01 17:33:48,057 INFO o.a.j.t.JMeterThread: Thread started: Stress stage 3 - 24 VUs 3-10
2026-09-01 17:33:48,471 INFO o.a.j.t.JMeterThread: Thread started: Stress stage 3 - 24 VUs 3-11
2026-09-01 17:33:48,889 INFO o.a.j.t.JMeterThread: Thread started: Stress stage 3 - 24 VUs 3-12
2026-09-01 17:33:49,300 INFO o.a.j.t.JMeterThread: Thread started: Stress stage 3 - 24 VUs 3-13
2026-09-01 17:33:49,723 INFO o.a.j.t.JMeterThread: Thread started: Stress stage 3 - 24 VUs 3-14
2026-09-01 17:33:50,142 INFO o.a.j.t.JMeterThread: Thread started: Stress stage 3 - 24 VUs 3-15
2026-09-01 17:33:50,557 INFO o.a.j.t.JMeterThread: Thread started: Stress stage 3 - 24 VUs 3-16
2026-09-01 17:33:50,977 INFO o.a.j.t.JMeterThread: Thread started: Stress stage 3 - 24 VUs 3-17
2026-09-01 17:33:51,392 INFO o.a.j.t.JMeterThread: Thread started: Stress stage 3 - 24 VUs 3-18
2026-09-01 17:33:51,811 INFO o.a.j.t.JMeterThread: Thread started: Stress stage 3 - 24 VUs 3-19
2026-09-01 17:33:52,224 INFO o.a.j.t.JMeterThread: Thread started: Stress stage 3 - 24 VUs 3-20
2026-09-01 17:33:52,642 INFO o.a.j.t.JMeterThread: Thread started: Stress stage 3 - 24 VUs 3-21
2026-09-01 17:33:53,060 INFO o.a.j.t.JMeterThread: Thread started: Stress stage 3 - 24 VUs 3-22
2026-09-01 17:33:53,473 INFO o.a.j.t.JMeterThread: Thread started: Stress stage 3 - 24 VUs 3-23
2026-09-01 17:33:53,895 INFO o.a.j.t.JMeterThread: Thread started: Stress stage 3 - 24 VUs 3-24
2026-09-01 17:34:00,002 INFO o.a.j.r.Summariser: summary +   1215 in 00:00:30 =   40.6/s Avg:     1 Min:     0 Max:     9 Err:     0 (0.00%) Active: 24 Started: 42 Finished: 18
2026-09-01 17:34:00,002 INFO o.a.j.r.Summariser: summary =   3528 in 00:02:16 =   26.0/s Avg:     1 Min:     0 Max:    19 Err:     0 (0.00%)
2026-09-01 17:34:30,005 INFO o.a.j.r.Summariser: summary +   2021 in 00:00:30 =   67.4/s Avg:     1 Min:     0 Max:    14 Err:     0 (0.00%) Active: 24 Started: 42 Finished: 18
2026-09-01 17:34:30,006 INFO o.a.j.r.Summariser: summary =   5549 in 00:02:46 =   33.5/s Avg:     1 Min:     0 Max:    19 Err:     0 (0.00%)
2026-09-01 17:34:43,934 INFO o.a.j.t.JMeterThread: Thread finished: Stress stage 3 - 24 VUs 3-7
2026-09-01 17:34:44,004 INFO o.a.j.t.JMeterThread: Thread finished: Stress stage 3 - 24 VUs 3-23
2026-09-01 17:34:44,016 INFO o.a.j.t.JMeterThread: Thread finished: Stress stage 3 - 24 VUs 3-5
2026-09-01 17:34:44,040 INFO o.a.j.t.JMeterThread: Thread finished: Stress stage 3 - 24 VUs 3-22
2026-09-01 17:34:44,041 INFO o.a.j.t.JMeterThread: Thread finished: Stress stage 3 - 24 VUs 3-16
2026-09-01 17:34:44,050 INFO o.a.j.t.JMeterThread: Thread finished: Stress stage 3 - 24 VUs 3-9
2026-09-01 17:34:44,059 INFO o.a.j.t.JMeterThread: Thread finished: Stress stage 3 - 24 VUs 3-21
2026-09-01 17:34:44,072 INFO o.a.j.t.JMeterThread: Thread finished: Stress stage 3 - 24 VUs 3-4
2026-09-01 17:34:44,073 INFO o.a.j.t.JMeterThread: Thread finished: Stress stage 3 - 24 VUs 3-14
2026-09-01 17:34:44,101 INFO o.a.j.t.JMeterThread: Thread finished: Stress stage 3 - 24 VUs 3-18
2026-09-01 17:34:44,138 INFO o.a.j.t.JMeterThread: Thread finished: Stress stage 3 - 24 VUs 3-6
2026-09-01 17:34:44,152 INFO o.a.j.t.JMeterThread: Thread finished: Stress stage 3 - 24 VUs 3-19
2026-09-01 17:34:44,154 INFO o.a.j.t.JMeterThread: Thread finished: Stress stage 3 - 24 VUs 3-12
2026-09-01 17:34:44,154 INFO o.a.j.t.JMeterThread: Thread finished: Stress stage 3 - 24 VUs 3-17
2026-09-01 17:34:44,181 INFO o.a.j.t.JMeterThread: Thread finished: Stress stage 3 - 24 VUs 3-8
2026-09-01 17:34:44,211 INFO o.a.j.t.JMeterThread: Thread finished: Stress stage 3 - 24 VUs 3-13
2026-09-01 17:34:44,214 INFO o.a.j.t.JMeterThread: Thread finished: Stress stage 3 - 24 VUs 3-20
2026-09-01 17:34:44,217 INFO o.a.j.t.JMeterThread: Thread finished: Stress stage 3 - 24 VUs 3-2
2026-09-01 17:34:44,242 INFO o.a.j.t.JMeterThread: Thread finished: Stress stage 3 - 24 VUs 3-15
2026-09-01 17:34:44,242 INFO o.a.j.t.JMeterThread: Thread finished: Stress stage 3 - 24 VUs 3-1
2026-09-01 17:34:44,245 INFO o.a.j.t.JMeterThread: Thread finished: Stress stage 3 - 24 VUs 3-3
2026-09-01 17:34:44,247 INFO o.a.j.t.JMeterThread: Thread finished: Stress stage 3 - 24 VUs 3-24
2026-09-01 17:34:44,282 INFO o.a.j.t.JMeterThread: Thread finished: Stress stage 3 - 24 VUs 3-10
2026-09-01 17:34:44,284 INFO o.a.j.t.JMeterThread: Thread finished: Stress stage 3 - 24 VUs 3-11
2026-09-01 17:34:44,284 INFO o.a.j.e.StandardJMeterEngine: Notifying test listeners of end of test
2026-09-01 17:34:44,284 INFO o.a.j.s.FileServer: Close: ../data/performance_users.csv
2026-09-01 17:34:44,288 INFO o.a.j.r.Summariser: summary +    965 in 00:00:14 =   67.6/s Avg:     1 Min:     0 Max:     6 Err:     0 (0.00%) Active: 0 Started: 42 Finished: 42
2026-09-01 17:34:44,288 INFO o.a.j.r.Summariser: summary =   6514 in 00:03:00 =   36.2/s Avg:     1 Min:     0 Max:    19 Err:     0 (0.00%)
2026-09-01 17:34:44,289 INFO o.a.j.JMeter: Generating Dashboard
2026-09-01 17:34:44,289 INFO o.a.j.r.d.ReportGenerator: Flushing result collector before report Generation
2026-09-01 17:34:44,300 INFO o.a.j.r.p.NormalizerSampleConsumer: Using format, 'ms', to parse timeStamp field
2026-09-01 17:34:44,411 INFO o.a.j.r.p.AbstractSampleConsumer: class org.apache.jmeter.report.processor.AggregateConsumer#stopProducing(): beginDate produced 0 samples
2026-09-01 17:34:44,411 INFO o.a.j.r.p.AbstractSampleConsumer: class org.apache.jmeter.report.processor.AggregateConsumer#stopProducing(): endDate produced 0 samples
2026-09-01 17:34:44,412 INFO o.a.j.r.p.AbstractSampleConsumer: class org.apache.jmeter.report.processor.ApdexSummaryConsumer#stopProducing(): apdexSummary produced 0 samples
2026-09-01 17:34:44,412 INFO o.a.j.r.p.AbstractSampleConsumer: class org.apache.jmeter.report.processor.RequestsSummaryConsumer#stopProducing(): requestsSummary produced 0 samples
2026-09-01 17:34:44,415 INFO o.a.j.r.p.AbstractSampleConsumer: class org.apache.jmeter.report.processor.StatisticsSummaryConsumer#stopProducing(): statisticsSummary produced 0 samples
2026-09-01 17:34:44,416 INFO o.a.j.r.p.AbstractSampleConsumer: class org.apache.jmeter.report.processor.Top5ErrorsBySamplerConsumer#stopProducing(): top5ErrorsBySampler produced 0 samples
2026-09-01 17:34:44,416 INFO o.a.j.r.p.AbstractSampleConsumer: class org.apache.jmeter.report.processor.ErrorsSummaryConsumer#stopProducing(): errorsSummary produced 0 samples
2026-09-01 17:34:44,416 INFO o.a.j.r.p.AbstractSampleConsumer: class org.apache.jmeter.report.processor.graph.impl.HitsPerSecondGraphConsumer#stopProducing(): hitsPerSecond produced 0 samples
2026-09-01 17:34:44,444 INFO o.a.j.r.p.AbstractSampleConsumer: class org.apache.jmeter.report.processor.graph.impl.LatencyVSRequestGraphConsumer#stopProducing(): latencyVsRequest produced 0 samples
2026-09-01 17:34:44,444 INFO o.a.j.r.p.AbstractSampleConsumer: class org.apache.jmeter.report.processor.graph.impl.SyntheticResponseTimeDistributionGraphConsumer#stopProducing(): syntheticResponseTimeDistribution produced 0 samples
2026-09-01 17:34:44,445 INFO o.a.j.r.p.AbstractSampleConsumer: class org.apache.jmeter.report.processor.graph.impl.BytesThroughputGraphConsumer#stopProducing(): bytesThroughputOverTime produced 0 samples
2026-09-01 17:34:44,445 INFO o.a.j.r.p.AbstractSampleConsumer: class org.apache.jmeter.report.processor.graph.impl.CodesPerSecondGraphConsumer#stopProducing(): codesPerSecond produced 0 samples
2026-09-01 17:34:44,464 INFO o.a.j.r.p.AbstractSampleConsumer: class org.apache.jmeter.report.processor.graph.impl.ResponseTimeVSRequestGraphConsumer#stopProducing(): responseTimeVsRequest produced 0 samples
2026-09-01 17:34:44,465 INFO o.a.j.r.p.AbstractSampleConsumer: class org.apache.jmeter.report.processor.FilterConsumer#stopProducing(): startIntervalControlerFilter produced 45598 samples
2026-09-01 17:34:44,465 INFO o.a.j.r.p.AbstractSampleConsumer: class org.apache.jmeter.report.processor.graph.impl.TotalTPSGraphConsumer#stopProducing(): totalTPS produced 0 samples
2026-09-01 17:34:44,465 INFO o.a.j.r.p.AbstractSampleConsumer: class org.apache.jmeter.report.processor.graph.impl.ActiveThreadsGraphConsumer#stopProducing(): activeThreadsOverTime produced 0 samples
2026-09-01 17:34:44,465 INFO o.a.j.r.p.AbstractSampleConsumer: class org.apache.jmeter.report.processor.graph.impl.TimeVSThreadGraphConsumer#stopProducing(): timeVsThreads produced 0 samples
2026-09-01 17:34:44,465 INFO o.a.j.r.p.AbstractSampleConsumer: class org.apache.jmeter.report.processor.graph.impl.ResponseTimeDistributionGraphConsumer#stopProducing(): responseTimeDistribution produced 0 samples
2026-09-01 17:34:44,465 INFO o.a.j.r.p.AbstractSampleConsumer: class org.apache.jmeter.report.processor.graph.impl.TransactionsPerSecondGraphConsumer#stopProducing(): transactionsPerSecond produced 0 samples
2026-09-01 17:34:44,465 INFO o.a.j.r.p.AbstractSampleConsumer: class org.apache.jmeter.report.processor.graph.impl.ResponseTimePercentilesGraphConsumer#stopProducing(): responseTimePercentiles produced 0 samples
2026-09-01 17:34:44,465 INFO o.a.j.r.p.AbstractSampleConsumer: class org.apache.jmeter.report.processor.graph.impl.ResponseTimePercentilesOverTimeGraphConsumer#stopProducing(): responseTimePercentilesOverTime produced 0 samples
2026-09-01 17:34:44,466 INFO o.a.j.r.p.AbstractSampleConsumer: class org.apache.jmeter.report.processor.graph.impl.ResponseTimeOverTimeGraphConsumer#stopProducing(): responseTimesOverTime produced 0 samples
2026-09-01 17:34:44,466 INFO o.a.j.r.p.AbstractSampleConsumer: class org.apache.jmeter.report.processor.graph.impl.ConnectTimeOverTimeGraphConsumer#stopProducing(): connectTimeOverTime produced 0 samples
2026-09-01 17:34:44,466 INFO o.a.j.r.p.AbstractSampleConsumer: class org.apache.jmeter.report.processor.graph.impl.LatencyOverTimeGraphConsumer#stopProducing(): latenciesOverTime produced 0 samples
2026-09-01 17:34:44,466 INFO o.a.j.r.p.AbstractSampleConsumer: class org.apache.jmeter.report.processor.FilterConsumer#stopProducing(): nameFilter produced 97710 samples
2026-09-01 17:34:44,466 INFO o.a.j.r.p.AbstractSampleConsumer: class org.apache.jmeter.report.processor.FilterConsumer#stopProducing(): dateRangeFilter produced 19542 samples
2026-09-01 17:34:44,466 INFO o.a.j.r.p.AbstractSampleConsumer: class org.apache.jmeter.report.processor.NormalizerSampleConsumer#stopProducing(): normalizer produced 6514 samples
2026-09-01 17:34:44,466 INFO o.a.j.r.p.CsvFileSampleSource: produce(): 6514 samples produced in 155ms on channel 0
2026-09-01 17:34:44,466 INFO o.a.j.r.d.ReportGenerator: Exporting data using exporter:'json' of className:'org.apache.jmeter.report.dashboard.JsonExporter'
2026-09-01 17:34:44,505 INFO o.a.j.r.d.JsonExporter: Found data for consumer statisticsSummary in context
2026-09-01 17:34:44,505 INFO o.a.j.r.d.JsonExporter: Creating statistics for overall
2026-09-01 17:34:44,505 INFO o.a.j.r.d.JsonExporter: Creating statistics for other transactions
2026-09-01 17:34:44,505 INFO o.a.j.r.d.JsonExporter: Checking output folder
2026-09-01 17:34:44,506 INFO o.a.j.r.d.JsonExporter: Writing statistics JSON to /Users/kunda/Documents/hw/hw05/reports/23127035_Stress_20260831/statistics.json
2026-09-01 17:34:44,529 INFO o.a.j.r.d.ReportGenerator: Exporting data using exporter:'html' of className:'org.apache.jmeter.report.dashboard.HtmlTemplateExporter'
2026-09-01 17:34:44,530 INFO o.a.j.r.d.HtmlTemplateExporter: Will generate dashboard in folder: /Users/kunda/Documents/hw/hw05/reports/23127035_Stress_20260831
2026-09-01 17:34:44,578 INFO o.a.j.r.d.HtmlTemplateExporter: Report will be generated in: /Users/kunda/Documents/hw/hw05/reports/23127035_Stress_20260831, creating folder structure
2026-09-01 17:34:44,578 INFO o.a.j.r.d.TemplateVisitor: Copying folder from '/opt/homebrew/Cellar/jmeter/5.6.3/libexec/bin/report-template' to '/Users/kunda/Documents/hw/hw05/reports/23127035_Stress_20260831', got message: /Users/kunda/Documents/hw/hw05/reports/23127035_Stress_20260831, found non empty folder with following content [/Users/kunda/Documents/hw/hw05/reports/23127035_Stress_20260831/statistics.json], will be ignored
2026-09-01 17:34:44,694 INFO o.a.j.JMeter: Dashboard generated
