2026-09-01 17:29:26,451 INFO o.a.j.u.JMeterUtils: Setting Locale to en_EN
2026-09-01 17:29:26,462 INFO o.a.j.JMeter: Loading user properties from: /opt/homebrew/Cellar/jmeter/5.6.3/libexec/bin/user.properties
2026-09-01 17:29:26,463 INFO o.a.j.JMeter: Loading system properties from: /opt/homebrew/Cellar/jmeter/5.6.3/libexec/bin/system.properties
2026-09-01 17:29:26,463 INFO o.a.j.JMeter: Setting JMeter property: jmeter.save.saveservice.output_format=csv
2026-09-01 17:29:26,463 INFO o.a.j.JMeter: Setting JMeter property: jmeter.save.saveservice.print_field_names=true
2026-09-01 17:29:26,463 INFO o.a.j.JMeter: Setting JMeter property: jmeter.save.saveservice.connect_time=true
2026-09-01 17:29:26,463 INFO o.a.j.JMeter: Setting JMeter property: jmeter.save.saveservice.latency=true
2026-09-01 17:29:26,463 INFO o.a.j.JMeter: Setting JMeter property: jmeter.save.saveservice.bytes=true
2026-09-01 17:29:26,463 INFO o.a.j.JMeter: Setting JMeter property: jmeter.save.saveservice.sent_bytes=true
2026-09-01 17:29:26,463 INFO o.a.j.JMeter: Setting JMeter property: jmeter.save.saveservice.thread_counts=true
2026-09-01 17:29:26,463 INFO o.a.j.JMeter: Setting JMeter property: jmeter.save.saveservice.assertion_results_failure_message=true
2026-09-01 17:29:26,463 INFO o.a.j.JMeter: Setting JMeter property: port=3001
2026-09-01 17:29:26,465 INFO o.a.j.JMeter: Copyright (c) 1998-2024 The Apache Software Foundation
2026-09-01 17:29:26,465 INFO o.a.j.JMeter: Version 5.6.3
2026-09-01 17:29:26,465 INFO o.a.j.JMeter: java.version=21.0.12.1
2026-09-01 17:29:26,465 INFO o.a.j.JMeter: java.vm.name=OpenJDK 64-Bit Server VM
2026-09-01 17:29:26,465 INFO o.a.j.JMeter: os.name=Mac OS X
2026-09-01 17:29:26,465 INFO o.a.j.JMeter: os.arch=aarch64
2026-09-01 17:29:26,465 INFO o.a.j.JMeter: os.version=26.5.1
2026-09-01 17:29:26,465 INFO o.a.j.JMeter: file.encoding=UTF-8
2026-09-01 17:29:26,465 INFO o.a.j.JMeter: java.awt.headless=true
2026-09-01 17:29:26,466 INFO o.a.j.JMeter: Max memory     =1073741824
2026-09-01 17:29:26,466 INFO o.a.j.JMeter: Available Processors =10
2026-09-01 17:29:26,470 INFO o.a.j.JMeter: Default Locale=English (EN)
2026-09-01 17:29:26,470 INFO o.a.j.JMeter: JMeter  Locale=English (EN)
2026-09-01 17:29:26,470 INFO o.a.j.JMeter: JMeterHome=/opt/homebrew/Cellar/jmeter/5.6.3/libexec
2026-09-01 17:29:26,470 INFO o.a.j.JMeter: user.dir  =/Users/kunda/Documents/hw/hw05
2026-09-01 17:29:26,470 INFO o.a.j.JMeter: PWD       =/Users/kunda/Documents/hw/hw05
2026-09-01 17:29:26,472 INFO o.a.j.JMeter: IP: 127.0.0.1 Name: MacBook-Air-cua-KunDa.local FullName: localhost
2026-09-01 17:29:26,479 INFO o.a.j.JMeter: Setting property 'jmeter.reportgenerator.outputdir' to:'/Users/kunda/Documents/hw/hw05/reports/23127035_Load_20260831'
2026-09-01 17:29:26,480 INFO o.a.j.s.FileServer: Default base='/Users/kunda/Documents/hw/hw05'
2026-09-01 17:29:26,482 INFO o.a.j.s.FileServer: Set new base='/Users/kunda/Documents/hw/hw05/test-plans'
2026-09-01 17:29:26,562 INFO o.a.j.s.SaveService: Testplan (JMX) version: 2.2. Testlog (JTL) version: 2.2
2026-09-01 17:29:26,581 INFO o.a.j.s.SaveService: Using SaveService properties version 5.0
2026-09-01 17:29:26,583 INFO o.a.j.s.SaveService: Using SaveService properties file encoding UTF-8
2026-09-01 17:29:26,584 INFO o.a.j.s.SaveService: Loading file: /Users/kunda/Documents/hw/hw05/test-plans/23127035_Load_20260831.jmx
2026-09-01 17:29:26,609 INFO o.a.j.p.h.s.HTTPSamplerBase: Parser for text/html is org.apache.jmeter.protocol.http.parser.LagartoBasedHtmlParser
2026-09-01 17:29:26,609 INFO o.a.j.p.h.s.HTTPSamplerBase: Parser for application/xhtml+xml is org.apache.jmeter.protocol.http.parser.LagartoBasedHtmlParser
2026-09-01 17:29:26,609 INFO o.a.j.p.h.s.HTTPSamplerBase: Parser for application/xml is org.apache.jmeter.protocol.http.parser.LagartoBasedHtmlParser
2026-09-01 17:29:26,609 INFO o.a.j.p.h.s.HTTPSamplerBase: Parser for text/xml is org.apache.jmeter.protocol.http.parser.LagartoBasedHtmlParser
2026-09-01 17:29:26,609 INFO o.a.j.p.h.s.HTTPSamplerBase: Parser for text/vnd.wap.wml is org.apache.jmeter.protocol.http.parser.RegexpHTMLParser
2026-09-01 17:29:26,609 INFO o.a.j.p.h.s.HTTPSamplerBase: Parser for text/css is org.apache.jmeter.protocol.http.parser.CssParser
2026-09-01 17:29:26,633 INFO o.a.j.JMeter: Creating summariser <summary>
2026-09-01 17:29:26,635 INFO o.a.j.r.d.ReportGenerator: ReportGenerator will use for Parsing the separator: ','
2026-09-01 17:29:26,635 INFO o.a.j.r.d.ReportGenerator: Will generate report at end of test from  results file: /Users/kunda/Documents/hw/hw05/results/23127035_Load_20260831.jtl
2026-09-01 17:29:26,635 INFO o.a.j.r.d.ReportGenerator: Reading report generator properties from: /opt/homebrew/Cellar/jmeter/5.6.3/libexec/bin/reportgenerator.properties
2026-09-01 17:29:26,636 INFO o.a.j.r.d.ReportGenerator: Merging with JMeter properties
2026-09-01 17:29:26,637 INFO o.a.j.r.c.ReportGeneratorConfiguration: Property 'jmeter.reportgenerator.temp_dir' not found, using default value 'temp' instead.
2026-09-01 17:29:26,637 INFO o.a.j.r.c.ReportGeneratorConfiguration: Property 'jmeter.reportgenerator.apdex_per_transaction' not found, using default value 'null' instead.
2026-09-01 17:29:26,638 INFO o.a.j.r.c.ReportGeneratorConfiguration: apdex_per_transaction is empty, not APDEX per transaction customization
2026-09-01 17:29:26,638 INFO o.a.j.r.c.ReportGeneratorConfiguration: Property 'jmeter.reportgenerator.sample_filter' not found, using default value 'null' instead.
2026-09-01 17:29:26,638 INFO o.a.j.r.c.ReportGeneratorConfiguration: Property 'jmeter.reportgenerator.report_title' not found, using default value 'null' instead.
2026-09-01 17:29:26,638 INFO o.a.j.r.c.ReportGeneratorConfiguration: Property 'jmeter.reportgenerator.start_date' not found, using default value 'null' instead.
2026-09-01 17:29:26,638 INFO o.a.j.r.c.ReportGeneratorConfiguration: Property 'jmeter.reportgenerator.end_date' not found, using default value 'null' instead.
2026-09-01 17:29:26,638 INFO o.a.j.r.c.ReportGeneratorConfiguration: Property 'jmeter.reportgenerator.date_format' not found, using default value 'null' instead.
2026-09-01 17:29:26,638 INFO o.a.j.r.c.ReportGeneratorConfiguration: Will use date range start date: null, end date: null
2026-09-01 17:29:26,639 INFO o.a.j.r.c.ReportGeneratorConfiguration: Property 'jmeter.reportgenerator.graph.totalTPS.exclude_controllers' not found, using default value 'false' instead.
2026-09-01 17:29:26,639 INFO o.a.j.r.c.ReportGeneratorConfiguration: Property 'jmeter.reportgenerator.graph.activeThreadsOverTime.exclude_controllers' not found, using default value 'false' instead.
2026-09-01 17:29:26,639 INFO o.a.j.r.c.ReportGeneratorConfiguration: Property 'jmeter.reportgenerator.graph.timeVsThreads.exclude_controllers' not found, using default value 'false' instead.
2026-09-01 17:29:26,639 INFO o.a.j.r.c.ReportGeneratorConfiguration: Property 'jmeter.reportgenerator.graph.responseTimeDistribution.exclude_controllers' not found, using default value 'false' instead.
2026-09-01 17:29:26,639 INFO o.a.j.r.c.ReportGeneratorConfiguration: Property 'jmeter.reportgenerator.graph.transactionsPerSecond.exclude_controllers' not found, using default value 'false' instead.
2026-09-01 17:29:26,639 INFO o.a.j.r.c.ReportGeneratorConfiguration: Property 'jmeter.reportgenerator.graph.responseTimePercentiles.exclude_controllers' not found, using default value 'false' instead.
2026-09-01 17:29:26,639 INFO o.a.j.r.c.ReportGeneratorConfiguration: Property 'jmeter.reportgenerator.graph.responseTimePercentilesOverTime.exclude_controllers' not found, using default value 'false' instead.
2026-09-01 17:29:26,640 INFO o.a.j.r.c.ReportGeneratorConfiguration: Property 'jmeter.reportgenerator.graph.responseTimesOverTime.exclude_controllers' not found, using default value 'false' instead.
2026-09-01 17:29:26,640 INFO o.a.j.r.c.ReportGeneratorConfiguration: Property 'jmeter.reportgenerator.graph.connectTimeOverTime.exclude_controllers' not found, using default value 'false' instead.
2026-09-01 17:29:26,640 INFO o.a.j.r.c.ReportGeneratorConfiguration: Property 'jmeter.reportgenerator.graph.latenciesOverTime.exclude_controllers' not found, using default value 'false' instead.
2026-09-01 17:29:26,640 INFO o.a.j.r.c.ReportGeneratorConfiguration: Property 'jmeter.reportgenerator.exporter.json.filters_only_sample_series' not found, using default value 'true' instead.
2026-09-01 17:29:26,640 INFO o.a.j.r.c.ReportGeneratorConfiguration: Property 'jmeter.reportgenerator.exporter.json.series_filter' not found, using default value '' instead.
2026-09-01 17:29:26,640 INFO o.a.j.r.c.ReportGeneratorConfiguration: Property 'jmeter.reportgenerator.exporter.json.show_controllers_only' not found, using default value 'false' instead.
2026-09-01 17:29:26,640 INFO o.a.j.r.c.ReportGeneratorConfiguration: Property 'jmeter.reportgenerator.exporter.html.filters_only_sample_series' not found, using default value 'true' instead.
2026-09-01 17:29:26,640 INFO o.a.j.r.c.ReportGeneratorConfiguration: Property 'jmeter.reportgenerator.exporter.html.series_filter' not found, using default value '' instead.
2026-09-01 17:29:26,640 INFO o.a.j.r.c.ReportGeneratorConfiguration: Property 'jmeter.reportgenerator.exporter.html.show_controllers_only' not found, using default value 'false' instead.
2026-09-01 17:29:26,645 INFO o.a.j.e.StandardJMeterEngine: Running the test!
2026-09-01 17:29:26,646 INFO o.a.j.s.SampleEvent: List of sample_variables: []
2026-09-01 17:29:26,646 INFO o.a.j.s.SampleEvent: List of sample_variables: []
2026-09-01 17:29:26,647 INFO o.a.j.e.u.CompoundVariable: Note: Function class names must contain the string: '.functions.'
2026-09-01 17:29:26,647 INFO o.a.j.e.u.CompoundVariable: Note: Function class names must not contain the string: '.gui.'
2026-09-01 17:29:26,661 INFO o.a.j.r.ClassFinder: Will scan jar /opt/homebrew/Cellar/jmeter/5.6.3/libexec/lib/ext/jmeter-plugins-manager-1.9.jar with filter ExtendsClassFilter [parents=[interface org.apache.jmeter.functions.Function], inner=false, contains=null, notContains=null]. Consider exposing JMeter plugins via META-INF/services, and add JMeter-Skip-Class-Scanning=true manifest attribute so JMeter can skip classfile scanning
2026-09-01 17:29:26,779 INFO o.a.j.JMeter: Running test (1788258566779)
2026-09-01 17:29:26,787 INFO o.a.j.e.StandardJMeterEngine: Starting ThreadGroup: 1 : Load - 6 VUs steady
2026-09-01 17:29:26,788 INFO o.a.j.e.StandardJMeterEngine: Starting 6 threads for group Load - 6 VUs steady.
2026-09-01 17:29:26,788 INFO o.a.j.e.StandardJMeterEngine: Thread will continue on error
2026-09-01 17:29:26,788 INFO o.a.j.t.ThreadGroup: Starting thread group... number=1 threads=6 ramp-up=15 delayedStart=false
2026-09-01 17:29:26,792 INFO o.a.j.t.ThreadGroup: Started thread group number 1
2026-09-01 17:29:26,792 INFO o.a.j.e.StandardJMeterEngine: All thread groups have been started
2026-09-01 17:29:26,794 INFO o.a.j.t.JMeterThread: Thread started: Load - 6 VUs steady 1-1
2026-09-01 17:29:26,794 INFO o.a.j.s.FileServer: Stored: ../data/performance_users.csv
2026-09-01 17:29:27,520 INFO o.a.j.p.h.s.HTTPHCAbstractImpl: Local host = MacBook-Air-cua-KunDa.local
2026-09-01 17:29:27,525 INFO o.a.j.p.h.s.HTTPHC4Impl: HTTP request retry count = 0
2026-09-01 17:29:27,526 INFO o.a.j.s.SampleResult: Note: Sample TimeStamps are START times
2026-09-01 17:29:27,526 INFO o.a.j.s.SampleResult: sampleresult.default.encoding is set to UTF-8
2026-09-01 17:29:27,527 INFO o.a.j.s.SampleResult: sampleresult.useNanoTime=true
2026-09-01 17:29:27,527 INFO o.a.j.s.SampleResult: sampleresult.nanoThreadSleep=5000
2026-09-01 17:29:29,298 INFO o.a.j.t.JMeterThread: Thread started: Load - 6 VUs steady 1-2
2026-09-01 17:29:30,073 INFO o.a.j.r.Summariser: summary +      8 in 00:00:03 =    2.4/s Avg:     7 Min:     4 Max:    19 Err:     0 (0.00%) Active: 2 Started: 2 Finished: 0
2026-09-01 17:29:31,796 INFO o.a.j.t.JMeterThread: Thread started: Load - 6 VUs steady 1-3
2026-09-01 17:29:34,298 INFO o.a.j.t.JMeterThread: Thread started: Load - 6 VUs steady 1-4
2026-09-01 17:29:36,796 INFO o.a.j.t.JMeterThread: Thread started: Load - 6 VUs steady 1-5
2026-09-01 17:29:39,296 INFO o.a.j.t.JMeterThread: Thread started: Load - 6 VUs steady 1-6
2026-09-01 17:30:00,180 INFO o.a.j.r.Summariser: summary +    432 in 00:00:30 =   14.3/s Avg:     2 Min:     0 Max:     8 Err:     0 (0.00%) Active: 6 Started: 6 Finished: 0
2026-09-01 17:30:00,181 INFO o.a.j.r.Summariser: summary =    440 in 00:00:33 =   13.2/s Avg:     3 Min:     0 Max:    19 Err:     0 (0.00%)
2026-09-01 17:30:30,051 INFO o.a.j.r.Summariser: summary +    507 in 00:00:30 =   17.0/s Avg:     2 Min:     0 Max:     8 Err:     0 (0.00%) Active: 6 Started: 6 Finished: 0
2026-09-01 17:30:30,052 INFO o.a.j.r.Summariser: summary =    947 in 00:01:03 =   15.0/s Avg:     2 Min:     0 Max:    19 Err:     0 (0.00%)
2026-09-01 17:31:00,102 INFO o.a.j.r.Summariser: summary +    515 in 00:00:30 =   17.1/s Avg:     2 Min:     0 Max:    72 Err:     0 (0.00%) Active: 6 Started: 6 Finished: 0
2026-09-01 17:31:00,103 INFO o.a.j.r.Summariser: summary =   1462 in 00:01:33 =   15.7/s Avg:     2 Min:     0 Max:    72 Err:     0 (0.00%)
2026-09-01 17:31:26,530 INFO o.a.j.t.JMeterThread: Thread finished: Load - 6 VUs steady 1-5
2026-09-01 17:31:26,579 INFO o.a.j.t.JMeterThread: Thread finished: Load - 6 VUs steady 1-4
2026-09-01 17:31:26,614 INFO o.a.j.t.JMeterThread: Thread finished: Load - 6 VUs steady 1-6
2026-09-01 17:31:26,674 INFO o.a.j.t.JMeterThread: Thread finished: Load - 6 VUs steady 1-2
2026-09-01 17:31:26,719 INFO o.a.j.t.JMeterThread: Thread finished: Load - 6 VUs steady 1-3
2026-09-01 17:31:26,789 INFO o.a.j.t.JMeterThread: Stopping because end time detected by thread: Load - 6 VUs steady 1-1
2026-09-01 17:31:26,789 INFO o.a.j.t.JMeterThread: Thread finished: Load - 6 VUs steady 1-1
2026-09-01 17:31:26,789 INFO o.a.j.e.StandardJMeterEngine: Notifying test listeners of end of test
2026-09-01 17:31:26,790 INFO o.a.j.s.FileServer: Close: ../data/performance_users.csv
2026-09-01 17:31:26,797 INFO o.a.j.r.Summariser: summary +    450 in 00:00:27 =   16.9/s Avg:     2 Min:     0 Max:    12 Err:     0 (0.00%) Active: 0 Started: 6 Finished: 6
2026-09-01 17:31:26,797 INFO o.a.j.r.Summariser: summary =   1912 in 00:02:00 =   15.9/s Avg:     2 Min:     0 Max:    72 Err:     0 (0.00%)
2026-09-01 17:31:26,798 INFO o.a.j.JMeter: Generating Dashboard
2026-09-01 17:31:26,798 INFO o.a.j.r.d.ReportGenerator: Flushing result collector before report Generation
2026-09-01 17:31:26,809 INFO o.a.j.r.p.NormalizerSampleConsumer: Using format, 'ms', to parse timeStamp field
2026-09-01 17:31:26,870 INFO o.a.j.r.p.AbstractSampleConsumer: class org.apache.jmeter.report.processor.AggregateConsumer#stopProducing(): beginDate produced 0 samples
2026-09-01 17:31:26,870 INFO o.a.j.r.p.AbstractSampleConsumer: class org.apache.jmeter.report.processor.AggregateConsumer#stopProducing(): endDate produced 0 samples
2026-09-01 17:31:26,871 INFO o.a.j.r.p.AbstractSampleConsumer: class org.apache.jmeter.report.processor.ApdexSummaryConsumer#stopProducing(): apdexSummary produced 0 samples
2026-09-01 17:31:26,871 INFO o.a.j.r.p.AbstractSampleConsumer: class org.apache.jmeter.report.processor.RequestsSummaryConsumer#stopProducing(): requestsSummary produced 0 samples
2026-09-01 17:31:26,873 INFO o.a.j.r.p.AbstractSampleConsumer: class org.apache.jmeter.report.processor.StatisticsSummaryConsumer#stopProducing(): statisticsSummary produced 0 samples
2026-09-01 17:31:26,875 INFO o.a.j.r.p.AbstractSampleConsumer: class org.apache.jmeter.report.processor.Top5ErrorsBySamplerConsumer#stopProducing(): top5ErrorsBySampler produced 0 samples
2026-09-01 17:31:26,875 INFO o.a.j.r.p.AbstractSampleConsumer: class org.apache.jmeter.report.processor.ErrorsSummaryConsumer#stopProducing(): errorsSummary produced 0 samples
2026-09-01 17:31:26,875 INFO o.a.j.r.p.AbstractSampleConsumer: class org.apache.jmeter.report.processor.graph.impl.HitsPerSecondGraphConsumer#stopProducing(): hitsPerSecond produced 0 samples
2026-09-01 17:31:26,887 INFO o.a.j.r.p.AbstractSampleConsumer: class org.apache.jmeter.report.processor.graph.impl.LatencyVSRequestGraphConsumer#stopProducing(): latencyVsRequest produced 0 samples
2026-09-01 17:31:26,888 INFO o.a.j.r.p.AbstractSampleConsumer: class org.apache.jmeter.report.processor.graph.impl.SyntheticResponseTimeDistributionGraphConsumer#stopProducing(): syntheticResponseTimeDistribution produced 0 samples
2026-09-01 17:31:26,888 INFO o.a.j.r.p.AbstractSampleConsumer: class org.apache.jmeter.report.processor.graph.impl.BytesThroughputGraphConsumer#stopProducing(): bytesThroughputOverTime produced 0 samples
2026-09-01 17:31:26,888 INFO o.a.j.r.p.AbstractSampleConsumer: class org.apache.jmeter.report.processor.graph.impl.CodesPerSecondGraphConsumer#stopProducing(): codesPerSecond produced 0 samples
2026-09-01 17:31:26,895 INFO o.a.j.r.p.AbstractSampleConsumer: class org.apache.jmeter.report.processor.graph.impl.ResponseTimeVSRequestGraphConsumer#stopProducing(): responseTimeVsRequest produced 0 samples
2026-09-01 17:31:26,896 INFO o.a.j.r.p.AbstractSampleConsumer: class org.apache.jmeter.report.processor.FilterConsumer#stopProducing(): startIntervalControlerFilter produced 13384 samples
2026-09-01 17:31:26,896 INFO o.a.j.r.p.AbstractSampleConsumer: class org.apache.jmeter.report.processor.graph.impl.TotalTPSGraphConsumer#stopProducing(): totalTPS produced 0 samples
2026-09-01 17:31:26,896 INFO o.a.j.r.p.AbstractSampleConsumer: class org.apache.jmeter.report.processor.graph.impl.ActiveThreadsGraphConsumer#stopProducing(): activeThreadsOverTime produced 0 samples
2026-09-01 17:31:26,896 INFO o.a.j.r.p.AbstractSampleConsumer: class org.apache.jmeter.report.processor.graph.impl.TimeVSThreadGraphConsumer#stopProducing(): timeVsThreads produced 0 samples
2026-09-01 17:31:26,896 INFO o.a.j.r.p.AbstractSampleConsumer: class org.apache.jmeter.report.processor.graph.impl.ResponseTimeDistributionGraphConsumer#stopProducing(): responseTimeDistribution produced 0 samples
2026-09-01 17:31:26,896 INFO o.a.j.r.p.AbstractSampleConsumer: class org.apache.jmeter.report.processor.graph.impl.TransactionsPerSecondGraphConsumer#stopProducing(): transactionsPerSecond produced 0 samples
2026-09-01 17:31:26,896 INFO o.a.j.r.p.AbstractSampleConsumer: class org.apache.jmeter.report.processor.graph.impl.ResponseTimePercentilesGraphConsumer#stopProducing(): responseTimePercentiles produced 0 samples
2026-09-01 17:31:26,896 INFO o.a.j.r.p.AbstractSampleConsumer: class org.apache.jmeter.report.processor.graph.impl.ResponseTimePercentilesOverTimeGraphConsumer#stopProducing(): responseTimePercentilesOverTime produced 0 samples
2026-09-01 17:31:26,897 INFO o.a.j.r.p.AbstractSampleConsumer: class org.apache.jmeter.report.processor.graph.impl.ResponseTimeOverTimeGraphConsumer#stopProducing(): responseTimesOverTime produced 0 samples
2026-09-01 17:31:26,897 INFO o.a.j.r.p.AbstractSampleConsumer: class org.apache.jmeter.report.processor.graph.impl.ConnectTimeOverTimeGraphConsumer#stopProducing(): connectTimeOverTime produced 0 samples
2026-09-01 17:31:26,897 INFO o.a.j.r.p.AbstractSampleConsumer: class org.apache.jmeter.report.processor.graph.impl.LatencyOverTimeGraphConsumer#stopProducing(): latenciesOverTime produced 0 samples
2026-09-01 17:31:26,897 INFO o.a.j.r.p.AbstractSampleConsumer: class org.apache.jmeter.report.processor.FilterConsumer#stopProducing(): nameFilter produced 28680 samples
2026-09-01 17:31:26,897 INFO o.a.j.r.p.AbstractSampleConsumer: class org.apache.jmeter.report.processor.FilterConsumer#stopProducing(): dateRangeFilter produced 5736 samples
2026-09-01 17:31:26,897 INFO o.a.j.r.p.AbstractSampleConsumer: class org.apache.jmeter.report.processor.NormalizerSampleConsumer#stopProducing(): normalizer produced 1912 samples
2026-09-01 17:31:26,897 INFO o.a.j.r.p.CsvFileSampleSource: produce(): 1912 samples produced in 78ms on channel 0
2026-09-01 17:31:26,897 INFO o.a.j.r.d.ReportGenerator: Exporting data using exporter:'json' of className:'org.apache.jmeter.report.dashboard.JsonExporter'
2026-09-01 17:31:26,955 INFO o.a.j.r.d.JsonExporter: Found data for consumer statisticsSummary in context
2026-09-01 17:31:26,955 INFO o.a.j.r.d.JsonExporter: Creating statistics for overall
2026-09-01 17:31:26,955 INFO o.a.j.r.d.JsonExporter: Creating statistics for other transactions
2026-09-01 17:31:26,955 INFO o.a.j.r.d.JsonExporter: Checking output folder
2026-09-01 17:31:26,956 INFO o.a.j.r.d.JsonExporter: Writing statistics JSON to /Users/kunda/Documents/hw/hw05/reports/23127035_Load_20260831/statistics.json
2026-09-01 17:31:26,977 INFO o.a.j.r.d.ReportGenerator: Exporting data using exporter:'html' of className:'org.apache.jmeter.report.dashboard.HtmlTemplateExporter'
2026-09-01 17:31:26,978 INFO o.a.j.r.d.HtmlTemplateExporter: Will generate dashboard in folder: /Users/kunda/Documents/hw/hw05/reports/23127035_Load_20260831
2026-09-01 17:31:27,025 INFO o.a.j.r.d.HtmlTemplateExporter: Report will be generated in: /Users/kunda/Documents/hw/hw05/reports/23127035_Load_20260831, creating folder structure
2026-09-01 17:31:27,026 INFO o.a.j.r.d.TemplateVisitor: Copying folder from '/opt/homebrew/Cellar/jmeter/5.6.3/libexec/bin/report-template' to '/Users/kunda/Documents/hw/hw05/reports/23127035_Load_20260831', got message: /Users/kunda/Documents/hw/hw05/reports/23127035_Load_20260831, found non empty folder with following content [/Users/kunda/Documents/hw/hw05/reports/23127035_Load_20260831/statistics.json], will be ignored
2026-09-01 17:31:27,146 INFO o.a.j.JMeter: Dashboard generated
