WARNING: package sun.awt.X11 not in java.desktop
WARN StatusConsoleListener The use of package scanning to locate plugins is deprecated and will be removed in a future release
WARN StatusConsoleListener The use of package scanning to locate plugins is deprecated and will be removed in a future release
WARN StatusConsoleListener The use of package scanning to locate plugins is deprecated and will be removed in a future release
WARN StatusConsoleListener The use of package scanning to locate plugins is deprecated and will be removed in a future release
Creating summariser <summary>
Created the tree successfully using /Users/kunda/Documents/hw/hw05/test-plans/23127035_Soak_20260831.jmx
Starting standalone test @ 2026 Aug 31 17:44:51 ICT (1788173091596)
Waiting for possible Shutdown/StopTestNow/HeapDump/ThreadDump message on port 4445
summary +     99 in 00:00:08 =   12.0/s Avg:     4 Min:     1 Max:    20 Err:     0 (0.00%) Active: 9 Started: 9 Finished: 0
summary +   1893 in 00:00:30 =   63.1/s Avg:     2 Min:     0 Max:    27 Err:     0 (0.00%) Active: 30 Started: 30 Finished: 0
summary =   1992 in 00:00:38 =   52.1/s Avg:     2 Min:     0 Max:    27 Err:     0 (0.00%)
summary +   2527 in 00:00:30 =   84.2/s Avg:     2 Min:     0 Max:    20 Err:     0 (0.00%) Active: 30 Started: 30 Finished: 0
summary =   4519 in 00:01:08 =   66.2/s Avg:     2 Min:     0 Max:    27 Err:     0 (0.00%)
summary +   2542 in 00:00:30 =   84.7/s Avg:     2 Min:     0 Max:    55 Err:     0 (0.00%) Active: 30 Started: 30 Finished: 0
summary =   7061 in 00:01:38 =   71.8/s Avg:     2 Min:     0 Max:    55 Err:     0 (0.00%)
summary +   2497 in 00:00:30 =   83.3/s Avg:     4 Min:     0 Max:   394 Err:     0 (0.00%) Active: 30 Started: 30 Finished: 0
summary =   9558 in 00:02:08 =   74.5/s Avg:     3 Min:     0 Max:   394 Err:     0 (0.00%)
summary +   2512 in 00:00:30 =   83.7/s Avg:     2 Min:     0 Max:    34 Err:     0 (0.00%) Active: 30 Started: 30 Finished: 0
summary =  12070 in 00:02:38 =   76.3/s Avg:     2 Min:     0 Max:   394 Err:     0 (0.00%)
summary +   2528 in 00:00:30 =   84.3/s Avg:     2 Min:     0 Max:    13 Err:     0 (0.00%) Active: 30 Started: 30 Finished: 0
summary =  14598 in 00:03:08 =   77.5/s Avg:     2 Min:     0 Max:   394 Err:     0 (0.00%)
summary +   2517 in 00:00:30 =   83.9/s Avg:     2 Min:     0 Max:    25 Err:     0 (0.00%) Active: 30 Started: 30 Finished: 0
summary =  17115 in 00:03:38 =   78.4/s Avg:     2 Min:     0 Max:   394 Err:     0 (0.00%)
summary +   2542 in 00:00:30 =   84.7/s Avg:     2 Min:     0 Max:    28 Err:     0 (0.00%) Active: 30 Started: 30 Finished: 0
summary =  19657 in 00:04:08 =   79.2/s Avg:     2 Min:     0 Max:   394 Err:     0 (0.00%)
summary +   2528 in 00:00:30 =   84.3/s Avg:     2 Min:     0 Max:    11 Err:     0 (0.00%) Active: 30 Started: 30 Finished: 0
summary =  22185 in 00:04:38 =   79.7/s Avg:     2 Min:     0 Max:   394 Err:     0 (0.00%)
summary +   2515 in 00:00:30 =   83.8/s Avg:     2 Min:     0 Max:    57 Err:     0 (0.00%) Active: 30 Started: 30 Finished: 0
summary =  24700 in 00:05:08 =   80.1/s Avg:     2 Min:     0 Max:   394 Err:     0 (0.00%)
summary +   2527 in 00:00:30 =   84.2/s Avg:     2 Min:     0 Max:    51 Err:     0 (0.00%) Active: 30 Started: 30 Finished: 0
summary =  27227 in 00:05:38 =   80.5/s Avg:     2 Min:     0 Max:   394 Err:     0 (0.00%)
summary +   2519 in 00:00:30 =   83.9/s Avg:     2 Min:     0 Max:    34 Err:     0 (0.00%) Active: 30 Started: 30 Finished: 0
summary =  29746 in 00:06:08 =   80.8/s Avg:     2 Min:     0 Max:   394 Err:     0 (0.00%)
summary +   2543 in 00:00:30 =   84.8/s Avg:     2 Min:     0 Max:    44 Err:     0 (0.00%) Active: 30 Started: 30 Finished: 0
summary =  32289 in 00:06:38 =   81.1/s Avg:     2 Min:     0 Max:   394 Err:     0 (0.00%)
summary +   2519 in 00:00:30 =   84.0/s Avg:     2 Min:     0 Max:    66 Err:     0 (0.00%) Active: 30 Started: 30 Finished: 0
summary =  34808 in 00:07:08 =   81.3/s Avg:     2 Min:     0 Max:   394 Err:     0 (0.00%)
summary +   2504 in 00:00:30 =   83.5/s Avg:     2 Min:     0 Max:    41 Err:     0 (0.00%) Active: 30 Started: 30 Finished: 0
summary =  37312 in 00:07:38 =   81.4/s Avg:     2 Min:     0 Max:   394 Err:     0 (0.00%)
summary +   2525 in 00:00:30 =   84.2/s Avg:     2 Min:     0 Max:    16 Err:     0 (0.00%) Active: 30 Started: 30 Finished: 0
summary =  39837 in 00:08:08 =   81.6/s Avg:     2 Min:     0 Max:   394 Err:     0 (0.00%)
summary +   2525 in 00:00:30 =   84.2/s Avg:     2 Min:     0 Max:    32 Err:     0 (0.00%) Active: 30 Started: 30 Finished: 0
summary =  42362 in 00:08:38 =   81.7/s Avg:     2 Min:     0 Max:   394 Err:     0 (0.00%)
summary +   2519 in 00:00:30 =   84.0/s Avg:     2 Min:     0 Max:    23 Err:     0 (0.00%) Active: 30 Started: 30 Finished: 0
summary =  44881 in 00:09:08 =   81.9/s Avg:     2 Min:     0 Max:   394 Err:     0 (0.00%)
summary +   2538 in 00:00:30 =   84.6/s Avg:     2 Min:     0 Max:    23 Err:     0 (0.00%) Active: 30 Started: 30 Finished: 0
summary =  47419 in 00:09:38 =   82.0/s Avg:     2 Min:     0 Max:   394 Err:     0 (0.00%)
summary +   1821 in 00:00:22 =   83.7/s Avg:     2 Min:     0 Max:    16 Err:     0 (0.00%) Active: 0 Started: 30 Finished: 30
summary =  49240 in 00:10:00 =   82.1/s Avg:     2 Min:     0 Max:   394 Err:     0 (0.00%)
Tidying up ...    @ 2026 Aug 31 17:54:51 ICT (1788173691775)
... end of run
